Archive member included to satisfy reference by file (symbol)

c:/ac6/systemworkbench/plugins/fr.ac6.mcu.externaltools.arm-none.win32_1.17.0.201812190825/tools/compiler/bin/../lib/gcc/arm-none-eabi/7.3.1/../../../../arm-none-eabi/lib/thumb/v7e-m/fpv4-sp/hard\libc.a(lib_a-errno.o)
                              src/syscalls.o (__errno)
c:/ac6/systemworkbench/plugins/fr.ac6.mcu.externaltools.arm-none.win32_1.17.0.201812190825/tools/compiler/bin/../lib/gcc/arm-none-eabi/7.3.1/../../../../arm-none-eabi/lib/thumb/v7e-m/fpv4-sp/hard\libc.a(lib_a-exit.o)
                              c:/ac6/systemworkbench/plugins/fr.ac6.mcu.externaltools.arm-none.win32_1.17.0.201812190825/tools/compiler/bin/../lib/gcc/arm-none-eabi/7.3.1/../../../../arm-none-eabi/lib/thumb/v7e-m/fpv4-sp/hard/crt0.o (exit)
c:/ac6/systemworkbench/plugins/fr.ac6.mcu.externaltools.arm-none.win32_1.17.0.201812190825/tools/compiler/bin/../lib/gcc/arm-none-eabi/7.3.1/../../../../arm-none-eabi/lib/thumb/v7e-m/fpv4-sp/hard\libc.a(lib_a-impure.o)
                              c:/ac6/systemworkbench/plugins/fr.ac6.mcu.externaltools.arm-none.win32_1.17.0.201812190825/tools/compiler/bin/../lib/gcc/arm-none-eabi/7.3.1/../../../../arm-none-eabi/lib/thumb/v7e-m/fpv4-sp/hard\libc.a(lib_a-exit.o) (_global_impure_ptr)
c:/ac6/systemworkbench/plugins/fr.ac6.mcu.externaltools.arm-none.win32_1.17.0.201812190825/tools/compiler/bin/../lib/gcc/arm-none-eabi/7.3.1/../../../../arm-none-eabi/lib/thumb/v7e-m/fpv4-sp/hard\libc.a(lib_a-init.o)
                              c:/ac6/systemworkbench/plugins/fr.ac6.mcu.externaltools.arm-none.win32_1.17.0.201812190825/tools/compiler/bin/../lib/gcc/arm-none-eabi/7.3.1/../../../../arm-none-eabi/lib/thumb/v7e-m/fpv4-sp/hard/crt0.o (__libc_init_array)
c:/ac6/systemworkbench/plugins/fr.ac6.mcu.externaltools.arm-none.win32_1.17.0.201812190825/tools/compiler/bin/../lib/gcc/arm-none-eabi/7.3.1/../../../../arm-none-eabi/lib/thumb/v7e-m/fpv4-sp/hard\libc.a(lib_a-memcmp.o)
                              Third-Party/SEGGER/OS/SEGGER_SYSVIEW_FreeRTOS.o (memcmp)
c:/ac6/systemworkbench/plugins/fr.ac6.mcu.externaltools.arm-none.win32_1.17.0.201812190825/tools/compiler/bin/../lib/gcc/arm-none-eabi/7.3.1/../../../../arm-none-eabi/lib/thumb/v7e-m/fpv4-sp/hard\libc.a(lib_a-memcpy.o)
                              Third-Party/FreeRTOS/org/Source/queue.o (memcpy)
c:/ac6/systemworkbench/plugins/fr.ac6.mcu.externaltools.arm-none.win32_1.17.0.201812190825/tools/compiler/bin/../lib/gcc/arm-none-eabi/7.3.1/../../../../arm-none-eabi/lib/thumb/v7e-m/fpv4-sp/hard\libc.a(lib_a-memset.o)
                              c:/ac6/systemworkbench/plugins/fr.ac6.mcu.externaltools.arm-none.win32_1.17.0.201812190825/tools/compiler/bin/../lib/gcc/arm-none-eabi/7.3.1/../../../../arm-none-eabi/lib/thumb/v7e-m/fpv4-sp/hard/crt0.o (memset)
c:/ac6/systemworkbench/plugins/fr.ac6.mcu.externaltools.arm-none.win32_1.17.0.201812190825/tools/compiler/bin/../lib/gcc/arm-none-eabi/7.3.1/../../../../arm-none-eabi/lib/thumb/v7e-m/fpv4-sp/hard\libc.a(lib_a-sprintf.o)
                              src/main.o (sprintf)
c:/ac6/systemworkbench/plugins/fr.ac6.mcu.externaltools.arm-none.win32_1.17.0.201812190825/tools/compiler/bin/../lib/gcc/arm-none-eabi/7.3.1/../../../../arm-none-eabi/lib/thumb/v7e-m/fpv4-sp/hard\libc.a(lib_a-strlen.o)
                              Third-Party/SEGGER/SEGGER/SEGGER_RTT.o (strlen)
c:/ac6/systemworkbench/plugins/fr.ac6.mcu.externaltools.arm-none.win32_1.17.0.201812190825/tools/compiler/bin/../lib/gcc/arm-none-eabi/7.3.1/../../../../arm-none-eabi/lib/thumb/v7e-m/fpv4-sp/hard\libc.a(lib_a-svfprintf.o)
                              c:/ac6/systemworkbench/plugins/fr.ac6.mcu.externaltools.arm-none.win32_1.17.0.201812190825/tools/compiler/bin/../lib/gcc/arm-none-eabi/7.3.1/../../../../arm-none-eabi/lib/thumb/v7e-m/fpv4-sp/hard\libc.a(lib_a-sprintf.o) (_svfprintf_r)
c:/ac6/systemworkbench/plugins/fr.ac6.mcu.externaltools.arm-none.win32_1.17.0.201812190825/tools/compiler/bin/../lib/gcc/arm-none-eabi/7.3.1/../../../../arm-none-eabi/lib/thumb/v7e-m/fpv4-sp/hard\libc.a(lib_a-__call_atexit.o)
                              c:/ac6/systemworkbench/plugins/fr.ac6.mcu.externaltools.arm-none.win32_1.17.0.201812190825/tools/compiler/bin/../lib/gcc/arm-none-eabi/7.3.1/../../../../arm-none-eabi/lib/thumb/v7e-m/fpv4-sp/hard\libc.a(lib_a-exit.o) (__call_exitprocs)
c:/ac6/systemworkbench/plugins/fr.ac6.mcu.externaltools.arm-none.win32_1.17.0.201812190825/tools/compiler/bin/../lib/gcc/arm-none-eabi/7.3.1/../../../../arm-none-eabi/lib/thumb/v7e-m/fpv4-sp/hard\libc.a(lib_a-atexit.o)
                              c:/ac6/systemworkbench/plugins/fr.ac6.mcu.externaltools.arm-none.win32_1.17.0.201812190825/tools/compiler/bin/../lib/gcc/arm-none-eabi/7.3.1/../../../../arm-none-eabi/lib/thumb/v7e-m/fpv4-sp/hard\libc.a(lib_a-__call_atexit.o) (atexit)
[...]
Memory Configuration

Name             Origin             Length             Attributes
RAM              0x20000000         0x00020000         xrw
ROM              0x08000000         0x00080000         xr
*default*        0x00000000         0xffffffff

Linker script and memory map

LOAD c:/ac6/systemworkbench/plugins/fr.ac6.mcu.externaltools.arm-none.win32_1.17.0.201812190825/tools/compiler/bin/../lib/gcc/arm-none-eabi/7.3.1/thumb/v7e-m/fpv4-sp/hard/crti.o
LOAD c:/ac6/systemworkbench/plugins/fr.ac6.mcu.externaltools.arm-none.win32_1.17.0.201812190825/tools/compiler/bin/../lib/gcc/arm-none-eabi/7.3.1/thumb/v7e-m/fpv4-sp/hard/crtbegin.o
LOAD c:/ac6/systemworkbench/plugins/fr.ac6.mcu.externaltools.arm-none.win32_1.17.0.201812190825/tools/compiler/bin/../lib/gcc/arm-none-eabi/7.3.1/../../../../arm-none-eabi/lib/thumb/v7e-m/fpv4-sp/hard/crt0.o
LOAD StdPeriph_Driver/src/misc.o
LOAD StdPeriph_Driver/src/stm32f4xx_adc.o
LOAD StdPeriph_Driver/src/stm32f4xx_can.o
LOAD StdPeriph_Driver/src/stm32f4xx_cec.o
LOAD StdPeriph_Driver/src/stm32f4xx_crc.o
LOAD StdPeriph_Driver/src/stm32f4xx_cryp.o
LOAD StdPeriph_Driver/src/stm32f4xx_cryp_aes.o
LOAD StdPeriph_Driver/src/stm32f4xx_cryp_des.o
LOAD StdPeriph_Driver/src/stm32f4xx_cryp_tdes.o
LOAD StdPeriph_Driver/src/stm32f4xx_dac.o
LOAD StdPeriph_Driver/src/stm32f4xx_dbgmcu.o
LOAD StdPeriph_Driver/src/stm32f4xx_dcmi.o
LOAD StdPeriph_Driver/src/stm32f4xx_dfsdm.o
LOAD StdPeriph_Driver/src/stm32f4xx_dma.o
LOAD StdPeriph_Driver/src/stm32f4xx_dma2d.o
LOAD StdPeriph_Driver/src/stm32f4xx_dsi.o
LOAD StdPeriph_Driver/src/stm32f4xx_exti.o
LOAD StdPeriph_Driver/src/stm32f4xx_flash.o
LOAD StdPeriph_Driver/src/stm32f4xx_flash_ramfunc.o
LOAD StdPeriph_Driver/src/stm32f4xx_fmc.o
LOAD StdPeriph_Driver/src/stm32f4xx_fmip2c.o
LOAD StdPeriph_Driver/src/stm32f4xx_fsmc.o
LOAD StdPeriph_Driver/src/stm32f4xx_gpio.o
LOAD StdPeriph_Driver/src/stm32f4xx_hash.o
LOAD StdPeriph_Driver/src/stm32f4xx_hash_md5.o
LOAD StdPeriph_Driver/src/stm32f4xx_hash_sha1.o
LOAD StdPeriph_Driver/src/stm32f4xx_i2c.o
LOAD StdPeriph_Driver/src/stm32f4xx_iwdg.o
LOAD StdPeriph_Driver/src/stm32f4xx_lptim.o
LOAD StdPeriph_Driver/src/stm32f4xx_ltdc.o
LOAD StdPeriph_Driver/src/stm32f4xx_pwr.o
LOAD StdPeriph_Driver/src/stm32f4xx_qspi.o
LOAD StdPeriph_Driver/src/stm32f4xx_rcc.o
LOAD StdPeriph_Driver/src/stm32f4xx_rng.o
LOAD StdPeriph_Driver/src/stm32f4xx_rtc.o
LOAD StdPeriph_Driver/src/stm32f4xx_sai.o
LOAD StdPeriph_Driver/src/stm32f4xx_sdio.o
LOAD StdPeriph_Driver/src/stm32f4xx_spdifrx.o
LOAD StdPeriph_Driver/src/stm32f4xx_spi.o
LOAD StdPeriph_Driver/src/stm32f4xx_syscfg.o
LOAD StdPeriph_Driver/src/stm32f4xx_tim.o
LOAD StdPeriph_Driver/src/stm32f4xx_usart.o
LOAD StdPeriph_Driver/src/stm32f4xx_wwdg.o
LOAD Third-Party/FreeRTOS/org/Source/croutine.o
LOAD Third-Party/FreeRTOS/org/Source/event_groups.o
LOAD Third-Party/FreeRTOS/org/Source/list.o
LOAD Third-Party/FreeRTOS/org/Source/queue.o
LOAD Third-Party/FreeRTOS/org/Source/stream_buffer.o
LOAD Third-Party/FreeRTOS/org/Source/tasks.o
LOAD Third-Party/FreeRTOS/org/Source/timers.o
LOAD Third-Party/FreeRTOS/org/Source/portable/GCC/ARM_CM4F/port.o
LOAD Third-Party/FreeRTOS/org/Source/portable/MemMang/heap_4.o
LOAD Third-Party/SEGGER/Config/SEGGER_SYSVIEW_Config_FreeRTOS.o
LOAD Third-Party/SEGGER/OS/SEGGER_SYSVIEW_FreeRTOS.o
LOAD Third-Party/SEGGER/SEGGER/SEGGER_RTT.o
LOAD Third-Party/SEGGER/SEGGER/SEGGER_SYSVIEW.o
LOAD src/main.o
LOAD src/syscalls.o
LOAD src/system_stm32f4xx.o
LOAD startup/startup_stm32.o
LOAD c:/ac6/systemworkbench/plugins/fr.ac6.mcu.externaltools.arm-none.win32_1.17.0.201812190825/tools/compiler/bin/../lib/gcc/arm-none-eabi/7.3.1/../../../../arm-none-eabi/lib/thumb/v7e-m/fpv4-sp/hard\libm.a
START GROUP
LOAD c:/ac6/systemworkbench/plugins/fr.ac6.mcu.externaltools.arm-none.win32_1.17.0.201812190825/tools/compiler/bin/../lib/gcc/arm-none-eabi/7.3.1/thumb/v7e-m/fpv4-sp/hard\libgcc.a
LOAD c:/ac6/systemworkbench/plugins/fr.ac6.mcu.externaltools.arm-none.win32_1.17.0.201812190825/tools/compiler/bin/../lib/gcc/arm-none-eabi/7.3.1/../../../../arm-none-eabi/lib/thumb/v7e-m/fpv4-sp/hard\libc.a
END GROUP
LOAD c:/ac6/systemworkbench/plugins/fr.ac6.mcu.externaltools.arm-none.win32_1.17.0.201812190825/tools/compiler/bin/../lib/gcc/arm-none-eabi/7.3.1/thumb/v7e-m/fpv4-sp/hard/crtend.o
LOAD c:/ac6/systemworkbench/plugins/fr.ac6.mcu.externaltools.arm-none.win32_1.17.0.201812190825/tools/compiler/bin/../lib/gcc/arm-none-eabi/7.3.1/thumb/v7e-m/fpv4-sp/hard/crtn.o
                0x20020000                _estack = 0x20020000
                0x00000000                _Min_Heap_Size = 0x0
                0x00000400                _Min_Stack_Size = 0x400

.isr_vector     0x08000000      0x1c4
                0x08000000                . = ALIGN (0x4)
 *(.isr_vector)
 .isr_vector    0x08000000      0x1c4 startup/startup_stm32.o
                0x08000000                g_pfnVectors
                0x080001c4                . = ALIGN (0x4)

.text           0x08000200     0xa544
                0x08000200                . = ALIGN (0x4)
 *(.text)
 .text          0x08000200       0x40 c:/ac6/systemworkbench/plugins/fr.ac6.mcu.externaltools.arm-none.win32_1.17.0.201812190825/tools/compiler/bin/../lib/gcc/arm-none-eabi/7.3.1/thumb/v7e-m/fpv4-sp/hard/crtbegin.o
 .text          0x08000240      0x134 c:/ac6/systemworkbench/plugins/fr.ac6.mcu.externaltools.arm-none.win32_1.17.0.201812190825/tools/compiler/bin/../lib/gcc/arm-none-eabi/7.3.1/../../../../arm-none-eabi/lib/thumb/v7e-m/fpv4-sp/hard\libc.a(lib_a-memcpy.o)
                0x08000240                memcpy
 *fill*         0x08000374        0xc 
 .text          0x08000380       0xdc c:/ac6/systemworkbench/plugins/fr.ac6.mcu.externaltools.arm-none.win32_1.17.0.201812190825/tools/compiler/bin/../lib/gcc/arm-none-eabi/7.3.1/../../../../arm-none-eabi/lib/thumb/v7e-m/fpv4-sp/hard\libc.a(lib_a-strlen.o)
                0x08000380                strlen
 *fill*         0x0800045c        0x4 
 .text          0x08000460       0xa0 c:/ac6/systemworkbench/plugins/fr.ac6.mcu.externaltools.arm-none.win32_1.17.0.201812190825/tools/compiler/bin/../lib/gcc/arm-none-eabi/7.3.1/../../../../arm-none-eabi/lib/thumb/v7e-m/fpv4-sp/hard\libc.a(lib_a-memchr.o)
                0x08000460                memchr
 .text          0x08000500      0x378 c:/ac6/systemworkbench/plugins/fr.ac6.mcu.externaltools.arm-none.win32_1.17.0.201812190825/tools/compiler/bin/../lib/gcc/arm-none-eabi/7.3.1/thumb/v7e-m/fpv4-sp/hard\libgcc.a(_arm_addsubdf3.o)
                0x08000500                __aeabi_drsub
                0x08000508                __aeabi_dsub
                0x08000508                __subdf3
                0x0800050c                __aeabi_dadd
                0x0800050c                __adddf3
                0x08000784                __floatunsidf
                0x08000784                __aeabi_ui2d
                0x080007a4                __floatsidf
                0x080007a4                __aeabi_i2d
                0x080007c8                __aeabi_f2d
                0x080007c8                __extendsfdf2
                0x0800080c                __floatundidf
                0x0800080c                __aeabi_ul2d
                0x0800081c                __floatdidf
                0x0800081c                __aeabi_l2d
 .text          0x08000878      0x424 c:/ac6/systemworkbench/plugins/fr.ac6.mcu.externaltools.arm-none.win32_1.17.0.201812190825/tools/compiler/bin/../lib/gcc/arm-none-eabi/7.3.1/thumb/v7e-m/fpv4-sp/hard\libgcc.a(_arm_muldivdf3.o)
                0x08000878                __aeabi_dmul
                0x08000878                __muldf3
                0x08000acc                __divdf3
                0x08000acc                __aeabi_ddiv
 .text          0x08000c9c      0x110 c:/ac6/systemworkbench/plugins/fr.ac6.mcu.externaltools.arm-none.win32_1.17.0.201812190825/tools/compiler/bin/../lib/gcc/arm-none-eabi/7.3.1/thumb/v7e-m/fpv4-sp/hard\libgcc.a(_arm_cmpdf2.o)
                0x08000c9c                __gtdf2
                0x08000c9c                __gedf2
                0x08000ca4                __ltdf2
                0x08000ca4                __ledf2
                0x08000cac                __nedf2
                0x08000cac                __eqdf2
                0x08000cac                __cmpdf2
                0x08000d28                __aeabi_cdrcmple
                0x08000d38                __aeabi_cdcmpeq
                0x08000d38                __aeabi_cdcmple
                0x08000d48                __aeabi_dcmpeq
                0x08000d5c                __aeabi_dcmplt
                0x08000d70                __aeabi_dcmple
                0x08000d84                __aeabi_dcmpge
                0x08000d98                __aeabi_dcmpgt
 .text          0x08000dac       0x2c c:/ac6/systemworkbench/plugins/fr.ac6.mcu.externaltools.arm-none.win32_1.17.0.201812190825/tools/compiler/bin/../lib/gcc/arm-none-eabi/7.3.1/thumb/v7e-m/fpv4-sp/hard\libgcc.a(_arm_unorddf2.o)
                0x08000dac                __unorddf2
                0x08000dac                __aeabi_dcmpun
 .text          0x08000dd8       0x50 c:/ac6/systemworkbench/plugins/fr.ac6.mcu.externaltools.arm-none.win32_1.17.0.201812190825/tools/compiler/bin/../lib/gcc/arm-none-eabi/7.3.1/thumb/v7e-m/fpv4-sp/hard\libgcc.a(_arm_fixdfsi.o)
                0x08000dd8                __aeabi_d2iz
                0x08000dd8                __fixdfsi
 .text          0x08000e28       0x30 c:/ac6/systemworkbench/plugins/fr.ac6.mcu.externaltools.arm-none.win32_1.17.0.201812190825/tools/compiler/bin/../lib/gcc/arm-none-eabi/7.3.1/thumb/v7e-m/fpv4-sp/hard\libgcc.a(_aeabi_uldivmod.o)
                0x08000e28                __aeabi_uldivmod
 .text          0x08000e58      0x2cc c:/ac6/systemworkbench/plugins/fr.ac6.mcu.externaltools.arm-none.win32_1.17.0.201812190825/tools/compiler/bin/../lib/gcc/arm-none-eabi/7.3.1/thumb/v7e-m/fpv4-sp/hard\libgcc.a(_udivmoddi4.o)
                0x08000e58                __udivmoddi4
 .text          0x08001124        0x4 c:/ac6/systemworkbench/plugins/fr.ac6.mcu.externaltools.arm-none.win32_1.17.0.201812190825/tools/compiler/bin/../lib/gcc/arm-none-eabi/7.3.1/thumb/v7e-m/fpv4-sp/hard\libgcc.a(_dvmd_tls.o)
                0x08001124                __aeabi_idiv0
                0x08001124                __aeabi_ldiv0
 *(.text*)
 .text.EXTI_Init
                0x08001128       0xe4 StdPeriph_Driver/src/stm32f4xx_exti.o
                0x08001128                EXTI_Init
 .text.EXTI_ClearITPendingBit
                0x0800120c       0x20 StdPeriph_Driver/src/stm32f4xx_exti.o
                0x0800120c                EXTI_ClearITPendingBit
 .text.GPIO_Init
                0x0800122c      0x11c StdPeriph_Driver/src/stm32f4xx_gpio.o
                0x0800122c                GPIO_Init
 .text.GPIO_ToggleBits
                0x08001348       0x24 StdPeriph_Driver/src/stm32f4xx_gpio.o
                0x08001348                GPIO_ToggleBits
 .text.GPIO_PinAFConfig
                0x0800136c       0x92 StdPeriph_Driver/src/stm32f4xx_gpio.o
                0x0800136c                GPIO_PinAFConfig
 *fill*         0x080013fe        0x2 
 .text.RCC_DeInit
                0x08001400       0x70 StdPeriph_Driver/src/stm32f4xx_rcc.o
                0x08001400                RCC_DeInit
 .text.RCC_GetClocksFreq
                0x08001470      0x1f4 StdPeriph_Driver/src/stm32f4xx_rcc.o
                0x08001470                RCC_GetClocksFreq
 .text.RCC_AHB1PeriphClockCmd
                0x08001664       0x40 StdPeriph_Driver/src/stm32f4xx_rcc.o
                0x08001664                RCC_AHB1PeriphClockCmd
 .text.RCC_APB1PeriphClockCmd
                0x080016a4       0x40 StdPeriph_Driver/src/stm32f4xx_rcc.o
                0x080016a4                RCC_APB1PeriphClockCmd
 .text.SYSCFG_EXTILineConfig
                0x080016e4       0x84 StdPeriph_Driver/src/stm32f4xx_syscfg.o
                0x080016e4                SYSCFG_EXTILineConfig
 .text.USART_Init
                0x08001768      0x174 StdPeriph_Driver/src/stm32f4xx_usart.o
                0x08001768                USART_Init
 .text.USART_Cmd
                0x080018dc       0x40 StdPeriph_Driver/src/stm32f4xx_usart.o
                0x080018dc                USART_Cmd
 .text.USART_SendData
                0x0800191c       0x24 StdPeriph_Driver/src/stm32f4xx_usart.o
                0x0800191c                USART_SendData
 .text.USART_GetFlagStatus
                0x08001940       0x38 StdPeriph_Driver/src/stm32f4xx_usart.o
                0x08001940                USART_GetFlagStatus
 .text.vListInitialise
                0x08001978       0x40 Third-Party/FreeRTOS/org/Source/list.o
                0x08001978                vListInitialise
 .text.vListInitialiseItem
                0x080019b8       0x1a Third-Party/FreeRTOS/org/Source/list.o
                0x080019b8                vListInitialiseItem
 .text.vListInsertEnd
                0x080019d2       0x48 Third-Party/FreeRTOS/org/Source/list.o
                0x080019d2                vListInsertEnd
 .text.vListInsert
                0x08001a1a       0x72 Third-Party/FreeRTOS/org/Source/list.o
                0x08001a1a                vListInsert
 .text.uxListRemove
                0x08001a8c       0x54 Third-Party/FreeRTOS/org/Source/list.o
                0x08001a8c                uxListRemove
 .text.xQueueGenericReset
                0x08001ae0       0xd0 Third-Party/FreeRTOS/org/Source/queue.o
                0x08001ae0                xQueueGenericReset
 .text.xQueueGenericCreate
                0x08001bb0       0x76 Third-Party/FreeRTOS/org/Source/queue.o
                0x08001bb0                xQueueGenericCreate
 .text.prvInitialiseNewQueue
                0x08001c26       0x52 Third-Party/FreeRTOS/org/Source/queue.o
 .text.xQueueGenericSend
                0x08001c78      0x244 Third-Party/FreeRTOS/org/Source/queue.o
                0x08001c78                xQueueGenericSend
 .text.xQueueGenericSendFromISR
                0x08001ebc      0x150 Third-Party/FreeRTOS/org/Source/queue.o
                0x08001ebc                xQueueGenericSendFromISR
 .text.xQueueReceive
                0x0800200c      0x228 Third-Party/FreeRTOS/org/Source/queue.o
                0x0800200c                xQueueReceive
 .text.prvCopyDataToQueue
                0x08002234       0xd4 Third-Party/FreeRTOS/org/Source/queue.o
 .text.prvCopyDataFromQueue
                0x08002308       0x4c Third-Party/FreeRTOS/org/Source/queue.o
 .text.prvUnlockQueue
                0x08002354       0xa4 Third-Party/FreeRTOS/org/Source/queue.o
 .text.prvIsQueueEmpty
                0x080023f8       0x2c Third-Party/FreeRTOS/org/Source/queue.o
 .text.prvIsQueueFull
                0x08002424       0x30 Third-Party/FreeRTOS/org/Source/queue.o
 .text.vQueueAddToRegistry
                0x08002454       0x60 Third-Party/FreeRTOS/org/Source/queue.o
                0x08002454                vQueueAddToRegistry
 .text.vQueueWaitForMessageRestricted
                0x080024b4       0x68 Third-Party/FreeRTOS/org/Source/queue.o
                0x080024b4                vQueueWaitForMessageRestricted
 .text.xTaskCreate
                0x0800251c       0x82 Third-Party/FreeRTOS/org/Source/tasks.o
                0x0800251c                xTaskCreate
 .text.prvInitialiseNewTask
                0x0800259e      0x11c Third-Party/FreeRTOS/org/Source/tasks.o
 *fill*         0x080026ba        0x2 
 .text.prvAddNewTaskToReadyList
                0x080026bc      0x118 Third-Party/FreeRTOS/org/Source/tasks.o
 .text.uxTaskPriorityGet
                0x080027d4       0x34 Third-Party/FreeRTOS/org/Source/tasks.o
                0x080027d4                uxTaskPriorityGet
 .text.vTaskPrioritySet
                0x08002808      0x180 Third-Party/FreeRTOS/org/Source/tasks.o
                0x08002808                vTaskPrioritySet
 .text.vTaskStartScheduler
                0x08002988       0xb8 Third-Party/FreeRTOS/org/Source/tasks.o
                0x08002988                vTaskStartScheduler
 .text.vTaskSuspendAll
                0x08002a40       0x1c Third-Party/FreeRTOS/org/Source/tasks.o
                0x08002a40                vTaskSuspendAll
 .text.xTaskResumeAll
                0x08002a5c      0x140 Third-Party/FreeRTOS/org/Source/tasks.o
                0x08002a5c                xTaskResumeAll
 .text.xTaskGetTickCount
                0x08002b9c       0x20 Third-Party/FreeRTOS/org/Source/tasks.o
                0x08002b9c                xTaskGetTickCount
 .text.xTaskGetTickCountFromISR
                0x08002bbc       0x24 Third-Party/FreeRTOS/org/Source/tasks.o
                0x08002bbc                xTaskGetTickCountFromISR
 .text.xTaskIncrementTick
                0x08002be0      0x178 Third-Party/FreeRTOS/org/Source/tasks.o
                0x08002be0                xTaskIncrementTick
 .text.vTaskSwitchContext
                0x08002d58       0xd0 Third-Party/FreeRTOS/org/Source/tasks.o
                0x08002d58                vTaskSwitchContext
 .text.vTaskPlaceOnEventList
                0x08002e28       0x48 Third-Party/FreeRTOS/org/Source/tasks.o
                0x08002e28                vTaskPlaceOnEventList
 .text.vTaskPlaceOnEventListRestricted
                0x08002e70       0x5c Third-Party/FreeRTOS/org/Source/tasks.o
                0x08002e70                vTaskPlaceOnEventListRestricted
 .text.xTaskRemoveFromEventList
                0x08002ecc       0xcc Third-Party/FreeRTOS/org/Source/tasks.o
                0x08002ecc                xTaskRemoveFromEventList
 .text.vTaskInternalSetTimeOutState
                0x08002f98       0x2c Third-Party/FreeRTOS/org/Source/tasks.o
                0x08002f98                vTaskInternalSetTimeOutState
 .text.xTaskCheckForTimeOut
                0x08002fc4       0xc0 Third-Party/FreeRTOS/org/Source/tasks.o
                0x08002fc4                xTaskCheckForTimeOut
 .text.vTaskMissedYield
                0x08003084       0x18 Third-Party/FreeRTOS/org/Source/tasks.o
                0x08003084                vTaskMissedYield
 .text.prvIdleTask
                0x0800309c       0x30 Third-Party/FreeRTOS/org/Source/tasks.o
 .text.prvInitialiseTaskLists
                0x080030cc       0x80 Third-Party/FreeRTOS/org/Source/tasks.o
 .text.prvCheckTasksWaitingTermination
                0x0800314c       0x58 Third-Party/FreeRTOS/org/Source/tasks.o
 .text.prvDeleteTCB
                0x080031a4       0x20 Third-Party/FreeRTOS/org/Source/tasks.o
 .text.prvResetNextTaskUnblockTime
                0x080031c4       0x40 Third-Party/FreeRTOS/org/Source/tasks.o
 .text.xTaskGetSchedulerState
                0x08003204       0x3c Third-Party/FreeRTOS/org/Source/tasks.o
                0x08003204                xTaskGetSchedulerState
 .text.xTaskPriorityDisinherit
                0x08003240      0x110 Third-Party/FreeRTOS/org/Source/tasks.o
                0x08003240                xTaskPriorityDisinherit
 .text.prvAddCurrentTaskToDelayedList
                0x08003350       0xf0 Third-Party/FreeRTOS/org/Source/tasks.o
 .text.xTimerCreateTimerTask
                0x08003440       0x64 Third-Party/FreeRTOS/org/Source/timers.o
                0x08003440                xTimerCreateTimerTask
 .text.xTimerGenericCommand
                0x080034a4       0x98 Third-Party/FreeRTOS/org/Source/timers.o
                0x080034a4                xTimerGenericCommand
 .text.prvProcessExpiredTimer
                0x0800353c       0x98 Third-Party/FreeRTOS/org/Source/timers.o
 .text.prvTimerTask
                0x080035d4       0x24 Third-Party/FreeRTOS/org/Source/timers.o
 .text.prvProcessTimerOrBlockTask
                0x080035f8       0x9c Third-Party/FreeRTOS/org/Source/timers.o
 .text.prvGetNextExpireTime
                0x08003694       0x48 Third-Party/FreeRTOS/org/Source/timers.o
 .text.prvSampleTimeNow
                0x080036dc       0x40 Third-Party/FreeRTOS/org/Source/timers.o
 .text.prvInsertTimerInActiveList
                0x0800371c       0x84 Third-Party/FreeRTOS/org/Source/timers.o
 .text.prvProcessReceivedCommands
                0x080037a0      0x188 Third-Party/FreeRTOS/org/Source/timers.o
 .text.prvSwitchTimerLists
                0x08003928       0xc8 Third-Party/FreeRTOS/org/Source/timers.o
 .text.prvCheckForValidListAndQueue
                0x080039f0       0x6c Third-Party/FreeRTOS/org/Source/timers.o
 .text.pxPortInitialiseStack
                0x08003a5c       0x68 Third-Party/FreeRTOS/org/Source/portable/GCC/ARM_CM4F/port.o
                0x08003a5c                pxPortInitialiseStack
 .text.prvTaskExitError
                0x08003ac4       0x54 Third-Party/FreeRTOS/org/Source/portable/GCC/ARM_CM4F/port.o
 *fill*         0x08003b18        0x8 
 .text.SVC_Handler
                0x08003b20       0x28 Third-Party/FreeRTOS/org/Source/portable/GCC/ARM_CM4F/port.o
                0x08003b20                SVC_Handler
 .text.prvPortStartFirstTask
                0x08003b48       0x28 Third-Party/FreeRTOS/org/Source/portable/GCC/ARM_CM4F/port.o
 .text.xPortStartScheduler
                0x08003b70      0x13c Third-Party/FreeRTOS/org/Source/portable/GCC/ARM_CM4F/port.o
                0x08003b70                xPortStartScheduler
 .text.vPortEnterCritical
                0x08003cac       0x5c Third-Party/FreeRTOS/org/Source/portable/GCC/ARM_CM4F/port.o
                0x08003cac                vPortEnterCritical
 .text.vPortExitCritical
                0x08003d08       0x50 Third-Party/FreeRTOS/org/Source/portable/GCC/ARM_CM4F/port.o
                0x08003d08                vPortExitCritical
 *fill*         0x08003d58        0x8 
 .text.PendSV_Handler
                0x08003d60       0x68 Third-Party/FreeRTOS/org/Source/portable/GCC/ARM_CM4F/port.o
                0x08003d60                PendSV_Handler
 .text.SysTick_Handler
                0x08003dc8       0x50 Third-Party/FreeRTOS/org/Source/portable/GCC/ARM_CM4F/port.o
                0x08003dc8                SysTick_Handler
 .text.vPortSetupTimerInterrupt
                0x08003e18       0x48 Third-Party/FreeRTOS/org/Source/portable/GCC/ARM_CM4F/port.o
                0x08003e18                vPortSetupTimerInterrupt
 .text.vPortEnableVFP
                0x08003e60       0x14 Third-Party/FreeRTOS/org/Source/portable/GCC/ARM_CM4F/port.o
 .text.vPortValidateInterruptPriority
                0x08003e74       0x7c Third-Party/FreeRTOS/org/Source/portable/GCC/ARM_CM4F/port.o
                0x08003e74                vPortValidateInterruptPriority
 .text.pvPortMalloc
                0x08003ef0      0x184 Third-Party/FreeRTOS/org/Source/portable/MemMang/heap_4.o
                0x08003ef0                pvPortMalloc
 .text.vPortFree
                0x08004074       0xb0 Third-Party/FreeRTOS/org/Source/portable/MemMang/heap_4.o
                0x08004074                vPortFree
 .text.prvHeapInit
                0x08004124       0xc4 Third-Party/FreeRTOS/org/Source/portable/MemMang/heap_4.o
 .text.prvInsertBlockIntoFreeList
                0x080041e8       0xb4 Third-Party/FreeRTOS/org/Source/portable/MemMang/heap_4.o
 .text._cbSendSystemDesc
                0x0800429c       0x1c Third-Party/SEGGER/Config/SEGGER_SYSVIEW_Config_FreeRTOS.o
 .text.SEGGER_SYSVIEW_Conf
                0x080042b8       0x2c Third-Party/SEGGER/Config/SEGGER_SYSVIEW_Config_FreeRTOS.o
                0x080042b8                SEGGER_SYSVIEW_Conf
 .text._cbSendTaskList
                0x080042e4       0x90 Third-Party/SEGGER/OS/SEGGER_SYSVIEW_FreeRTOS.o
 .text._cbGetTime
                0x08004374       0x76 Third-Party/SEGGER/OS/SEGGER_SYSVIEW_FreeRTOS.o
 *fill*         0x080043ea        0x2 
 .text.SYSVIEW_AddTask
                0x080043ec       0xd0 Third-Party/SEGGER/OS/SEGGER_SYSVIEW_FreeRTOS.o
                0x080043ec                SYSVIEW_AddTask
 .text.SYSVIEW_UpdateTask
                0x080044bc       0xe0 Third-Party/SEGGER/OS/SEGGER_SYSVIEW_FreeRTOS.o
                0x080044bc                SYSVIEW_UpdateTask
 .text.SYSVIEW_SendTaskInfo
                0x0800459c       0x42 Third-Party/SEGGER/OS/SEGGER_SYSVIEW_FreeRTOS.o
                0x0800459c                SYSVIEW_SendTaskInfo
 *fill*         0x080045de        0x2 
 .text._DoInit  0x080045e0       0xa4 Third-Party/SEGGER/SEGGER/SEGGER_RTT.o
 .text.SEGGER_RTT_ReadNoLock
                0x08004684      0x104 Third-Party/SEGGER/SEGGER/SEGGER_RTT.o
                0x08004684                SEGGER_RTT_ReadNoLock
 .text.SEGGER_RTT_WriteSkipNoLock
                0x08004788       0xe8 Third-Party/SEGGER/SEGGER/SEGGER_RTT.o
                0x08004788                SEGGER_RTT_WriteSkipNoLock
 .text.SEGGER_RTT_ConfigUpBuffer
                0x08004870       0xd4 Third-Party/SEGGER/SEGGER/SEGGER_RTT.o
                0x08004870                SEGGER_RTT_ConfigUpBuffer
 .text.SEGGER_RTT_ConfigDownBuffer
                0x08004944       0xd4 Third-Party/SEGGER/SEGGER/SEGGER_RTT.o
                0x08004944                SEGGER_RTT_ConfigDownBuffer
 .text._EncodeStr
                0x08004a18       0x9a Third-Party/SEGGER/SEGGER/SEGGER_SYSVIEW.o
 .text._PreparePacket
                0x08004ab2       0x18 Third-Party/SEGGER/SEGGER/SEGGER_SYSVIEW.o
 .text._HandleIncomingPacket
                0x08004aca       0xb8 Third-Party/SEGGER/SEGGER/SEGGER_SYSVIEW.o
 *fill*         0x08004b82        0x2 
 .text._TrySendOverflowPacket
                0x08004b84       0xe0 Third-Party/SEGGER/SEGGER/SEGGER_SYSVIEW.o
 .text._SendPacket
                0x08004c64      0x1a8 Third-Party/SEGGER/SEGGER/SEGGER_SYSVIEW.o
 .text.SEGGER_SYSVIEW_Init
                0x08004e0c       0x7c Third-Party/SEGGER/SEGGER/SEGGER_SYSVIEW.o
                0x08004e0c                SEGGER_SYSVIEW_Init
 .text.SEGGER_SYSVIEW_SetRAMBase
                0x08004e88       0x20 Third-Party/SEGGER/SEGGER/SEGGER_SYSVIEW.o
                0x08004e88                SEGGER_SYSVIEW_SetRAMBase
 .text.SEGGER_SYSVIEW_RecordVoid
                0x08004ea8       0x3c Third-Party/SEGGER/SEGGER/SEGGER_SYSVIEW.o
                0x08004ea8                SEGGER_SYSVIEW_RecordVoid
 .text.SEGGER_SYSVIEW_RecordU32
                0x08004ee4       0x78 Third-Party/SEGGER/SEGGER/SEGGER_SYSVIEW.o
                0x08004ee4                SEGGER_SYSVIEW_RecordU32
 .text.SEGGER_SYSVIEW_RecordU32x2
                0x08004f5c       0xb4 Third-Party/SEGGER/SEGGER/SEGGER_SYSVIEW.o
                0x08004f5c                SEGGER_SYSVIEW_RecordU32x2
 .text.SEGGER_SYSVIEW_RecordU32x3
                0x08005010       0xec Third-Party/SEGGER/SEGGER/SEGGER_SYSVIEW.o
                0x08005010                SEGGER_SYSVIEW_RecordU32x3
 .text.SEGGER_SYSVIEW_RecordU32x4
                0x080050fc      0x124 Third-Party/SEGGER/SEGGER/SEGGER_SYSVIEW.o
                0x080050fc                SEGGER_SYSVIEW_RecordU32x4
 .text.SEGGER_SYSVIEW_Start
                0x08005220      0x170 Third-Party/SEGGER/SEGGER/SEGGER_SYSVIEW.o
                0x08005220                SEGGER_SYSVIEW_Start
 .text.SEGGER_SYSVIEW_Stop
                0x08005390       0x4c Third-Party/SEGGER/SEGGER/SEGGER_SYSVIEW.o
                0x08005390                SEGGER_SYSVIEW_Stop
 .text.SEGGER_SYSVIEW_GetSysDesc
                0x080053dc      0x134 Third-Party/SEGGER/SEGGER/SEGGER_SYSVIEW.o
                0x080053dc                SEGGER_SYSVIEW_GetSysDesc
 .text.SEGGER_SYSVIEW_SendTaskInfo
                0x08005510      0x1cc Third-Party/SEGGER/SEGGER/SEGGER_SYSVIEW.o
                0x08005510                SEGGER_SYSVIEW_SendTaskInfo
 .text.SEGGER_SYSVIEW_SendTaskList
                0x080056dc       0x28 Third-Party/SEGGER/SEGGER/SEGGER_SYSVIEW.o
                0x080056dc                SEGGER_SYSVIEW_SendTaskList
 .text.SEGGER_SYSVIEW_SendSysDesc
                0x08005704       0x48 Third-Party/SEGGER/SEGGER/SEGGER_SYSVIEW.o
                0x08005704                SEGGER_SYSVIEW_SendSysDesc
 .text.SEGGER_SYSVIEW_RecordSystime
                0x0800574c       0x60 Third-Party/SEGGER/SEGGER/SEGGER_SYSVIEW.o
                0x0800574c                SEGGER_SYSVIEW_RecordSystime
 .text.SEGGER_SYSVIEW_RecordEnterISR
                0x080057ac       0x84 Third-Party/SEGGER/SEGGER/SEGGER_SYSVIEW.o
                0x080057ac                SEGGER_SYSVIEW_RecordEnterISR
 .text.SEGGER_SYSVIEW_RecordExitISR
                0x08005830       0x38 Third-Party/SEGGER/SEGGER/SEGGER_SYSVIEW.o
                0x08005830                SEGGER_SYSVIEW_RecordExitISR
 .text.SEGGER_SYSVIEW_RecordExitISRToScheduler
                0x08005868       0x38 Third-Party/SEGGER/SEGGER/SEGGER_SYSVIEW.o
                0x08005868                SEGGER_SYSVIEW_RecordExitISRToScheduler
 .text.SEGGER_SYSVIEW_OnIdle
                0x080058a0       0x38 Third-Party/SEGGER/SEGGER/SEGGER_SYSVIEW.o
                0x080058a0                SEGGER_SYSVIEW_OnIdle
 .text.SEGGER_SYSVIEW_OnTaskCreate
                0x080058d8       0x88 Third-Party/SEGGER/SEGGER/SEGGER_SYSVIEW.o
                0x080058d8                SEGGER_SYSVIEW_OnTaskCreate
 .text.SEGGER_SYSVIEW_OnTaskStartExec
                0x08005960       0x88 Third-Party/SEGGER/SEGGER/SEGGER_SYSVIEW.o
                0x08005960                SEGGER_SYSVIEW_OnTaskStartExec
 .text.SEGGER_SYSVIEW_OnTaskStartReady
                0x080059e8       0x88 Third-Party/SEGGER/SEGGER/SEGGER_SYSVIEW.o
                0x080059e8                SEGGER_SYSVIEW_OnTaskStartReady
 .text.SEGGER_SYSVIEW_OnTaskStopReady
                0x08005a70       0xc0 Third-Party/SEGGER/SEGGER/SEGGER_SYSVIEW.o
                0x08005a70                SEGGER_SYSVIEW_OnTaskStopReady
 .text.SEGGER_SYSVIEW_ShrinkId
                0x08005b30       0x24 Third-Party/SEGGER/SEGGER/SEGGER_SYSVIEW.o
                0x08005b30                SEGGER_SYSVIEW_ShrinkId
 .text.SEGGER_SYSVIEW_SendModule
                0x08005b54      0x100 Third-Party/SEGGER/SEGGER/SEGGER_SYSVIEW.o
                0x08005b54                SEGGER_SYSVIEW_SendModule
 .text.SEGGER_SYSVIEW_SendModuleDescription
                0x08005c54       0x3c Third-Party/SEGGER/SEGGER/SEGGER_SYSVIEW.o
                0x08005c54                SEGGER_SYSVIEW_SendModuleDescription
 .text.SEGGER_SYSVIEW_SendNumModules
                0x08005c90       0x7c Third-Party/SEGGER/SEGGER/SEGGER_SYSVIEW.o
                0x08005c90                SEGGER_SYSVIEW_SendNumModules
 .text.SEGGER_SYSVIEW_Warn
                0x08005d0c       0xb8 Third-Party/SEGGER/SEGGER/SEGGER_SYSVIEW.o
                0x08005d0c                SEGGER_SYSVIEW_Warn
 .text.NVIC_EnableIRQ
                0x08005dc4       0x34 src/main.o
 .text.NVIC_SetPriority
                0x08005df8       0x54 src/main.o
 .text.main     0x08005e4c       0xb8 src/main.o
                0x08005e4c                main
 .text.EXTI1_IRQHandler
                0x08005f04       0x1c src/main.o
                0x08005f04                EXTI1_IRQHandler
 .text.button_handler
                0x08005f20       0x20 src/main.o
                0x08005f20                button_handler
 .text.led_task_handler1
                0x08005f40       0xd0 src/main.o
                0x08005f40                led_task_handler1
 .text.led_task_handler2
                0x08006010       0xd4 src/main.o
                0x08006010                led_task_handler2
 .text.rtos_delay
                0x080060e4       0x28 src/main.o
                0x080060e4                rtos_delay
 .text.prvSetupHardware
                0x0800610c       0x10 src/main.o
 .text.prvSetupUART
                0x0800611c       0x9c src/main.o
 .text.prvSetupGpio
                0x080061b8       0xb8 src/main.o
                0x080061b8                prvSetupGpio
 .text.printmsg
                0x08006270       0x50 src/main.o
                0x08006270                printmsg
 .text._sbrk    0x080062c0       0x58 src/syscalls.o
                0x080062c0                _sbrk
 .text.SystemInit
                0x08006318       0x6c src/system_stm32f4xx.o
                0x08006318                SystemInit
 .text.SystemCoreClockUpdate
                0x08006384      0x19c src/system_stm32f4xx.o
                0x08006384                SystemCoreClockUpdate
 .text.SetSysClock
                0x08006520      0x12c src/system_stm32f4xx.o
 .text.Reset_Handler
                0x0800664c       0x50 startup/startup_stm32.o
                0x0800664c                Reset_Handler
 .text.Default_Handler
                0x0800669c        0x2 startup/startup_stm32.o
                0x0800669c                RTC_Alarm_IRQHandler
                0x0800669c                EXTI2_IRQHandler
                0x0800669c                TIM8_CC_IRQHandler
                0x0800669c                SPDIF_Rx_IRQHandler
                0x0800669c                DebugMon_Handler
                0x0800669c                SPI4_IRQHandler
                0x0800669c                TIM1_CC_IRQHandler
                0x0800669c                QuadSPI_IRQHandler
                0x0800669c                DMA2_Stream5_IRQHandler
                0x0800669c                HardFault_Handler
                0x0800669c                DMA1_Stream5_IRQHandler
                0x0800669c                PVD_IRQHandler
                0x0800669c                SDIO_IRQHandler
                0x0800669c                TAMP_STAMP_IRQHandler
                0x0800669c                NMI_Handler
                0x0800669c                CAN2_RX1_IRQHandler
                0x0800669c                EXTI3_IRQHandler
                0x0800669c                TIM8_TRG_COM_TIM14_IRQHandler
                0x0800669c                TIM1_UP_TIM10_IRQHandler
                0x0800669c                FMPI2C1_error_IRQHandler
                0x0800669c                TIM8_UP_TIM13_IRQHandler
                0x0800669c                I2C3_ER_IRQHandler
                0x0800669c                EXTI0_IRQHandler
                0x0800669c                I2C2_EV_IRQHandler
                0x0800669c                DMA1_Stream2_IRQHandler
                0x0800669c                CAN1_RX0_IRQHandler
                0x0800669c                FPU_IRQHandler
                0x0800669c                OTG_HS_WKUP_IRQHandler
                0x0800669c                UsageFault_Handler
                0x0800669c                CAN2_SCE_IRQHandler
                0x0800669c                DMA2_Stream2_IRQHandler
                0x0800669c                SPI1_IRQHandler
                0x0800669c                TIM6_DAC_IRQHandler
                0x0800669c                TIM1_BRK_TIM9_IRQHandler
                0x0800669c                DCMI_IRQHandler
                0x0800669c                CAN2_RX0_IRQHandler
                0x0800669c                DMA2_Stream3_IRQHandler
                0x0800669c                FMPI2C1_IRQHandler
                0x0800669c                SAI2_IRQHandler
                0x0800669c                USART6_IRQHandler
                0x0800669c                USART3_IRQHandler
                0x0800669c                CAN1_RX1_IRQHandler
                0x0800669c                UART5_IRQHandler
                0x0800669c                DMA2_Stream0_IRQHandler
                0x0800669c                TIM4_IRQHandler
                0x0800669c                I2C1_EV_IRQHandler
                0x0800669c                HDMI_CEC_IRQHandler
                0x0800669c                DMA1_Stream6_IRQHandler
                0x0800669c                DMA1_Stream1_IRQHandler
                0x0800669c                UART4_IRQHandler
                0x0800669c                TIM3_IRQHandler
                0x0800669c                RCC_IRQHandler
                0x0800669c                TIM8_BRK_TIM12_IRQHandler
                0x0800669c                Default_Handler
                0x0800669c                EXTI15_10_IRQHandler
                0x0800669c                ADC_IRQHandler
                0x0800669c                DMA1_Stream7_IRQHandler
                0x0800669c                TIM7_IRQHandler
                0x0800669c                CAN2_TX_IRQHandler
                0x0800669c                TIM5_IRQHandler
                0x0800669c                DMA2_Stream7_IRQHandler
                0x0800669c                I2C3_EV_IRQHandler
                0x0800669c                EXTI9_5_IRQHandler
                0x0800669c                RTC_WKUP_IRQHandler
                0x0800669c                SPI2_IRQHandler
                0x0800669c                OTG_HS_EP1_IN_IRQHandler
                0x0800669c                MemManage_Handler
                0x0800669c                DMA1_Stream0_IRQHandler
                0x0800669c                CAN1_TX_IRQHandler
                0x0800669c                EXTI4_IRQHandler
                0x0800669c                OTG_HS_EP1_OUT_IRQHandler
                0x0800669c                WWDG_IRQHandler
                0x0800669c                TIM2_IRQHandler
                0x0800669c                OTG_FS_WKUP_IRQHandler
                0x0800669c                TIM1_TRG_COM_TIM11_IRQHandler
                0x0800669c                OTG_HS_IRQHandler
                0x0800669c                USART2_IRQHandler
                0x0800669c                I2C2_ER_IRQHandler
                0x0800669c                DMA2_Stream1_IRQHandler
                0x0800669c                CAN1_SCE_IRQHandler
                0x0800669c                FLASH_IRQHandler
                0x0800669c                DMA2_Stream4_IRQHandler
                0x0800669c                BusFault_Handler
                0x0800669c                USART1_IRQHandler
                0x0800669c                OTG_FS_IRQHandler
                0x0800669c                SPI3_IRQHandler
                0x0800669c                DMA1_Stream4_IRQHandler
                0x0800669c                I2C1_ER_IRQHandler
                0x0800669c                FMC_IRQHandler
                0x0800669c                DMA2_Stream6_IRQHandler
                0x0800669c                SAI1_IRQHandler
                0x0800669c                DMA1_Stream3_IRQHandler
 *fill*         0x0800669e        0x2 
 .text.__errno  0x080066a0        0xc c:/ac6/systemworkbench/plugins/fr.ac6.mcu.externaltools.arm-none.win32_1.17.0.201812190825/tools/compiler/bin/../lib/gcc/arm-none-eabi/7.3.1/../../../../arm-none-eabi/lib/thumb/v7e-m/fpv4-sp/hard\libc.a(lib_a-errno.o)
                0x080066a0                __errno
 .text.__libc_init_array
                0x080066ac       0x48 c:/ac6/systemworkbench/plugins/fr.ac6.mcu.externaltools.arm-none.win32_1.17.0.201812190825/tools/compiler/bin/../lib/gcc/arm-none-eabi/7.3.1/../../../../arm-none-eabi/lib/thumb/v7e-m/fpv4-sp/hard\libc.a(lib_a-init.o)
                0x080066ac                __libc_init_array
 .text.memcmp   0x080066f4       0x64 c:/ac6/systemworkbench/plugins/fr.ac6.mcu.externaltools.arm-none.win32_1.17.0.201812190825/tools/compiler/bin/../lib/gcc/arm-none-eabi/7.3.1/../../../../arm-none-eabi/lib/thumb/v7e-m/fpv4-sp/hard\libc.a(lib_a-memcmp.o)
                0x080066f4                memcmp
 .text.memset   0x08006758       0x94 c:/ac6/systemworkbench/plugins/fr.ac6.mcu.externaltools.arm-none.win32_1.17.0.201812190825/tools/compiler/bin/../lib/gcc/arm-none-eabi/7.3.1/../../../../arm-none-eabi/lib/thumb/v7e-m/fpv4-sp/hard\libc.a(lib_a-memset.o)
                0x08006758                memset
 .text.sprintf  0x080067ec       0x44 c:/ac6/systemworkbench/plugins/fr.ac6.mcu.externaltools.arm-none.win32_1.17.0.201812190825/tools/compiler/bin/../lib/gcc/arm-none-eabi/7.3.1/../../../../arm-none-eabi/lib/thumb/v7e-m/fpv4-sp/hard\libc.a(lib_a-sprintf.o)
                0x080067ec                sprintf
 .text._svfprintf_r
                0x08006830     0x19cc c:/ac6/systemworkbench/plugins/fr.ac6.mcu.externaltools.arm-none.win32_1.17.0.201812190825/tools/compiler/bin/../lib/gcc/arm-none-eabi/7.3.1/../../../../arm-none-eabi/lib/thumb/v7e-m/fpv4-sp/hard\libc.a(lib_a-svfprintf.o)
                0x08006830                _svfprintf_r
 .text.startup.register_fini
                0x080081fc       0x14 c:/ac6/systemworkbench/plugins/fr.ac6.mcu.externaltools.arm-none.win32_1.17.0.201812190825/tools/compiler/bin/../lib/gcc/arm-none-eabi/7.3.1/../../../../arm-none-eabi/lib/thumb/v7e-m/fpv4-sp/hard\libc.a(lib_a-__call_atexit.o)
 .text.atexit   0x08008210        0xc c:/ac6/systemworkbench/plugins/fr.ac6.mcu.externaltools.arm-none.win32_1.17.0.201812190825/tools/compiler/bin/../lib/gcc/arm-none-eabi/7.3.1/../../../../arm-none-eabi/lib/thumb/v7e-m/fpv4-sp/hard\libc.a(lib_a-atexit.o)
                0x08008210                atexit
 .text.quorem   0x0800821c      0x124 c:/ac6/systemworkbench/plugins/fr.ac6.mcu.externaltools.arm-none.win32_1.17.0.201812190825/tools/compiler/bin/../lib/gcc/arm-none-eabi/7.3.1/../../../../arm-none-eabi/lib/thumb/v7e-m/fpv4-sp/hard\libc.a(lib_a-dtoa.o)
 .text._dtoa_r  0x08008340      0xe20 c:/ac6/systemworkbench/plugins/fr.ac6.mcu.externaltools.arm-none.win32_1.17.0.201812190825/tools/compiler/bin/../lib/gcc/arm-none-eabi/7.3.1/../../../../arm-none-eabi/lib/thumb/v7e-m/fpv4-sp/hard\libc.a(lib_a-dtoa.o)
                0x08008340                _dtoa_r
 .text.__libc_fini_array
                0x08009160       0x34 c:/ac6/systemworkbench/plugins/fr.ac6.mcu.externaltools.arm-none.win32_1.17.0.201812190825/tools/compiler/bin/../lib/gcc/arm-none-eabi/7.3.1/../../../../arm-none-eabi/lib/thumb/v7e-m/fpv4-sp/hard\libc.a(lib_a-fini.o)
                0x08009160                __libc_fini_array
 .text._malloc_trim_r
                0x08009194       0xa0 c:/ac6/systemworkbench/plugins/fr.ac6.mcu.externaltools.arm-none.win32_1.17.0.201812190825/tools/compiler/bin/../lib/gcc/arm-none-eabi/7.3.1/../../../../arm-none-eabi/lib/thumb/v7e-m/fpv4-sp/hard\libc.a(lib_a-freer.o)
                0x08009194                _malloc_trim_r
 .text._free_r  0x08009234      0x1e8 c:/ac6/systemworkbench/plugins/fr.ac6.mcu.externaltools.arm-none.win32_1.17.0.201812190825/tools/compiler/bin/../lib/gcc/arm-none-eabi/7.3.1/../../../../arm-none-eabi/lib/thumb/v7e-m/fpv4-sp/hard\libc.a(lib_a-freer.o)
                0x08009234                _free_r
 .text._localeconv_r
                0x0800941c       0x1c c:/ac6/systemworkbench/plugins/fr.ac6.mcu.externaltools.arm-none.win32_1.17.0.201812190825/tools/compiler/bin/../lib/gcc/arm-none-eabi/7.3.1/../../../../arm-none-eabi/lib/thumb/v7e-m/fpv4-sp/hard\libc.a(lib_a-localeconv.o)
                0x0800941c                _localeconv_r
 .text.__retarget_lock_acquire_recursive
                0x08009438        0x4 c:/ac6/systemworkbench/plugins/fr.ac6.mcu.externaltools.arm-none.win32_1.17.0.201812190825/tools/compiler/bin/../lib/gcc/arm-none-eabi/7.3.1/../../../../arm-none-eabi/lib/thumb/v7e-m/fpv4-sp/hard\libc.a(lib_a-lock.o)
                0x08009438                __retarget_lock_acquire_recursive
 .text.__retarget_lock_release_recursive
                0x0800943c        0x4 c:/ac6/systemworkbench/plugins/fr.ac6.mcu.externaltools.arm-none.win32_1.17.0.201812190825/tools/compiler/bin/../lib/gcc/arm-none-eabi/7.3.1/../../../../arm-none-eabi/lib/thumb/v7e-m/fpv4-sp/hard\libc.a(lib_a-lock.o)
                0x0800943c                __retarget_lock_release_recursive
 .text._malloc_r
                0x08009440      0x548 c:/ac6/systemworkbench/plugins/fr.ac6.mcu.externaltools.arm-none.win32_1.17.0.201812190825/tools/compiler/bin/../lib/gcc/arm-none-eabi/7.3.1/../../../../arm-none-eabi/lib/thumb/v7e-m/fpv4-sp/hard\libc.a(lib_a-mallocr.o)
                0x08009440                _malloc_r
 .text.__malloc_lock
                0x08009988        0xc c:/ac6/systemworkbench/plugins/fr.ac6.mcu.externaltools.arm-none.win32_1.17.0.201812190825/tools/compiler/bin/../lib/gcc/arm-none-eabi/7.3.1/../../../../arm-none-eabi/lib/thumb/v7e-m/fpv4-sp/hard\libc.a(lib_a-mlock.o)
                0x08009988                __malloc_lock
 .text.__malloc_unlock
                0x08009994        0xc c:/ac6/systemworkbench/plugins/fr.ac6.mcu.externaltools.arm-none.win32_1.17.0.201812190825/tools/compiler/bin/../lib/gcc/arm-none-eabi/7.3.1/../../../../arm-none-eabi/lib/thumb/v7e-m/fpv4-sp/hard\libc.a(lib_a-mlock.o)
                0x08009994                __malloc_unlock
 .text._Balloc  0x080099a0       0x4c c:/ac6/systemworkbench/plugins/fr.ac6.mcu.externaltools.arm-none.win32_1.17.0.201812190825/tools/compiler/bin/../lib/gcc/arm-none-eabi/7.3.1/../../../../arm-none-eabi/lib/thumb/v7e-m/fpv4-sp/hard\libc.a(lib_a-mprec.o)
                0x080099a0                _Balloc
 .text._Bfree   0x080099ec       0x14 c:/ac6/systemworkbench/plugins/fr.ac6.mcu.externaltools.arm-none.win32_1.17.0.201812190825/tools/compiler/bin/../lib/gcc/arm-none-eabi/7.3.1/../../../../arm-none-eabi/lib/thumb/v7e-m/fpv4-sp/hard\libc.a(lib_a-mprec.o)
                0x080099ec                _Bfree
 .text.__multadd
                0x08009a00       0x80 c:/ac6/systemworkbench/plugins/fr.ac6.mcu.externaltools.arm-none.win32_1.17.0.201812190825/tools/compiler/bin/../lib/gcc/arm-none-eabi/7.3.1/../../../../arm-none-eabi/lib/thumb/v7e-m/fpv4-sp/hard\libc.a(lib_a-mprec.o)
                0x08009a00                __multadd
 .text.__hi0bits
                0x08009a80       0x40 c:/ac6/systemworkbench/plugins/fr.ac6.mcu.externaltools.arm-none.win32_1.17.0.201812190825/tools/compiler/bin/../lib/gcc/arm-none-eabi/7.3.1/../../../../arm-none-eabi/lib/thumb/v7e-m/fpv4-sp/hard\libc.a(lib_a-mprec.o)
                0x08009a80                __hi0bits
 .text.__lo0bits
                0x08009ac0       0x60 c:/ac6/systemworkbench/plugins/fr.ac6.mcu.externaltools.arm-none.win32_1.17.0.201812190825/tools/compiler/bin/../lib/gcc/arm-none-eabi/7.3.1/../../../../arm-none-eabi/lib/thumb/v7e-m/fpv4-sp/hard\libc.a(lib_a-mprec.o)
                0x08009ac0                __lo0bits
 .text.__i2b    0x08009b20       0x14 c:/ac6/systemworkbench/plugins/fr.ac6.mcu.externaltools.arm-none.win32_1.17.0.201812190825/tools/compiler/bin/../lib/gcc/arm-none-eabi/7.3.1/../../../../arm-none-eabi/lib/thumb/v7e-m/fpv4-sp/hard\libc.a(lib_a-mprec.o)
                0x08009b20                __i2b
 .text.__multiply
                0x08009b34      0x14c c:/ac6/systemworkbench/plugins/fr.ac6.mcu.externaltools.arm-none.win32_1.17.0.201812190825/tools/compiler/bin/../lib/gcc/arm-none-eabi/7.3.1/../../../../arm-none-eabi/lib/thumb/v7e-m/fpv4-sp/hard\libc.a(lib_a-mprec.o)
                0x08009b34                __multiply
 .text.__pow5mult
                0x08009c80       0xa0 c:/ac6/systemworkbench/plugins/fr.ac6.mcu.externaltools.arm-none.win32_1.17.0.201812190825/tools/compiler/bin/../lib/gcc/arm-none-eabi/7.3.1/../../../../arm-none-eabi/lib/thumb/v7e-m/fpv4-sp/hard\libc.a(lib_a-mprec.o)
                0x08009c80                __pow5mult
 .text.__lshift
                0x08009d20       0xac c:/ac6/systemworkbench/plugins/fr.ac6.mcu.externaltools.arm-none.win32_1.17.0.201812190825/tools/compiler/bin/../lib/gcc/arm-none-eabi/7.3.1/../../../../arm-none-eabi/lib/thumb/v7e-m/fpv4-sp/hard\libc.a(lib_a-mprec.o)
                0x08009d20                __lshift
 .text.__mcmp   0x08009dcc       0x38 c:/ac6/systemworkbench/plugins/fr.ac6.mcu.externaltools.arm-none.win32_1.17.0.201812190825/tools/compiler/bin/../lib/gcc/arm-none-eabi/7.3.1/../../../../arm-none-eabi/lib/thumb/v7e-m/fpv4-sp/hard\libc.a(lib_a-mprec.o)
                0x08009dcc                __mcmp
 .text.__mdiff  0x08009e04       0xec c:/ac6/systemworkbench/plugins/fr.ac6.mcu.externaltools.arm-none.win32_1.17.0.201812190825/tools/compiler/bin/../lib/gcc/arm-none-eabi/7.3.1/../../../../arm-none-eabi/lib/thumb/v7e-m/fpv4-sp/hard\libc.a(lib_a-mprec.o)
                0x08009e04                __mdiff
 .text.__d2b    0x08009ef0       0xc4 c:/ac6/systemworkbench/plugins/fr.ac6.mcu.externaltools.arm-none.win32_1.17.0.201812190825/tools/compiler/bin/../lib/gcc/arm-none-eabi/7.3.1/../../../../arm-none-eabi/lib/thumb/v7e-m/fpv4-sp/hard\libc.a(lib_a-mprec.o)
                0x08009ef0                __d2b
 .text.frexp    0x08009fb4       0x68 c:/ac6/systemworkbench/plugins/fr.ac6.mcu.externaltools.arm-none.win32_1.17.0.201812190825/tools/compiler/bin/../lib/gcc/arm-none-eabi/7.3.1/../../../../arm-none-eabi/lib/thumb/v7e-m/fpv4-sp/hard\libc.a(lib_a-s_frexp.o)
                0x08009fb4                frexp
 .text._sbrk_r  0x0800a01c       0x24 c:/ac6/systemworkbench/plugins/fr.ac6.mcu.externaltools.arm-none.win32_1.17.0.201812190825/tools/compiler/bin/../lib/gcc/arm-none-eabi/7.3.1/../../../../arm-none-eabi/lib/thumb/v7e-m/fpv4-sp/hard\libc.a(lib_a-sbrkr.o)
                0x0800a01c                _sbrk_r
 .text.strncpy  0x0800a040       0x64 c:/ac6/systemworkbench/plugins/fr.ac6.mcu.externaltools.arm-none.win32_1.17.0.201812190825/tools/compiler/bin/../lib/gcc/arm-none-eabi/7.3.1/../../../../arm-none-eabi/lib/thumb/v7e-m/fpv4-sp/hard\libc.a(lib_a-strncpy.o)
                0x0800a040                strncpy
 .text.__ssprint_r
                0x0800a0a4       0xf4 c:/ac6/systemworkbench/plugins/fr.ac6.mcu.externaltools.arm-none.win32_1.17.0.201812190825/tools/compiler/bin/../lib/gcc/arm-none-eabi/7.3.1/../../../../arm-none-eabi/lib/thumb/v7e-m/fpv4-sp/hard\libc.a(lib_a-svfiprintf.o)
                0x0800a0a4                __ssprint_r
 .text.__register_exitproc
                0x0800a198       0xc0 c:/ac6/systemworkbench/plugins/fr.ac6.mcu.externaltools.arm-none.win32_1.17.0.201812190825/tools/compiler/bin/../lib/gcc/arm-none-eabi/7.3.1/../../../../arm-none-eabi/lib/thumb/v7e-m/fpv4-sp/hard\libc.a(lib_a-__atexit.o)
                0x0800a198                __register_exitproc
 .text._calloc_r
                0x0800a258       0x68 c:/ac6/systemworkbench/plugins/fr.ac6.mcu.externaltools.arm-none.win32_1.17.0.201812190825/tools/compiler/bin/../lib/gcc/arm-none-eabi/7.3.1/../../../../arm-none-eabi/lib/thumb/v7e-m/fpv4-sp/hard\libc.a(lib_a-callocr.o)
                0x0800a258                _calloc_r
 .text.__ascii_mbtowc
                0x0800a2c0       0x2c c:/ac6/systemworkbench/plugins/fr.ac6.mcu.externaltools.arm-none.win32_1.17.0.201812190825/tools/compiler/bin/../lib/gcc/arm-none-eabi/7.3.1/../../../../arm-none-eabi/lib/thumb/v7e-m/fpv4-sp/hard\libc.a(lib_a-mbtowc_r.o)
                0x0800a2c0                __ascii_mbtowc
 .text.memmove  0x0800a2ec       0xc8 c:/ac6/systemworkbench/plugins/fr.ac6.mcu.externaltools.arm-none.win32_1.17.0.201812190825/tools/compiler/bin/../lib/gcc/arm-none-eabi/7.3.1/../../../../arm-none-eabi/lib/thumb/v7e-m/fpv4-sp/hard\libc.a(lib_a-memmove.o)
                0x0800a2ec                memmove
 .text._realloc_r
                0x0800a3b4      0x35c c:/ac6/systemworkbench/plugins/fr.ac6.mcu.externaltools.arm-none.win32_1.17.0.201812190825/tools/compiler/bin/../lib/gcc/arm-none-eabi/7.3.1/../../../../arm-none-eabi/lib/thumb/v7e-m/fpv4-sp/hard\libc.a(lib_a-reallocr.o)
                0x0800a3b4                _realloc_r
 .text.__ascii_wctomb
                0x0800a710       0x1c c:/ac6/systemworkbench/plugins/fr.ac6.mcu.externaltools.arm-none.win32_1.17.0.201812190825/tools/compiler/bin/../lib/gcc/arm-none-eabi/7.3.1/../../../../arm-none-eabi/lib/thumb/v7e-m/fpv4-sp/hard\libc.a(lib_a-wctomb_r.o)
                0x0800a710                __ascii_wctomb
 *(.glue_7)
 .glue_7        0x0800a72c        0x0 linker stubs
 *(.glue_7t)
 .glue_7t       0x0800a72c        0x0 linker stubs
 *(.eh_frame)
 .eh_frame      0x0800a72c        0x0 c:/ac6/systemworkbench/plugins/fr.ac6.mcu.externaltools.arm-none.win32_1.17.0.201812190825/tools/compiler/bin/../lib/gcc/arm-none-eabi/7.3.1/thumb/v7e-m/fpv4-sp/hard/crtbegin.o
 *(.init)
 .init          0x0800a72c        0x4 c:/ac6/systemworkbench/plugins/fr.ac6.mcu.externaltools.arm-none.win32_1.17.0.201812190825/tools/compiler/bin/../lib/gcc/arm-none-eabi/7.3.1/thumb/v7e-m/fpv4-sp/hard/crti.o
                0x0800a72c                _init
 .init          0x0800a730        0x8 c:/ac6/systemworkbench/plugins/fr.ac6.mcu.externaltools.arm-none.win32_1.17.0.201812190825/tools/compiler/bin/../lib/gcc/arm-none-eabi/7.3.1/thumb/v7e-m/fpv4-sp/hard/crtn.o
 *(.fini)
 .fini          0x0800a738        0x4 c:/ac6/systemworkbench/plugins/fr.ac6.mcu.externaltools.arm-none.win32_1.17.0.201812190825/tools/compiler/bin/../lib/gcc/arm-none-eabi/7.3.1/thumb/v7e-m/fpv4-sp/hard/crti.o
                0x0800a738                _fini
 .fini          0x0800a73c        0x8 c:/ac6/systemworkbench/plugins/fr.ac6.mcu.externaltools.arm-none.win32_1.17.0.201812190825/tools/compiler/bin/../lib/gcc/arm-none-eabi/7.3.1/thumb/v7e-m/fpv4-sp/hard/crtn.o
                0x0800a744                . = ALIGN (0x4)
                0x0800a744                _etext = .

.vfp11_veneer   0x0800a744        0x0
 .vfp11_veneer  0x0800a744        0x0 linker stubs

.v4_bx          0x0800a744        0x0
 .v4_bx         0x0800a744        0x0 linker stubs

.iplt           0x0800a744        0x0
 .iplt          0x0800a744        0x0 c:/ac6/systemworkbench/plugins/fr.ac6.mcu.externaltools.arm-none.win32_1.17.0.201812190825/tools/compiler/bin/../lib/gcc/arm-none-eabi/7.3.1/thumb/v7e-m/fpv4-sp/hard/crtbegin.o

.rodata         0x0800a748      0x428
                0x0800a748                . = ALIGN (0x4)
 *(.rodata)
 .rodata        0x0800a748        0x5 Third-Party/FreeRTOS/org/Source/tasks.o
 *fill*         0x0800a74d        0x3 
 .rodata        0x0800a750        0xd Third-Party/FreeRTOS/org/Source/timers.o
 *fill*         0x0800a75d        0x3 
 .rodata        0x0800a760       0x51 Third-Party/SEGGER/Config/SEGGER_SYSVIEW_Config_FreeRTOS.o
 *fill*         0x0800a7b1        0x3 
 .rodata        0x0800a7b4       0x60 Third-Party/SEGGER/OS/SEGGER_SYSVIEW_FreeRTOS.o
                0x0800a80c                SYSVIEW_X_OS_TraceAPI
 .rodata        0x0800a814       0x17 Third-Party/SEGGER/SEGGER/SEGGER_RTT.o
 *fill*         0x0800a82b        0x1 
 .rodata        0x0800a82c       0x24 Third-Party/SEGGER/SEGGER/SEGGER_SYSVIEW.o
 .rodata        0x0800a850       0x97 src/main.o
 *(.rodata*)
 *fill*         0x0800a8e7        0x1 
 .rodata._global_impure_ptr
                0x0800a8e8        0x4 c:/ac6/systemworkbench/plugins/fr.ac6.mcu.externaltools.arm-none.win32_1.17.0.201812190825/tools/compiler/bin/../lib/gcc/arm-none-eabi/7.3.1/../../../../arm-none-eabi/lib/thumb/v7e-m/fpv4-sp/hard\libc.a(lib_a-impure.o)
                0x0800a8e8                _global_impure_ptr
 .rodata._svfprintf_r.str1.4
                0x0800a8ec       0x42 c:/ac6/systemworkbench/plugins/fr.ac6.mcu.externaltools.arm-none.win32_1.17.0.201812190825/tools/compiler/bin/../lib/gcc/arm-none-eabi/7.3.1/../../../../arm-none-eabi/lib/thumb/v7e-m/fpv4-sp/hard\libc.a(lib_a-svfprintf.o)
 *fill*         0x0800a92e        0x2 
 .rodata.blanks.8590
                0x0800a930       0x10 c:/ac6/systemworkbench/plugins/fr.ac6.mcu.externaltools.arm-none.win32_1.17.0.201812190825/tools/compiler/bin/../lib/gcc/arm-none-eabi/7.3.1/../../../../arm-none-eabi/lib/thumb/v7e-m/fpv4-sp/hard\libc.a(lib_a-svfprintf.o)
 .rodata.zeroes.8591
                0x0800a940       0x10 c:/ac6/systemworkbench/plugins/fr.ac6.mcu.externaltools.arm-none.win32_1.17.0.201812190825/tools/compiler/bin/../lib/gcc/arm-none-eabi/7.3.1/../../../../arm-none-eabi/lib/thumb/v7e-m/fpv4-sp/hard\libc.a(lib_a-svfprintf.o)
 .rodata._dtoa_r.str1.4
                0x0800a950       0x10 c:/ac6/systemworkbench/plugins/fr.ac6.mcu.externaltools.arm-none.win32_1.17.0.201812190825/tools/compiler/bin/../lib/gcc/arm-none-eabi/7.3.1/../../../../arm-none-eabi/lib/thumb/v7e-m/fpv4-sp/hard\libc.a(lib_a-dtoa.o)
                                 0x12 (size before relaxing)
 .rodata.__mprec_bigtens
                0x0800a960       0x28 c:/ac6/systemworkbench/plugins/fr.ac6.mcu.externaltools.arm-none.win32_1.17.0.201812190825/tools/compiler/bin/../lib/gcc/arm-none-eabi/7.3.1/../../../../arm-none-eabi/lib/thumb/v7e-m/fpv4-sp/hard\libc.a(lib_a-mprec.o)
                0x0800a960                __mprec_bigtens
 .rodata.__mprec_tens
                0x0800a988       0xc8 c:/ac6/systemworkbench/plugins/fr.ac6.mcu.externaltools.arm-none.win32_1.17.0.201812190825/tools/compiler/bin/../lib/gcc/arm-none-eabi/7.3.1/../../../../arm-none-eabi/lib/thumb/v7e-m/fpv4-sp/hard\libc.a(lib_a-mprec.o)
                0x0800a988                __mprec_tens
 .rodata.p05.7367
                0x0800aa50        0xc c:/ac6/systemworkbench/plugins/fr.ac6.mcu.externaltools.arm-none.win32_1.17.0.201812190825/tools/compiler/bin/../lib/gcc/arm-none-eabi/7.3.1/../../../../arm-none-eabi/lib/thumb/v7e-m/fpv4-sp/hard\libc.a(lib_a-mprec.o)
 .rodata._setlocale_r.str1.4
                0x0800aa5c        0xa c:/ac6/systemworkbench/plugins/fr.ac6.mcu.externaltools.arm-none.win32_1.17.0.201812190825/tools/compiler/bin/../lib/gcc/arm-none-eabi/7.3.1/../../../../arm-none-eabi/lib/thumb/v7e-m/fpv4-sp/hard\libc.a(lib_a-locale.o)
                                  0xd (size before relaxing)
 *fill*         0x0800aa66        0x2 
 .rodata.str1.4
                0x0800aa68        0x4 c:/ac6/systemworkbench/plugins/fr.ac6.mcu.externaltools.arm-none.win32_1.17.0.201812190825/tools/compiler/bin/../lib/gcc/arm-none-eabi/7.3.1/../../../../arm-none-eabi/lib/thumb/v7e-m/fpv4-sp/hard\libc.a(lib_a-locale.o)
                                  0x2 (size before relaxing)
 .rodata._ctype_
                0x0800aa6c      0x101 c:/ac6/systemworkbench/plugins/fr.ac6.mcu.externaltools.arm-none.win32_1.17.0.201812190825/tools/compiler/bin/../lib/gcc/arm-none-eabi/7.3.1/../../../../arm-none-eabi/lib/thumb/v7e-m/fpv4-sp/hard\libc.a(lib_a-ctype_.o)
                0x0800aa6c                _ctype_
                0x0800ab70                . = ALIGN (0x4)
 *fill*         0x0800ab6d        0x3 

.ARM.extab      0x0800ab70        0x0
                0x0800ab70                . = ALIGN (0x4)
 *(.ARM.extab* .gnu.linkonce.armextab.*)
                0x0800ab70                . = ALIGN (0x4)

.ARM            0x0800ab70        0x8
                0x0800ab70                . = ALIGN (0x4)
                0x0800ab70                __exidx_start = .
 *(.ARM.exidx*)
 .ARM.exidx     0x0800ab70        0x8 c:/ac6/systemworkbench/plugins/fr.ac6.mcu.externaltools.arm-none.win32_1.17.0.201812190825/tools/compiler/bin/../lib/gcc/arm-none-eabi/7.3.1/thumb/v7e-m/fpv4-sp/hard\libgcc.a(_udivmoddi4.o)
                0x0800ab78                __exidx_end = .
                0x0800ab78                . = ALIGN (0x4)

.rel.dyn        0x0800ab78        0x0
 .rel.iplt      0x0800ab78        0x0 c:/ac6/systemworkbench/plugins/fr.ac6.mcu.externaltools.arm-none.win32_1.17.0.201812190825/tools/compiler/bin/../lib/gcc/arm-none-eabi/7.3.1/thumb/v7e-m/fpv4-sp/hard/crtbegin.o

.preinit_array  0x0800ab78        0x0
                0x0800ab78                . = ALIGN (0x4)
                0x0800ab78                PROVIDE (__preinit_array_start = .)
 *(.preinit_array*)
                0x0800ab78                PROVIDE (__preinit_array_end = .)
                0x0800ab78                . = ALIGN (0x4)

.init_array     0x0800ab78        0x8
                0x0800ab78                . = ALIGN (0x4)
                0x0800ab78                PROVIDE (__init_array_start = .)
 *(SORT_BY_NAME(.init_array.*))
 .init_array.00000
                0x0800ab78        0x4 c:/ac6/systemworkbench/plugins/fr.ac6.mcu.externaltools.arm-none.win32_1.17.0.201812190825/tools/compiler/bin/../lib/gcc/arm-none-eabi/7.3.1/../../../../arm-none-eabi/lib/thumb/v7e-m/fpv4-sp/hard\libc.a(lib_a-__call_atexit.o)
 *(.init_array*)
 .init_array    0x0800ab7c        0x4 c:/ac6/systemworkbench/plugins/fr.ac6.mcu.externaltools.arm-none.win32_1.17.0.201812190825/tools/compiler/bin/../lib/gcc/arm-none-eabi/7.3.1/thumb/v7e-m/fpv4-sp/hard/crtbegin.o
                0x0800ab80                PROVIDE (__init_array_end = .)
                0x0800ab80                . = ALIGN (0x4)

.fini_array     0x0800ab80        0x4
                0x0800ab80                . = ALIGN (0x4)
                0x0800ab80                PROVIDE (__fini_array_start = .)
 *(SORT_BY_NAME(.fini_array.*))
 *(.fini_array*)
 .fini_array    0x0800ab80        0x4 c:/ac6/systemworkbench/plugins/fr.ac6.mcu.externaltools.arm-none.win32_1.17.0.201812190825/tools/compiler/bin/../lib/gcc/arm-none-eabi/7.3.1/thumb/v7e-m/fpv4-sp/hard/crtbegin.o
                0x0800ab84                PROVIDE (__fini_array_end = .)
                0x0800ab84                . = ALIGN (0x4)
                0x0800ab84                _sidata = LOADADDR (.data)

.data           0x20000000      0x9d8 load address 0x0800ab84
                0x20000000                . = ALIGN (0x4)
                0x20000000                _sdata = .
 *(.data)
 .data          0x20000000       0x10 StdPeriph_Driver/src/stm32f4xx_rcc.o
 .data          0x20000010        0x4 Third-Party/FreeRTOS/org/Source/portable/GCC/ARM_CM4F/port.o
 .data          0x20000014       0x14 src/system_stm32f4xx.o
                0x20000014                SystemCoreClock
                0x20000018                AHBPrescTable
 *(.data*)
 .data._impure_ptr
                0x20000028        0x4 c:/ac6/systemworkbench/plugins/fr.ac6.mcu.externaltools.arm-none.win32_1.17.0.201812190825/tools/compiler/bin/../lib/gcc/arm-none-eabi/7.3.1/../../../../arm-none-eabi/lib/thumb/v7e-m/fpv4-sp/hard\libc.a(lib_a-impure.o)
                0x20000028                _impure_ptr
 *fill*         0x2000002c        0x4 
 .data.impure_data
                0x20000030      0x428 c:/ac6/systemworkbench/plugins/fr.ac6.mcu.externaltools.arm-none.win32_1.17.0.201812190825/tools/compiler/bin/../lib/gcc/arm-none-eabi/7.3.1/../../../../arm-none-eabi/lib/thumb/v7e-m/fpv4-sp/hard\libc.a(lib_a-impure.o)
 .data.__atexit_recursive_mutex
                0x20000458        0x4 c:/ac6/systemworkbench/plugins/fr.ac6.mcu.externaltools.arm-none.win32_1.17.0.201812190825/tools/compiler/bin/../lib/gcc/arm-none-eabi/7.3.1/../../../../arm-none-eabi/lib/thumb/v7e-m/fpv4-sp/hard\libc.a(lib_a-__call_atexit.o)
                0x20000458                __atexit_recursive_mutex
 .data.__malloc_av_
                0x2000045c      0x408 c:/ac6/systemworkbench/plugins/fr.ac6.mcu.externaltools.arm-none.win32_1.17.0.201812190825/tools/compiler/bin/../lib/gcc/arm-none-eabi/7.3.1/../../../../arm-none-eabi/lib/thumb/v7e-m/fpv4-sp/hard\libc.a(lib_a-mallocr.o)
                0x2000045c                __malloc_av_
 .data.__malloc_sbrk_base
                0x20000864        0x4 c:/ac6/systemworkbench/plugins/fr.ac6.mcu.externaltools.arm-none.win32_1.17.0.201812190825/tools/compiler/bin/../lib/gcc/arm-none-eabi/7.3.1/../../../../arm-none-eabi/lib/thumb/v7e-m/fpv4-sp/hard\libc.a(lib_a-mallocr.o)
                0x20000864                __malloc_sbrk_base
 .data.__malloc_trim_threshold
                0x20000868        0x4 c:/ac6/systemworkbench/plugins/fr.ac6.mcu.externaltools.arm-none.win32_1.17.0.201812190825/tools/compiler/bin/../lib/gcc/arm-none-eabi/7.3.1/../../../../arm-none-eabi/lib/thumb/v7e-m/fpv4-sp/hard\libc.a(lib_a-mallocr.o)
                0x20000868                __malloc_trim_threshold
 .data.__global_locale
                0x2000086c      0x16c c:/ac6/systemworkbench/plugins/fr.ac6.mcu.externaltools.arm-none.win32_1.17.0.201812190825/tools/compiler/bin/../lib/gcc/arm-none-eabi/7.3.1/../../../../arm-none-eabi/lib/thumb/v7e-m/fpv4-sp/hard\libc.a(lib_a-locale.o)
                0x2000086c                __global_locale
                0x200009d8                . = ALIGN (0x4)
                0x200009d8                _edata = .

.igot.plt       0x200009d8        0x0 load address 0x0800b55c
 .igot.plt      0x200009d8        0x0 c:/ac6/systemworkbench/plugins/fr.ac6.mcu.externaltools.arm-none.win32_1.17.0.201812190825/tools/compiler/bin/../lib/gcc/arm-none-eabi/7.3.1/thumb/v7e-m/fpv4-sp/hard/crtbegin.o
                0x200009d8                . = ALIGN (0x4)

.bss            0x200009d8    0x155a4 load address 0x0800b55c
                0x200009d8                _sbss = .
                0x200009d8                __bss_start__ = _sbss
 *(.bss)
 .bss           0x200009d8       0x1c c:/ac6/systemworkbench/plugins/fr.ac6.mcu.externaltools.arm-none.win32_1.17.0.201812190825/tools/compiler/bin/../lib/gcc/arm-none-eabi/7.3.1/thumb/v7e-m/fpv4-sp/hard/crtbegin.o
 .bss           0x200009f4      0x104 Third-Party/FreeRTOS/org/Source/tasks.o
                0x200009f4                pxCurrentTCB
 .bss           0x20000af8       0x3c Third-Party/FreeRTOS/org/Source/timers.o
 .bss           0x20000b34        0x8 Third-Party/FreeRTOS/org/Source/portable/GCC/ARM_CM4F/port.o
 .bss           0x20000b3c    0x12c18 Third-Party/FreeRTOS/org/Source/portable/MemMang/heap_4.o
 .bss           0x20013754       0xa4 Third-Party/SEGGER/OS/SEGGER_SYSVIEW_FreeRTOS.o
 .bss           0x200137f8      0x411 Third-Party/SEGGER/SEGGER/SEGGER_RTT.o
 *fill*         0x20013c09        0x3 
 .bss           0x20013c0c     0x211b Third-Party/SEGGER/SEGGER/SEGGER_SYSVIEW.o
 *fill*         0x20015d27        0x1 
 .bss           0x20015d28        0xc src/main.o
                0x20015d28                switch_prio
                0x20015d2c                xTaskHandle1
                0x20015d30                xTaskHandle2
 .bss           0x20015d34        0x8 src/syscalls.o
                0x20015d34                __env
 *(.bss*)
 .bss.__malloc_current_mallinfo
                0x20015d3c       0x28 c:/ac6/systemworkbench/plugins/fr.ac6.mcu.externaltools.arm-none.win32_1.17.0.201812190825/tools/compiler/bin/../lib/gcc/arm-none-eabi/7.3.1/../../../../arm-none-eabi/lib/thumb/v7e-m/fpv4-sp/hard\libc.a(lib_a-mallocr.o)
                0x20015d3c                __malloc_current_mallinfo
 .bss.__malloc_max_sbrked_mem
                0x20015d64        0x4 c:/ac6/systemworkbench/plugins/fr.ac6.mcu.externaltools.arm-none.win32_1.17.0.201812190825/tools/compiler/bin/../lib/gcc/arm-none-eabi/7.3.1/../../../../arm-none-eabi/lib/thumb/v7e-m/fpv4-sp/hard\libc.a(lib_a-mallocr.o)
                0x20015d64                __malloc_max_sbrked_mem
 .bss.__malloc_max_total_mem
                0x20015d68        0x4 c:/ac6/systemworkbench/plugins/fr.ac6.mcu.externaltools.arm-none.win32_1.17.0.201812190825/tools/compiler/bin/../lib/gcc/arm-none-eabi/7.3.1/../../../../arm-none-eabi/lib/thumb/v7e-m/fpv4-sp/hard\libc.a(lib_a-mallocr.o)
                0x20015d68                __malloc_max_total_mem
 .bss.__malloc_top_pad
                0x20015d6c        0x4 c:/ac6/systemworkbench/plugins/fr.ac6.mcu.externaltools.arm-none.win32_1.17.0.201812190825/tools/compiler/bin/../lib/gcc/arm-none-eabi/7.3.1/../../../../arm-none-eabi/lib/thumb/v7e-m/fpv4-sp/hard\libc.a(lib_a-mallocr.o)
                0x20015d6c                __malloc_top_pad
 *(COMMON)
 COMMON         0x20015d70       0x40 Third-Party/FreeRTOS/org/Source/queue.o
                0x20015d70                xQueueRegistry
 COMMON         0x20015db0       0xa8 Third-Party/SEGGER/SEGGER/SEGGER_RTT.o
                0x20015db0                _SEGGER_RTT
 COMMON         0x20015e58       0xfa src/main.o
                0x20015e58                usr_msg
 *fill*         0x20015f52        0x2 
 COMMON         0x20015f54       0x21 c:/ac6/systemworkbench/plugins/fr.ac6.mcu.externaltools.arm-none.win32_1.17.0.201812190825/tools/compiler/bin/../lib/gcc/arm-none-eabi/7.3.1/../../../../arm-none-eabi/lib/thumb/v7e-m/fpv4-sp/hard\libc.a(lib_a-lock.o)
                0x20015f54                __lock___atexit_recursive_mutex
                0x20015f58                __lock___arc4random_mutex
                0x20015f5c                __lock___env_recursive_mutex
                0x20015f60                __lock___sinit_recursive_mutex
                0x20015f64                __lock___malloc_recursive_mutex
                0x20015f68                __lock___at_quick_exit_mutex
                0x20015f6c                __lock___dd_hash_mutex
                0x20015f70                __lock___tz_mutex
                0x20015f74                __lock___sfp_recursive_mutex
 *fill*         0x20015f75        0x3 
 COMMON         0x20015f78        0x4 c:/ac6/systemworkbench/plugins/fr.ac6.mcu.externaltools.arm-none.win32_1.17.0.201812190825/tools/compiler/bin/../lib/gcc/arm-none-eabi/7.3.1/../../../../arm-none-eabi/lib/thumb/v7e-m/fpv4-sp/hard\libc.a(lib_a-reent.o)
                0x20015f78                errno
                0x20015f7c                . = ALIGN (0x4)
                0x20015f7c                _ebss = .
                0x20015f7c                __bss_end__ = _ebss

._user_heap_stack
                0x20015f7c      0x404 load address 0x0800b55c
                0x20015f80                . = ALIGN (0x8)
 *fill*         0x20015f7c        0x4 
                0x20015f80                PROVIDE (end = .)
                [!provide]                PROVIDE (_end = .)
                0x20015f80                . = (. + _Min_Heap_Size)
                0x20016380                . = (. + _Min_Stack_Size)
 *fill*         0x20015f80      0x400 
                0x20016380                . = ALIGN (0x8)

/DISCARD/
 libc.a(*)
 libm.a(*)
 libgcc.a(*)

.ARM.attributes
                0x00000000       0x30
 *(.ARM.attributes)
 .ARM.attributes
                0x00000000       0x22 c:/ac6/systemworkbench/plugins/fr.ac6.mcu.externaltools.arm-none.win32_1.17.0.201812190825/tools/compiler/bin/../lib/gcc/arm-none-eabi/7.3.1/thumb/v7e-m/fpv4-sp/hard/crti.o
 .ARM.attributes
                0x00000022       0x34 c:/ac6/systemworkbench/plugins/fr.ac6.mcu.externaltools.arm-none.win32_1.17.0.201812190825/tools/compiler/bin/../lib/gcc/arm-none-eabi/7.3.1/thumb/v7e-m/fpv4-sp/hard/crtbegin.o
 .ARM.attributes
                0x00000056       0x39 StdPeriph_Driver/src/stm32f4xx_exti.o
 .ARM.attributes
                0x0000008f       0x39 StdPeriph_Driver/src/stm32f4xx_gpio.o
 .ARM.attributes
                0x000000c8       0x39 StdPeriph_Driver/src/stm32f4xx_rcc.o
 .ARM.attributes
                0x00000101       0x39 StdPeriph_Driver/src/stm32f4xx_syscfg.o
 .ARM.attributes
                0x0000013a       0x39 StdPeriph_Driver/src/stm32f4xx_usart.o
 .ARM.attributes
                0x00000173       0x39 Third-Party/FreeRTOS/org/Source/list.o
 .ARM.attributes
                0x000001ac       0x39 Third-Party/FreeRTOS/org/Source/queue.o
 .ARM.attributes
                0x000001e5       0x39 Third-Party/FreeRTOS/org/Source/tasks.o
 .ARM.attributes
                0x0000021e       0x39 Third-Party/FreeRTOS/org/Source/timers.o
 .ARM.attributes
                0x00000257       0x39 Third-Party/FreeRTOS/org/Source/portable/GCC/ARM_CM4F/port.o
 .ARM.attributes
                0x00000290       0x39 Third-Party/FreeRTOS/org/Source/portable/MemMang/heap_4.o
 .ARM.attributes
                0x000002c9       0x39 Third-Party/SEGGER/Config/SEGGER_SYSVIEW_Config_FreeRTOS.o
 .ARM.attributes
                0x00000302       0x39 Third-Party/SEGGER/OS/SEGGER_SYSVIEW_FreeRTOS.o
 .ARM.attributes
                0x0000033b       0x39 Third-Party/SEGGER/SEGGER/SEGGER_RTT.o
 .ARM.attributes
                0x00000374       0x39 Third-Party/SEGGER/SEGGER/SEGGER_SYSVIEW.o
 .ARM.attributes
                0x000003ad       0x39 src/main.o
 .ARM.attributes
                0x000003e6       0x39 src/syscalls.o
 .ARM.attributes
                0x0000041f       0x39 src/system_stm32f4xx.o
 .ARM.attributes
                0x00000458       0x21 startup/startup_stm32.o
 .ARM.attributes
                0x00000479       0x34 c:/ac6/systemworkbench/plugins/fr.ac6.mcu.externaltools.arm-none.win32_1.17.0.201812190825/tools/compiler/bin/../lib/gcc/arm-none-eabi/7.3.1/../../../../arm-none-eabi/lib/thumb/v7e-m/fpv4-sp/hard\libc.a(lib_a-errno.o)
 .ARM.attributes
                0x000004ad       0x34 c:/ac6/systemworkbench/plugins/fr.ac6.mcu.externaltools.arm-none.win32_1.17.0.201812190825/tools/compiler/bin/../lib/gcc/arm-none-eabi/7.3.1/../../../../arm-none-eabi/lib/thumb/v7e-m/fpv4-sp/hard\libc.a(lib_a-impure.o)
 .ARM.attributes
                0x000004e1       0x34 c:/ac6/systemworkbench/plugins/fr.ac6.mcu.externaltools.arm-none.win32_1.17.0.201812190825/tools/compiler/bin/../lib/gcc/arm-none-eabi/7.3.1/../../../../arm-none-eabi/lib/thumb/v7e-m/fpv4-sp/hard\libc.a(lib_a-init.o)
 .ARM.attributes
                0x00000515       0x34 c:/ac6/systemworkbench/plugins/fr.ac6.mcu.externaltools.arm-none.win32_1.17.0.201812190825/tools/compiler/bin/../lib/gcc/arm-none-eabi/7.3.1/../../../../arm-none-eabi/lib/thumb/v7e-m/fpv4-sp/hard\libc.a(lib_a-memcmp.o)
 .ARM.attributes
                0x00000549       0x20 c:/ac6/systemworkbench/plugins/fr.ac6.mcu.externaltools.arm-none.win32_1.17.0.201812190825/tools/compiler/bin/../lib/gcc/arm-none-eabi/7.3.1/../../../../arm-none-eabi/lib/thumb/v7e-m/fpv4-sp/hard\libc.a(lib_a-memcpy.o)
 .ARM.attributes
                0x00000569       0x34 c:/ac6/systemworkbench/plugins/fr.ac6.mcu.externaltools.arm-none.win32_1.17.0.201812190825/tools/compiler/bin/../lib/gcc/arm-none-eabi/7.3.1/../../../../arm-none-eabi/lib/thumb/v7e-m/fpv4-sp/hard\libc.a(lib_a-memset.o)
 .ARM.attributes
                0x0000059d       0x34 c:/ac6/systemworkbench/plugins/fr.ac6.mcu.externaltools.arm-none.win32_1.17.0.201812190825/tools/compiler/bin/../lib/gcc/arm-none-eabi/7.3.1/../../../../arm-none-eabi/lib/thumb/v7e-m/fpv4-sp/hard\libc.a(lib_a-sprintf.o)
 .ARM.attributes
                0x000005d1       0x20 c:/ac6/systemworkbench/plugins/fr.ac6.mcu.externaltools.arm-none.win32_1.17.0.201812190825/tools/compiler/bin/../lib/gcc/arm-none-eabi/7.3.1/../../../../arm-none-eabi/lib/thumb/v7e-m/fpv4-sp/hard\libc.a(lib_a-strlen.o)
 .ARM.attributes
                0x000005f1       0x34 c:/ac6/systemworkbench/plugins/fr.ac6.mcu.externaltools.arm-none.win32_1.17.0.201812190825/tools/compiler/bin/../lib/gcc/arm-none-eabi/7.3.1/../../../../arm-none-eabi/lib/thumb/v7e-m/fpv4-sp/hard\libc.a(lib_a-svfprintf.o)
 .ARM.attributes
                0x00000625       0x34 c:/ac6/systemworkbench/plugins/fr.ac6.mcu.externaltools.arm-none.win32_1.17.0.201812190825/tools/compiler/bin/../lib/gcc/arm-none-eabi/7.3.1/../../../../arm-none-eabi/lib/thumb/v7e-m/fpv4-sp/hard\libc.a(lib_a-__call_atexit.o)
 .ARM.attributes
                0x00000659       0x34 c:/ac6/systemworkbench/plugins/fr.ac6.mcu.externaltools.arm-none.win32_1.17.0.201812190825/tools/compiler/bin/../lib/gcc/arm-none-eabi/7.3.1/../../../../arm-none-eabi/lib/thumb/v7e-m/fpv4-sp/hard\libc.a(lib_a-atexit.o)
 .ARM.attributes
                0x0000068d       0x34 c:/ac6/systemworkbench/plugins/fr.ac6.mcu.externaltools.arm-none.win32_1.17.0.201812190825/tools/compiler/bin/../lib/gcc/arm-none-eabi/7.3.1/../../../../arm-none-eabi/lib/thumb/v7e-m/fpv4-sp/hard\libc.a(lib_a-dtoa.o)
 .ARM.attributes
                0x000006c1       0x34 c:/ac6/systemworkbench/plugins/fr.ac6.mcu.externaltools.arm-none.win32_1.17.0.201812190825/tools/compiler/bin/../lib/gcc/arm-none-eabi/7.3.1/../../../../arm-none-eabi/lib/thumb/v7e-m/fpv4-sp/hard\libc.a(lib_a-fini.o)
 .ARM.attributes
                0x000006f5       0x34 c:/ac6/systemworkbench/plugins/fr.ac6.mcu.externaltools.arm-none.win32_1.17.0.201812190825/tools/compiler/bin/../lib/gcc/arm-none-eabi/7.3.1/../../../../arm-none-eabi/lib/thumb/v7e-m/fpv4-sp/hard\libc.a(lib_a-freer.o)
 .ARM.attributes
                0x00000729       0x34 c:/ac6/systemworkbench/plugins/fr.ac6.mcu.externaltools.arm-none.win32_1.17.0.201812190825/tools/compiler/bin/../lib/gcc/arm-none-eabi/7.3.1/../../../../arm-none-eabi/lib/thumb/v7e-m/fpv4-sp/hard\libc.a(lib_a-localeconv.o)
 .ARM.attributes
                0x0000075d       0x34 c:/ac6/systemworkbench/plugins/fr.ac6.mcu.externaltools.arm-none.win32_1.17.0.201812190825/tools/compiler/bin/../lib/gcc/arm-none-eabi/7.3.1/../../../../arm-none-eabi/lib/thumb/v7e-m/fpv4-sp/hard\libc.a(lib_a-lock.o)
 .ARM.attributes
                0x00000791       0x34 c:/ac6/systemworkbench/plugins/fr.ac6.mcu.externaltools.arm-none.win32_1.17.0.201812190825/tools/compiler/bin/../lib/gcc/arm-none-eabi/7.3.1/../../../../arm-none-eabi/lib/thumb/v7e-m/fpv4-sp/hard\libc.a(lib_a-mallocr.o)
 .ARM.attributes
                0x000007c5       0x20 c:/ac6/systemworkbench/plugins/fr.ac6.mcu.externaltools.arm-none.win32_1.17.0.201812190825/tools/compiler/bin/../lib/gcc/arm-none-eabi/7.3.1/../../../../arm-none-eabi/lib/thumb/v7e-m/fpv4-sp/hard\libc.a(lib_a-memchr.o)
 .ARM.attributes
                0x000007e5       0x34 c:/ac6/systemworkbench/plugins/fr.ac6.mcu.externaltools.arm-none.win32_1.17.0.201812190825/tools/compiler/bin/../lib/gcc/arm-none-eabi/7.3.1/../../../../arm-none-eabi/lib/thumb/v7e-m/fpv4-sp/hard\libc.a(lib_a-mlock.o)
 .ARM.attributes
                0x00000819       0x34 c:/ac6/systemworkbench/plugins/fr.ac6.mcu.externaltools.arm-none.win32_1.17.0.201812190825/tools/compiler/bin/../lib/gcc/arm-none-eabi/7.3.1/../../../../arm-none-eabi/lib/thumb/v7e-m/fpv4-sp/hard\libc.a(lib_a-mprec.o)
 .ARM.attributes
                0x0000084d       0x34 c:/ac6/systemworkbench/plugins/fr.ac6.mcu.externaltools.arm-none.win32_1.17.0.201812190825/tools/compiler/bin/../lib/gcc/arm-none-eabi/7.3.1/../../../../arm-none-eabi/lib/thumb/v7e-m/fpv4-sp/hard\libc.a(lib_a-s_frexp.o)
 .ARM.attributes
                0x00000881       0x34 c:/ac6/systemworkbench/plugins/fr.ac6.mcu.externaltools.arm-none.win32_1.17.0.201812190825/tools/compiler/bin/../lib/gcc/arm-none-eabi/7.3.1/../../../../arm-none-eabi/lib/thumb/v7e-m/fpv4-sp/hard\libc.a(lib_a-sbrkr.o)
 .ARM.attributes
                0x000008b5       0x34 c:/ac6/systemworkbench/plugins/fr.ac6.mcu.externaltools.arm-none.win32_1.17.0.201812190825/tools/compiler/bin/../lib/gcc/arm-none-eabi/7.3.1/../../../../arm-none-eabi/lib/thumb/v7e-m/fpv4-sp/hard\libc.a(lib_a-strncpy.o)
 .ARM.attributes
                0x000008e9       0x34 c:/ac6/systemworkbench/plugins/fr.ac6.mcu.externaltools.arm-none.win32_1.17.0.201812190825/tools/compiler/bin/../lib/gcc/arm-none-eabi/7.3.1/../../../../arm-none-eabi/lib/thumb/v7e-m/fpv4-sp/hard\libc.a(lib_a-svfiprintf.o)
 .ARM.attributes
                0x0000091d       0x34 c:/ac6/systemworkbench/plugins/fr.ac6.mcu.externaltools.arm-none.win32_1.17.0.201812190825/tools/compiler/bin/../lib/gcc/arm-none-eabi/7.3.1/../../../../arm-none-eabi/lib/thumb/v7e-m/fpv4-sp/hard\libc.a(lib_a-__atexit.o)
 .ARM.attributes
                0x00000951       0x34 c:/ac6/systemworkbench/plugins/fr.ac6.mcu.externaltools.arm-none.win32_1.17.0.201812190825/tools/compiler/bin/../lib/gcc/arm-none-eabi/7.3.1/../../../../arm-none-eabi/lib/thumb/v7e-m/fpv4-sp/hard\libc.a(lib_a-callocr.o)
 .ARM.attributes
                0x00000985       0x34 c:/ac6/systemworkbench/plugins/fr.ac6.mcu.externaltools.arm-none.win32_1.17.0.201812190825/tools/compiler/bin/../lib/gcc/arm-none-eabi/7.3.1/../../../../arm-none-eabi/lib/thumb/v7e-m/fpv4-sp/hard\libc.a(lib_a-locale.o)
 .ARM.attributes
                0x000009b9       0x34 c:/ac6/systemworkbench/plugins/fr.ac6.mcu.externaltools.arm-none.win32_1.17.0.201812190825/tools/compiler/bin/../lib/gcc/arm-none-eabi/7.3.1/../../../../arm-none-eabi/lib/thumb/v7e-m/fpv4-sp/hard\libc.a(lib_a-mbtowc_r.o)
 .ARM.attributes
                0x000009ed       0x34 c:/ac6/systemworkbench/plugins/fr.ac6.mcu.externaltools.arm-none.win32_1.17.0.201812190825/tools/compiler/bin/../lib/gcc/arm-none-eabi/7.3.1/../../../../arm-none-eabi/lib/thumb/v7e-m/fpv4-sp/hard\libc.a(lib_a-memmove.o)
 .ARM.attributes
                0x00000a21       0x34 c:/ac6/systemworkbench/plugins/fr.ac6.mcu.externaltools.arm-none.win32_1.17.0.201812190825/tools/compiler/bin/../lib/gcc/arm-none-eabi/7.3.1/../../../../arm-none-eabi/lib/thumb/v7e-m/fpv4-sp/hard\libc.a(lib_a-reallocr.o)
 .ARM.attributes
                0x00000a55       0x34 c:/ac6/systemworkbench/plugins/fr.ac6.mcu.externaltools.arm-none.win32_1.17.0.201812190825/tools/compiler/bin/../lib/gcc/arm-none-eabi/7.3.1/../../../../arm-none-eabi/lib/thumb/v7e-m/fpv4-sp/hard\libc.a(lib_a-reent.o)
 .ARM.attributes
                0x00000a89       0x34 c:/ac6/systemworkbench/plugins/fr.ac6.mcu.externaltools.arm-none.win32_1.17.0.201812190825/tools/compiler/bin/../lib/gcc/arm-none-eabi/7.3.1/../../../../arm-none-eabi/lib/thumb/v7e-m/fpv4-sp/hard\libc.a(lib_a-wctomb_r.o)
 .ARM.attributes
                0x00000abd       0x34 c:/ac6/systemworkbench/plugins/fr.ac6.mcu.externaltools.arm-none.win32_1.17.0.201812190825/tools/compiler/bin/../lib/gcc/arm-none-eabi/7.3.1/../../../../arm-none-eabi/lib/thumb/v7e-m/fpv4-sp/hard\libc.a(lib_a-ctype_.o)
 .ARM.attributes
                0x00000af1       0x22 c:/ac6/systemworkbench/plugins/fr.ac6.mcu.externaltools.arm-none.win32_1.17.0.201812190825/tools/compiler/bin/../lib/gcc/arm-none-eabi/7.3.1/thumb/v7e-m/fpv4-sp/hard\libgcc.a(_arm_addsubdf3.o)
 .ARM.attributes
                0x00000b13       0x22 c:/ac6/systemworkbench/plugins/fr.ac6.mcu.externaltools.arm-none.win32_1.17.0.201812190825/tools/compiler/bin/../lib/gcc/arm-none-eabi/7.3.1/thumb/v7e-m/fpv4-sp/hard\libgcc.a(_arm_muldivdf3.o)
 .ARM.attributes
                0x00000b35       0x22 c:/ac6/systemworkbench/plugins/fr.ac6.mcu.externaltools.arm-none.win32_1.17.0.201812190825/tools/compiler/bin/../lib/gcc/arm-none-eabi/7.3.1/thumb/v7e-m/fpv4-sp/hard\libgcc.a(_arm_cmpdf2.o)
 .ARM.attributes
                0x00000b57       0x22 c:/ac6/systemworkbench/plugins/fr.ac6.mcu.externaltools.arm-none.win32_1.17.0.201812190825/tools/compiler/bin/../lib/gcc/arm-none-eabi/7.3.1/thumb/v7e-m/fpv4-sp/hard\libgcc.a(_arm_unorddf2.o)
 .ARM.attributes
                0x00000b79       0x22 c:/ac6/systemworkbench/plugins/fr.ac6.mcu.externaltools.arm-none.win32_1.17.0.201812190825/tools/compiler/bin/../lib/gcc/arm-none-eabi/7.3.1/thumb/v7e-m/fpv4-sp/hard\libgcc.a(_arm_fixdfsi.o)
 .ARM.attributes
                0x00000b9b       0x22 c:/ac6/systemworkbench/plugins/fr.ac6.mcu.externaltools.arm-none.win32_1.17.0.201812190825/tools/compiler/bin/../lib/gcc/arm-none-eabi/7.3.1/thumb/v7e-m/fpv4-sp/hard\libgcc.a(_aeabi_uldivmod.o)
 .ARM.attributes
                0x00000bbd       0x34 c:/ac6/systemworkbench/plugins/fr.ac6.mcu.externaltools.arm-none.win32_1.17.0.201812190825/tools/compiler/bin/../lib/gcc/arm-none-eabi/7.3.1/thumb/v7e-m/fpv4-sp/hard\libgcc.a(_udivmoddi4.o)
 .ARM.attributes
                0x00000bf1       0x22 c:/ac6/systemworkbench/plugins/fr.ac6.mcu.externaltools.arm-none.win32_1.17.0.201812190825/tools/compiler/bin/../lib/gcc/arm-none-eabi/7.3.1/thumb/v7e-m/fpv4-sp/hard\libgcc.a(_dvmd_tls.o)
 .ARM.attributes
                0x00000c13       0x22 c:/ac6/systemworkbench/plugins/fr.ac6.mcu.externaltools.arm-none.win32_1.17.0.201812190825/tools/compiler/bin/../lib/gcc/arm-none-eabi/7.3.1/thumb/v7e-m/fpv4-sp/hard/crtn.o
OUTPUT(STM32_FreeRTOS_Task_Priority.elf elf32-littlearm)

.debug_info     0x00000000    0x12a55
 .debug_info    0x00000000      0x358 StdPeriph_Driver/src/stm32f4xx_exti.o
 .debug_info    0x00000358      0x62b StdPeriph_Driver/src/stm32f4xx_gpio.o
 .debug_info    0x00000983      0xf8e StdPeriph_Driver/src/stm32f4xx_rcc.o
 .debug_info    0x00001911      0x2a6 StdPeriph_Driver/src/stm32f4xx_syscfg.o
 .debug_info    0x00001bb7      0x9d4 StdPeriph_Driver/src/stm32f4xx_usart.o
 .debug_info    0x0000258b      0xadb Third-Party/FreeRTOS/org/Source/list.o
 .debug_info    0x00003066     0x1f3a Third-Party/FreeRTOS/org/Source/queue.o
 .debug_info    0x00004fa0     0x279d Third-Party/FreeRTOS/org/Source/tasks.o
 .debug_info    0x0000773d     0x146e Third-Party/FreeRTOS/org/Source/timers.o
 .debug_info    0x00008bab      0x533 Third-Party/FreeRTOS/org/Source/portable/GCC/ARM_CM4F/port.o
 .debug_info    0x000090de      0xbfc Third-Party/FreeRTOS/org/Source/portable/MemMang/heap_4.o
 .debug_info    0x00009cda      0x10f Third-Party/SEGGER/Config/SEGGER_SYSVIEW_Config_FreeRTOS.o
 .debug_info    0x00009de9      0xb8c Third-Party/SEGGER/OS/SEGGER_SYSVIEW_FreeRTOS.o
 .debug_info    0x0000a975     0x1952 Third-Party/SEGGER/SEGGER/SEGGER_RTT.o
 .debug_info    0x0000c2c7     0x3c70 Third-Party/SEGGER/SEGGER/SEGGER_SYSVIEW.o
 .debug_info    0x0000ff37     0x15ad src/main.o
 .debug_info    0x000114e4      0xf2e src/syscalls.o
 .debug_info    0x00012412      0x621 src/system_stm32f4xx.o
 .debug_info    0x00012a33       0x22 startup/startup_stm32.o

.debug_abbrev   0x00000000     0x296d
 .debug_abbrev  0x00000000      0x1c3 StdPeriph_Driver/src/stm32f4xx_exti.o
 .debug_abbrev  0x000001c3      0x1bf StdPeriph_Driver/src/stm32f4xx_gpio.o
 .debug_abbrev  0x00000382      0x1d4 StdPeriph_Driver/src/stm32f4xx_rcc.o
 .debug_abbrev  0x00000556      0x14b StdPeriph_Driver/src/stm32f4xx_syscfg.o
 .debug_abbrev  0x000006a1      0x187 StdPeriph_Driver/src/stm32f4xx_usart.o
 .debug_abbrev  0x00000828      0x205 Third-Party/FreeRTOS/org/Source/list.o
 .debug_abbrev  0x00000a2d      0x352 Third-Party/FreeRTOS/org/Source/queue.o
 .debug_abbrev  0x00000d7f      0x395 Third-Party/FreeRTOS/org/Source/tasks.o
 .debug_abbrev  0x00001114      0x2fe Third-Party/FreeRTOS/org/Source/timers.o
 .debug_abbrev  0x00001412      0x210 Third-Party/FreeRTOS/org/Source/portable/GCC/ARM_CM4F/port.o
 .debug_abbrev  0x00001622      0x2d4 Third-Party/FreeRTOS/org/Source/portable/MemMang/heap_4.o
 .debug_abbrev  0x000018f6       0xb5 Third-Party/SEGGER/Config/SEGGER_SYSVIEW_Config_FreeRTOS.o
 .debug_abbrev  0x000019ab      0x223 Third-Party/SEGGER/OS/SEGGER_SYSVIEW_FreeRTOS.o
 .debug_abbrev  0x00001bce      0x2e3 Third-Party/SEGGER/SEGGER/SEGGER_RTT.o
 .debug_abbrev  0x00001eb1      0x35f Third-Party/SEGGER/SEGGER/SEGGER_SYSVIEW.o
 .debug_abbrev  0x00002210      0x344 src/main.o
 .debug_abbrev  0x00002554      0x2aa src/syscalls.o
 .debug_abbrev  0x000027fe      0x15d src/system_stm32f4xx.o
 .debug_abbrev  0x0000295b       0x12 startup/startup_stm32.o

.debug_aranges  0x00000000      0xed0
 .debug_aranges
                0x00000000       0x58 StdPeriph_Driver/src/stm32f4xx_exti.o
 .debug_aranges
                0x00000058       0x88 StdPeriph_Driver/src/stm32f4xx_gpio.o
 .debug_aranges
                0x000000e0      0x1e8 StdPeriph_Driver/src/stm32f4xx_rcc.o
 .debug_aranges
                0x000002c8       0x50 StdPeriph_Driver/src/stm32f4xx_syscfg.o
 .debug_aranges
                0x00000318      0x100 StdPeriph_Driver/src/stm32f4xx_usart.o
 .debug_aranges
                0x00000418       0x40 Third-Party/FreeRTOS/org/Source/list.o
 .debug_aranges
                0x00000458      0x130 Third-Party/FreeRTOS/org/Source/queue.o
 .debug_aranges
                0x00000588      0x1f8 Third-Party/FreeRTOS/org/Source/tasks.o
 .debug_aranges
                0x00000780       0xd0 Third-Party/FreeRTOS/org/Source/timers.o
 .debug_aranges
                0x00000850       0x80 Third-Party/FreeRTOS/org/Source/portable/GCC/ARM_CM4F/port.o
 .debug_aranges
                0x000008d0       0x50 Third-Party/FreeRTOS/org/Source/portable/MemMang/heap_4.o
 .debug_aranges
                0x00000920       0x28 Third-Party/SEGGER/Config/SEGGER_SYSVIEW_Config_FreeRTOS.o
 .debug_aranges
                0x00000948       0x48 Third-Party/SEGGER/OS/SEGGER_SYSVIEW_FreeRTOS.o
 .debug_aranges
                0x00000990      0x140 Third-Party/SEGGER/SEGGER/SEGGER_RTT.o
 .debug_aranges
                0x00000ad0      0x280 Third-Party/SEGGER/SEGGER/SEGGER_SYSVIEW.o
 .debug_aranges
                0x00000d50       0x78 src/main.o
 .debug_aranges
                0x00000dc8       0xb0 src/syscalls.o
 .debug_aranges
                0x00000e78       0x30 src/system_stm32f4xx.o
 .debug_aranges
                0x00000ea8       0x28 startup/startup_stm32.o

.debug_ranges   0x00000000      0xda8
 .debug_ranges  0x00000000       0x48 StdPeriph_Driver/src/stm32f4xx_exti.o
 .debug_ranges  0x00000048       0x78 StdPeriph_Driver/src/stm32f4xx_gpio.o
 .debug_ranges  0x000000c0      0x1d8 StdPeriph_Driver/src/stm32f4xx_rcc.o
 .debug_ranges  0x00000298       0x40 StdPeriph_Driver/src/stm32f4xx_syscfg.o
 .debug_ranges  0x000002d8       0xf0 StdPeriph_Driver/src/stm32f4xx_usart.o
 .debug_ranges  0x000003c8       0x30 Third-Party/FreeRTOS/org/Source/list.o
 .debug_ranges  0x000003f8      0x120 Third-Party/FreeRTOS/org/Source/queue.o
 .debug_ranges  0x00000518      0x1e8 Third-Party/FreeRTOS/org/Source/tasks.o
 .debug_ranges  0x00000700       0xc0 Third-Party/FreeRTOS/org/Source/timers.o
 .debug_ranges  0x000007c0       0x70 Third-Party/FreeRTOS/org/Source/portable/GCC/ARM_CM4F/port.o
 .debug_ranges  0x00000830       0x40 Third-Party/FreeRTOS/org/Source/portable/MemMang/heap_4.o
 .debug_ranges  0x00000870       0x18 Third-Party/SEGGER/Config/SEGGER_SYSVIEW_Config_FreeRTOS.o
 .debug_ranges  0x00000888       0x38 Third-Party/SEGGER/OS/SEGGER_SYSVIEW_FreeRTOS.o
 .debug_ranges  0x000008c0      0x130 Third-Party/SEGGER/SEGGER/SEGGER_RTT.o
 .debug_ranges  0x000009f0      0x270 Third-Party/SEGGER/SEGGER/SEGGER_SYSVIEW.o
 .debug_ranges  0x00000c60       0x68 src/main.o
 .debug_ranges  0x00000cc8       0xa0 src/syscalls.o
 .debug_ranges  0x00000d68       0x20 src/system_stm32f4xx.o
 .debug_ranges  0x00000d88       0x20 startup/startup_stm32.o

.debug_macro    0x00000000     0x3e6d
 .debug_macro   0x00000000      0x1fe StdPeriph_Driver/src/stm32f4xx_exti.o
 .debug_macro   0x000001fe       0xaf StdPeriph_Driver/src/stm32f4xx_exti.o
 .debug_macro   0x000002ad      0x1fc StdPeriph_Driver/src/stm32f4xx_gpio.o
 .debug_macro   0x000004a9      0x33b StdPeriph_Driver/src/stm32f4xx_gpio.o
 .debug_macro   0x000007e4      0x2cb StdPeriph_Driver/src/stm32f4xx_rcc.o
 .debug_macro   0x00000aaf      0x24a StdPeriph_Driver/src/stm32f4xx_syscfg.o
 .debug_macro   0x00000cf9      0x10e StdPeriph_Driver/src/stm32f4xx_syscfg.o
 .debug_macro   0x00000e07      0x214 StdPeriph_Driver/src/stm32f4xx_usart.o
 .debug_macro   0x0000101b      0x21d StdPeriph_Driver/src/stm32f4xx_usart.o
 .debug_macro   0x00001238      0x1ba Third-Party/FreeRTOS/org/Source/list.o
 .debug_macro   0x000013f2      0x244 Third-Party/FreeRTOS/org/Source/queue.o
 .debug_macro   0x00001636       0x16 Third-Party/FreeRTOS/org/Source/queue.o
 .debug_macro   0x0000164c       0x35 Third-Party/FreeRTOS/org/Source/queue.o
 .debug_macro   0x00001681       0x80 Third-Party/FreeRTOS/org/Source/queue.o
 .debug_macro   0x00001701      0x2ae Third-Party/FreeRTOS/org/Source/tasks.o
 .debug_macro   0x000019af       0x10 Third-Party/FreeRTOS/org/Source/tasks.o
 .debug_macro   0x000019bf      0x20f Third-Party/FreeRTOS/org/Source/timers.o
 .debug_macro   0x00001bce       0x97 Third-Party/FreeRTOS/org/Source/timers.o
 .debug_macro   0x00001c65      0x1d6 Third-Party/FreeRTOS/org/Source/portable/GCC/ARM_CM4F/port.o
 .debug_macro   0x00001e3b      0x1e1 Third-Party/FreeRTOS/org/Source/portable/MemMang/heap_4.o
 .debug_macro   0x0000201c      0x116 Third-Party/SEGGER/Config/SEGGER_SYSVIEW_Config_FreeRTOS.o
 .debug_macro   0x00002132      0x1d0 Third-Party/SEGGER/OS/SEGGER_SYSVIEW_FreeRTOS.o
 .debug_macro   0x00002302      0x1a7 Third-Party/SEGGER/SEGGER/SEGGER_RTT.o
 .debug_macro   0x000024a9       0x49 Third-Party/SEGGER/SEGGER/SEGGER_RTT.o
 .debug_macro   0x000024f2       0x16 Third-Party/SEGGER/SEGGER/SEGGER_RTT.o
 .debug_macro   0x00002508      0x11c Third-Party/SEGGER/SEGGER/SEGGER_RTT.o
 .debug_macro   0x00002624      0x1f6 Third-Party/SEGGER/SEGGER/SEGGER_SYSVIEW.o
 .debug_macro   0x0000281a       0x73 Third-Party/SEGGER/SEGGER/SEGGER_SYSVIEW.o
 .debug_macro   0x0000288d       0x34 Third-Party/SEGGER/SEGGER/SEGGER_SYSVIEW.o
 .debug_macro   0x000028c1       0x1c Third-Party/SEGGER/SEGGER/SEGGER_SYSVIEW.o
 .debug_macro   0x000028dd      0x42d src/main.o
 .debug_macro   0x00002d0a       0x16 src/main.o
 .debug_macro   0x00002d20       0x97 src/main.o
 .debug_macro   0x00002db7       0xfd src/main.o
 .debug_macro   0x00002eb4       0x10 src/main.o
 .debug_macro   0x00002ec4       0x10 src/main.o
 .debug_macro   0x00002ed4       0x1c src/main.o
 .debug_macro   0x00002ef0       0x52 src/main.o
 .debug_macro   0x00002f42       0x40 src/main.o
 .debug_macro   0x00002f82       0x10 src/main.o
 .debug_macro   0x00002f92       0x40 src/main.o
 .debug_macro   0x00002fd2       0xd7 src/main.o
 .debug_macro   0x000030a9       0x1c src/main.o
 .debug_macro   0x000030c5       0x3d src/main.o
 .debug_macro   0x00003102       0x16 src/main.o
 .debug_macro   0x00003118      0x16f src/main.o
 .debug_macro   0x00003287      0x113 src/main.o
 .debug_macro   0x0000339a       0x4c src/main.o
 .debug_macro   0x000033e6      0x243 src/syscalls.o
 .debug_macro   0x00003629       0x10 src/syscalls.o
 .debug_macro   0x00003639       0x10 src/syscalls.o
 .debug_macro   0x00003649       0x10 src/syscalls.o
 .debug_macro   0x00003659       0x35 src/syscalls.o
 .debug_macro   0x0000368e      0x122 src/syscalls.o
 .debug_macro   0x000037b0       0x10 src/syscalls.o
 .debug_macro   0x000037c0      0x241 src/syscalls.o
 .debug_macro   0x00003a01       0x1c src/syscalls.o
 .debug_macro   0x00003a1d       0x10 src/syscalls.o
 .debug_macro   0x00003a2d      0x189 src/syscalls.o
 .debug_macro   0x00003bb6       0x16 src/syscalls.o
 .debug_macro   0x00003bcc       0x88 src/syscalls.o
 .debug_macro   0x00003c54      0x219 src/system_stm32f4xx.o

.debug_line     0x00000000     0xba2c
 .debug_line    0x00000000      0x76b StdPeriph_Driver/src/stm32f4xx_exti.o
 .debug_line    0x0000076b      0x843 StdPeriph_Driver/src/stm32f4xx_gpio.o
 .debug_line    0x00000fae      0xbc0 StdPeriph_Driver/src/stm32f4xx_rcc.o
 .debug_line    0x00001b6e      0x73e StdPeriph_Driver/src/stm32f4xx_syscfg.o
 .debug_line    0x000022ac      0x989 StdPeriph_Driver/src/stm32f4xx_usart.o
 .debug_line    0x00002c35      0x709 Third-Party/FreeRTOS/org/Source/list.o
 .debug_line    0x0000333e     0x1071 Third-Party/FreeRTOS/org/Source/queue.o
 .debug_line    0x000043af     0x13e8 Third-Party/FreeRTOS/org/Source/tasks.o
 .debug_line    0x00005797      0xa7a Third-Party/FreeRTOS/org/Source/timers.o
 .debug_line    0x00006211      0x83f Third-Party/FreeRTOS/org/Source/portable/GCC/ARM_CM4F/port.o
 .debug_line    0x00006a50      0x7ef Third-Party/FreeRTOS/org/Source/portable/MemMang/heap_4.o
 .debug_line    0x0000723f      0x62a Third-Party/SEGGER/Config/SEGGER_SYSVIEW_Config_FreeRTOS.o
 .debug_line    0x00007869      0x79a Third-Party/SEGGER/OS/SEGGER_SYSVIEW_FreeRTOS.o
 .debug_line    0x00008003      0x8b5 Third-Party/SEGGER/SEGGER/SEGGER_RTT.o
 .debug_line    0x000088b8     0x174e Third-Party/SEGGER/SEGGER/SEGGER_SYSVIEW.o
 .debug_line    0x0000a006      0xc7b src/main.o
 .debug_line    0x0000ac81      0x5df src/syscalls.o
 .debug_line    0x0000b260      0x750 src/system_stm32f4xx.o
 .debug_line    0x0000b9b0       0x7c startup/startup_stm32.o

.debug_str      0x00000000    0x819ed
 .debug_str     0x00000000    0x6ce3c StdPeriph_Driver/src/stm32f4xx_exti.o
                              0x6d0de (size before relaxing)