Archive member included to satisfy reference by file (symbol)

c:/ac6/systemworkbench/plugins/fr.ac6.mcu.externaltools.arm-none.win32_1.17.0.201812190825/tools/compiler/bin/../lib/gcc/arm-none-eabi/7.3.1/../../../../arm-none-eabi/lib/thumb/v7e-m/fpv4-sp/hard\libc.a(lib_a-errno.o)
                              src/syscalls.o (__errno)
c:/ac6/systemworkbench/plugins/fr.ac6.mcu.externaltools.arm-none.win32_1.17.0.201812190825/tools/compiler/bin/../lib/gcc/arm-none-eabi/7.3.1/../../../../arm-none-eabi/lib/thumb/v7e-m/fpv4-sp/hard\libc.a(lib_a-exit.o)
                              c:/ac6/systemworkbench/plugins/fr.ac6.mcu.externaltools.arm-none.win32_1.17.0.201812190825/tools/compiler/bin/../lib/gcc/arm-none-eabi/7.3.1/../../../../arm-none-eabi/lib/thumb/v7e-m/fpv4-sp/hard/crt0.o (exit)
c:/ac6/systemworkbench/plugins/fr.ac6.mcu.externaltools.arm-none.win32_1.17.0.201812190825/tools/compiler/bin/../lib/gcc/arm-none-eabi/7.3.1/../../../../arm-none-eabi/lib/thumb/v7e-m/fpv4-sp/hard\libc.a(lib_a-impure.o)
                              c:/ac6/systemworkbench/plugins/fr.ac6.mcu.externaltools.arm-none.win32_1.17.0.201812190825/tools/compiler/bin/../lib/gcc/arm-none-eabi/7.3.1/../../../../arm-none-eabi/lib/thumb/v7e-m/fpv4-sp/hard\libc.a(lib_a-exit.o) (_global_impure_ptr)
c:/ac6/systemworkbench/plugins/fr.ac6.mcu.externaltools.arm-none.win32_1.17.0.201812190825/tools/compiler/bin/../lib/gcc/arm-none-eabi/7.3.1/../../../../arm-none-eabi/lib/thumb/v7e-m/fpv4-sp/hard\libc.a(lib_a-init.o)
                              c:/ac6/systemworkbench/plugins/fr.ac6.mcu.externaltools.arm-none.win32_1.17.0.201812190825/tools/compiler/bin/../lib/gcc/arm-none-eabi/7.3.1/../../../../arm-none-eabi/lib/thumb/v7e-m/fpv4-sp/hard/crt0.o (__libc_init_array)
c:/ac6/systemworkbench/plugins/fr.ac6.mcu.externaltools.arm-none.win32_1.17.0.201812190825/tools/compiler/bin/../lib/gcc/arm-none-eabi/7.3.1/../../../../arm-none-eabi/lib/thumb/v7e-m/fpv4-sp/hard\libc.a(lib_a-memcmp.o)
                              Third-Party/SEGGER/OS/SEGGER_SYSVIEW_FreeRTOS.o (memcmp)
c:/ac6/systemworkbench/plugins/fr.ac6.mcu.externaltools.arm-none.win32_1.17.0.201812190825/tools/compiler/bin/../lib/gcc/arm-none-eabi/7.3.1/../../../../arm-none-eabi/lib/thumb/v7e-m/fpv4-sp/hard\libc.a(lib_a-memcpy.o)
                              Third-Party/FreeRTOS/org/Source/queue.o (memcpy)
c:/ac6/systemworkbench/plugins/fr.ac6.mcu.externaltools.arm-none.win32_1.17.0.201812190825/tools/compiler/bin/../lib/gcc/arm-none-eabi/7.3.1/../../../../arm-none-eabi/lib/thumb/v7e-m/fpv4-sp/hard\libc.a(lib_a-memset.o)
                              c:/ac6/systemworkbench/plugins/fr.ac6.mcu.externaltools.arm-none.win32_1.17.0.201812190825/tools/compiler/bin/../lib/gcc/arm-none-eabi/7.3.1/../../../../arm-none-eabi/lib/thumb/v7e-m/fpv4-sp/hard/crt0.o (memset)
c:/ac6/systemworkbench/plugins/fr.ac6.mcu.externaltools.arm-none.win32_1.17.0.201812190825/tools/compiler/bin/../lib/gcc/arm-none-eabi/7.3.1/../../../../arm-none-eabi/lib/thumb/v7e-m/fpv4-sp/hard\libc.a(lib_a-sprintf.o)
                              src/main.o (sprintf)
c:/ac6/systemworkbench/plugins/fr.ac6.mcu.externaltools.arm-none.win32_1.17.0.201812190825/tools/compiler/bin/../lib/gcc/arm-none-eabi/7.3.1/../../../../arm-none-eabi/lib/thumb/v7e-m/fpv4-sp/hard\libc.a(lib_a-strcpy.o)
                              src/main.o (strcpy)
c:/ac6/systemworkbench/plugins/fr.ac6.mcu.externaltools.arm-none.win32_1.17.0.201812190825/tools/compiler/bin/../lib/gcc/arm-none-eabi/7.3.1/../../../../arm-none-eabi/lib/thumb/v7e-m/fpv4-sp/hard\libc.a(lib_a-strlen.o)
                              Third-Party/SEGGER/SEGGER/SEGGER_RTT.o (strlen)
c:/ac6/systemworkbench/plugins/fr.ac6.mcu.externaltools.arm-none.win32_1.17.0.201812190825/tools/compiler/bin/../lib/gcc/arm-none-eabi/7.3.1/../../../../arm-none-eabi/lib/thumb/v7e-m/fpv4-sp/hard\libc.a(lib_a-svfprintf.o)
                              c:/ac6/systemworkbench/plugins/fr.ac6.mcu.externaltools.arm-none.win32_1.17.0.201812190825/tools/compiler/bin/../lib/gcc/arm-none-eabi/7.3.1/../../../../arm-none-eabi/lib/thumb/v7e-m/fpv4-sp/hard\libc.a(lib_a-sprintf.o) (_svfprintf_r)
c:/ac6/systemworkbench/plugins/fr.ac6.mcu.externaltools.arm-none.win32_1.17.0.201812190825/tools/compiler/bin/../lib/gcc/arm-none-eabi/7.3.1/../../../../arm-none-eabi/lib/thumb/v7e-m/fpv4-sp/hard\libc.a(lib_a-__call_atexit.o)
                              c:/ac6/systemworkbench/plugins/fr.ac6.mcu.externaltools.arm-none.win32_1.17.0.201812190825/tools/compiler/bin/../lib/gcc/arm-none-eabi/7.3.1/../../../../arm-none-eabi/lib/thumb/v7e-m/fpv4-sp/hard\libc.a(lib_a-exit.o) (__call_exitprocs)
c:/ac6/systemworkbench/plugins/fr.ac6.mcu.externaltools.arm-none.win32_1.17.0.201812190825/tools/compiler/bin/../lib/gcc/arm-none-eabi/7.3.1/../../../../arm-none-eabi/lib/thumb/v7e-m/fpv4-sp/hard\libc.a(lib_a-atexit.o)
[...]
Memory Configuration

Name             Origin             Length             Attributes
RAM              0x20000000         0x00020000         xrw
ROM              0x08000000         0x00080000         xr
*default*        0x00000000         0xffffffff

Linker script and memory map

LOAD c:/ac6/systemworkbench/plugins/fr.ac6.mcu.externaltools.arm-none.win32_1.17.0.201812190825/tools/compiler/bin/../lib/gcc/arm-none-eabi/7.3.1/thumb/v7e-m/fpv4-sp/hard/crti.o
LOAD c:/ac6/systemworkbench/plugins/fr.ac6.mcu.externaltools.arm-none.win32_1.17.0.201812190825/tools/compiler/bin/../lib/gcc/arm-none-eabi/7.3.1/thumb/v7e-m/fpv4-sp/hard/crtbegin.o
LOAD c:/ac6/systemworkbench/plugins/fr.ac6.mcu.externaltools.arm-none.win32_1.17.0.201812190825/tools/compiler/bin/../lib/gcc/arm-none-eabi/7.3.1/../../../../arm-none-eabi/lib/thumb/v7e-m/fpv4-sp/hard/crt0.o
LOAD StdPeriph_Driver/src/misc.o
LOAD StdPeriph_Driver/src/stm32f4xx_adc.o
LOAD StdPeriph_Driver/src/stm32f4xx_can.o
LOAD StdPeriph_Driver/src/stm32f4xx_cec.o
LOAD StdPeriph_Driver/src/stm32f4xx_crc.o
LOAD StdPeriph_Driver/src/stm32f4xx_cryp.o
LOAD StdPeriph_Driver/src/stm32f4xx_cryp_aes.o
LOAD StdPeriph_Driver/src/stm32f4xx_cryp_des.o
LOAD StdPeriph_Driver/src/stm32f4xx_cryp_tdes.o
LOAD StdPeriph_Driver/src/stm32f4xx_dac.o
LOAD StdPeriph_Driver/src/stm32f4xx_dbgmcu.o
LOAD StdPeriph_Driver/src/stm32f4xx_dcmi.o
LOAD StdPeriph_Driver/src/stm32f4xx_dfsdm.o
LOAD StdPeriph_Driver/src/stm32f4xx_dma.o
LOAD StdPeriph_Driver/src/stm32f4xx_dma2d.o
LOAD StdPeriph_Driver/src/stm32f4xx_dsi.o
LOAD StdPeriph_Driver/src/stm32f4xx_exti.o
LOAD StdPeriph_Driver/src/stm32f4xx_flash.o
LOAD StdPeriph_Driver/src/stm32f4xx_flash_ramfunc.o
LOAD StdPeriph_Driver/src/stm32f4xx_fmc.o
LOAD StdPeriph_Driver/src/stm32f4xx_fmip2c.o
LOAD StdPeriph_Driver/src/stm32f4xx_fsmc.o
LOAD StdPeriph_Driver/src/stm32f4xx_gpio.o
LOAD StdPeriph_Driver/src/stm32f4xx_hash.o
LOAD StdPeriph_Driver/src/stm32f4xx_hash_md5.o
LOAD StdPeriph_Driver/src/stm32f4xx_hash_sha1.o
LOAD StdPeriph_Driver/src/stm32f4xx_i2c.o
LOAD StdPeriph_Driver/src/stm32f4xx_iwdg.o
LOAD StdPeriph_Driver/src/stm32f4xx_lptim.o
LOAD StdPeriph_Driver/src/stm32f4xx_ltdc.o
LOAD StdPeriph_Driver/src/stm32f4xx_pwr.o
LOAD StdPeriph_Driver/src/stm32f4xx_qspi.o
LOAD StdPeriph_Driver/src/stm32f4xx_rcc.o
LOAD StdPeriph_Driver/src/stm32f4xx_rng.o
LOAD StdPeriph_Driver/src/stm32f4xx_rtc.o
LOAD StdPeriph_Driver/src/stm32f4xx_sai.o
LOAD StdPeriph_Driver/src/stm32f4xx_sdio.o
LOAD StdPeriph_Driver/src/stm32f4xx_spdifrx.o
LOAD StdPeriph_Driver/src/stm32f4xx_spi.o
LOAD StdPeriph_Driver/src/stm32f4xx_syscfg.o
LOAD StdPeriph_Driver/src/stm32f4xx_tim.o
LOAD StdPeriph_Driver/src/stm32f4xx_usart.o
LOAD StdPeriph_Driver/src/stm32f4xx_wwdg.o
LOAD Third-Party/FreeRTOS/org/Source/croutine.o
LOAD Third-Party/FreeRTOS/org/Source/event_groups.o
LOAD Third-Party/FreeRTOS/org/Source/list.o
LOAD Third-Party/FreeRTOS/org/Source/queue.o
LOAD Third-Party/FreeRTOS/org/Source/stream_buffer.o
LOAD Third-Party/FreeRTOS/org/Source/tasks.o
LOAD Third-Party/FreeRTOS/org/Source/timers.o
LOAD Third-Party/FreeRTOS/org/Source/portable/GCC/ARM_CM4F/port.o
LOAD Third-Party/FreeRTOS/org/Source/portable/MemMang/heap_4.o
LOAD Third-Party/SEGGER/Config/SEGGER_SYSVIEW_Config_FreeRTOS.o
LOAD Third-Party/SEGGER/OS/SEGGER_SYSVIEW_FreeRTOS.o
LOAD Third-Party/SEGGER/SEGGER/SEGGER_RTT.o
LOAD Third-Party/SEGGER/SEGGER/SEGGER_SYSVIEW.o
LOAD src/main.o
LOAD src/syscalls.o
LOAD src/system_stm32f4xx.o
LOAD startup/startup_stm32.o
LOAD c:/ac6/systemworkbench/plugins/fr.ac6.mcu.externaltools.arm-none.win32_1.17.0.201812190825/tools/compiler/bin/../lib/gcc/arm-none-eabi/7.3.1/../../../../arm-none-eabi/lib/thumb/v7e-m/fpv4-sp/hard\libm.a
START GROUP
LOAD c:/ac6/systemworkbench/plugins/fr.ac6.mcu.externaltools.arm-none.win32_1.17.0.201812190825/tools/compiler/bin/../lib/gcc/arm-none-eabi/7.3.1/thumb/v7e-m/fpv4-sp/hard\libgcc.a
LOAD c:/ac6/systemworkbench/plugins/fr.ac6.mcu.externaltools.arm-none.win32_1.17.0.201812190825/tools/compiler/bin/../lib/gcc/arm-none-eabi/7.3.1/../../../../arm-none-eabi/lib/thumb/v7e-m/fpv4-sp/hard\libc.a
END GROUP
LOAD c:/ac6/systemworkbench/plugins/fr.ac6.mcu.externaltools.arm-none.win32_1.17.0.201812190825/tools/compiler/bin/../lib/gcc/arm-none-eabi/7.3.1/thumb/v7e-m/fpv4-sp/hard/crtend.o
LOAD c:/ac6/systemworkbench/plugins/fr.ac6.mcu.externaltools.arm-none.win32_1.17.0.201812190825/tools/compiler/bin/../lib/gcc/arm-none-eabi/7.3.1/thumb/v7e-m/fpv4-sp/hard/crtn.o
                0x20020000                _estack = 0x20020000
                0x00000000                _Min_Heap_Size = 0x0
                0x00000400                _Min_Stack_Size = 0x400

.isr_vector     0x08000000      0x1c4
                0x08000000                . = ALIGN (0x4)
 *(.isr_vector)
 .isr_vector    0x08000000      0x1c4 startup/startup_stm32.o
                0x08000000                g_pfnVectors
                0x080001c4                . = ALIGN (0x4)

.text           0x08000200     0x5d10
                0x08000200                . = ALIGN (0x4)
 *(.text)
 .text          0x08000200       0x40 c:/ac6/systemworkbench/plugins/fr.ac6.mcu.externaltools.arm-none.win32_1.17.0.201812190825/tools/compiler/bin/../lib/gcc/arm-none-eabi/7.3.1/thumb/v7e-m/fpv4-sp/hard/crtbegin.o
 .text          0x08000240      0x134 c:/ac6/systemworkbench/plugins/fr.ac6.mcu.externaltools.arm-none.win32_1.17.0.201812190825/tools/compiler/bin/../lib/gcc/arm-none-eabi/7.3.1/../../../../arm-none-eabi/lib/thumb/v7e-m/fpv4-sp/hard\libc.a(lib_a-memcpy.o)
                0x08000240                memcpy
 *fill*         0x08000374        0xc 
 .text          0x08000380       0xdc c:/ac6/systemworkbench/plugins/fr.ac6.mcu.externaltools.arm-none.win32_1.17.0.201812190825/tools/compiler/bin/../lib/gcc/arm-none-eabi/7.3.1/../../../../arm-none-eabi/lib/thumb/v7e-m/fpv4-sp/hard\libc.a(lib_a-strlen.o)
                0x08000380                strlen
 *(.text*)
 .text.EXTI_Init
                0x0800045c       0xe4 StdPeriph_Driver/src/stm32f4xx_exti.o
                0x0800045c                EXTI_Init
 .text.EXTI_ClearITPendingBit
                0x08000540       0x20 StdPeriph_Driver/src/stm32f4xx_exti.o
                0x08000540                EXTI_ClearITPendingBit
 .text.GPIO_Init
                0x08000560      0x11c StdPeriph_Driver/src/stm32f4xx_gpio.o
                0x08000560                GPIO_Init
 .text.GPIO_PinAFConfig
                0x0800067c       0x92 StdPeriph_Driver/src/stm32f4xx_gpio.o
                0x0800067c                GPIO_PinAFConfig
 *fill*         0x0800070e        0x2 
 .text.RCC_DeInit
                0x08000710       0x70 StdPeriph_Driver/src/stm32f4xx_rcc.o
                0x08000710                RCC_DeInit
 .text.RCC_GetClocksFreq
                0x08000780      0x1f4 StdPeriph_Driver/src/stm32f4xx_rcc.o
                0x08000780                RCC_GetClocksFreq
 .text.RCC_AHB1PeriphClockCmd
                0x08000974       0x40 StdPeriph_Driver/src/stm32f4xx_rcc.o
                0x08000974                RCC_AHB1PeriphClockCmd
 .text.RCC_APB1PeriphClockCmd
                0x080009b4       0x40 StdPeriph_Driver/src/stm32f4xx_rcc.o
                0x080009b4                RCC_APB1PeriphClockCmd
 .text.SYSCFG_EXTILineConfig
                0x080009f4       0x84 StdPeriph_Driver/src/stm32f4xx_syscfg.o
                0x080009f4                SYSCFG_EXTILineConfig
 .text.USART_Init
                0x08000a78      0x174 StdPeriph_Driver/src/stm32f4xx_usart.o
                0x08000a78                USART_Init
 .text.USART_Cmd
                0x08000bec       0x40 StdPeriph_Driver/src/stm32f4xx_usart.o
                0x08000bec                USART_Cmd
 .text.USART_SendData
                0x08000c2c       0x24 StdPeriph_Driver/src/stm32f4xx_usart.o
                0x08000c2c                USART_SendData
 .text.USART_GetFlagStatus
                0x08000c50       0x38 StdPeriph_Driver/src/stm32f4xx_usart.o
                0x08000c50                USART_GetFlagStatus
 .text.vListInitialise
                0x08000c88       0x40 Third-Party/FreeRTOS/org/Source/list.o
                0x08000c88                vListInitialise
 .text.vListInitialiseItem
                0x08000cc8       0x1a Third-Party/FreeRTOS/org/Source/list.o
                0x08000cc8                vListInitialiseItem
 .text.vListInsertEnd
                0x08000ce2       0x48 Third-Party/FreeRTOS/org/Source/list.o
                0x08000ce2                vListInsertEnd
 .text.vListInsert
                0x08000d2a       0x72 Third-Party/FreeRTOS/org/Source/list.o
                0x08000d2a                vListInsert
 .text.uxListRemove
                0x08000d9c       0x54 Third-Party/FreeRTOS/org/Source/list.o
                0x08000d9c                uxListRemove
 .text.xQueueGenericReset
                0x08000df0       0xd0 Third-Party/FreeRTOS/org/Source/queue.o
                0x08000df0                xQueueGenericReset
 .text.xQueueGenericCreate
                0x08000ec0       0x76 Third-Party/FreeRTOS/org/Source/queue.o
                0x08000ec0                xQueueGenericCreate
 .text.prvInitialiseNewQueue
                0x08000f36       0x52 Third-Party/FreeRTOS/org/Source/queue.o
 .text.prvInitialiseMutex
                0x08000f88       0x34 Third-Party/FreeRTOS/org/Source/queue.o
 .text.xQueueCreateMutex
                0x08000fbc       0x30 Third-Party/FreeRTOS/org/Source/queue.o
                0x08000fbc                xQueueCreateMutex
 .text.xQueueGenericSend
                0x08000fec      0x244 Third-Party/FreeRTOS/org/Source/queue.o
                0x08000fec                xQueueGenericSend
 .text.xQueueGenericSendFromISR
                0x08001230      0x150 Third-Party/FreeRTOS/org/Source/queue.o
                0x08001230                xQueueGenericSendFromISR
 .text.xQueueReceive
                0x08001380      0x228 Third-Party/FreeRTOS/org/Source/queue.o
                0x08001380                xQueueReceive
 .text.xQueueSemaphoreTake
                0x080015a8      0x27c Third-Party/FreeRTOS/org/Source/queue.o
                0x080015a8                xQueueSemaphoreTake
 .text.prvGetDisinheritPriorityAfterTimeout
                0x08001824       0x30 Third-Party/FreeRTOS/org/Source/queue.o
 .text.prvCopyDataToQueue
                0x08001854       0xd4 Third-Party/FreeRTOS/org/Source/queue.o
 .text.prvCopyDataFromQueue
                0x08001928       0x4c Third-Party/FreeRTOS/org/Source/queue.o
 .text.prvUnlockQueue
                0x08001974       0xa4 Third-Party/FreeRTOS/org/Source/queue.o
 .text.prvIsQueueEmpty
                0x08001a18       0x2c Third-Party/FreeRTOS/org/Source/queue.o
 .text.prvIsQueueFull
                0x08001a44       0x30 Third-Party/FreeRTOS/org/Source/queue.o
 .text.vQueueAddToRegistry
                0x08001a74       0x60 Third-Party/FreeRTOS/org/Source/queue.o
                0x08001a74                vQueueAddToRegistry
 .text.vQueueWaitForMessageRestricted
                0x08001ad4       0x68 Third-Party/FreeRTOS/org/Source/queue.o
                0x08001ad4                vQueueWaitForMessageRestricted
 .text.xTaskCreate
                0x08001b3c       0x82 Third-Party/FreeRTOS/org/Source/tasks.o
                0x08001b3c                xTaskCreate
 .text.prvInitialiseNewTask
                0x08001bbe      0x11c Third-Party/FreeRTOS/org/Source/tasks.o
 *fill*         0x08001cda        0x2 
 .text.prvAddNewTaskToReadyList
                0x08001cdc      0x118 Third-Party/FreeRTOS/org/Source/tasks.o
 .text.vTaskDelay
                0x08001df4       0x70 Third-Party/FreeRTOS/org/Source/tasks.o
                0x08001df4                vTaskDelay
 .text.vTaskStartScheduler
                0x08001e64       0xb8 Third-Party/FreeRTOS/org/Source/tasks.o
                0x08001e64                vTaskStartScheduler
 .text.vTaskSuspendAll
                0x08001f1c       0x1c Third-Party/FreeRTOS/org/Source/tasks.o
                0x08001f1c                vTaskSuspendAll
 .text.xTaskResumeAll
                0x08001f38      0x140 Third-Party/FreeRTOS/org/Source/tasks.o
                0x08001f38                xTaskResumeAll
 .text.xTaskGetTickCount
                0x08002078       0x20 Third-Party/FreeRTOS/org/Source/tasks.o
                0x08002078                xTaskGetTickCount
 .text.xTaskGetTickCountFromISR
                0x08002098       0x24 Third-Party/FreeRTOS/org/Source/tasks.o
                0x08002098                xTaskGetTickCountFromISR
 .text.xTaskIncrementTick
                0x080020bc      0x178 Third-Party/FreeRTOS/org/Source/tasks.o
                0x080020bc                xTaskIncrementTick
 .text.vTaskSwitchContext
                0x08002234       0xd0 Third-Party/FreeRTOS/org/Source/tasks.o
                0x08002234                vTaskSwitchContext
 .text.vTaskPlaceOnEventList
                0x08002304       0x48 Third-Party/FreeRTOS/org/Source/tasks.o
                0x08002304                vTaskPlaceOnEventList
 .text.vTaskPlaceOnEventListRestricted
                0x0800234c       0x5c Third-Party/FreeRTOS/org/Source/tasks.o
                0x0800234c                vTaskPlaceOnEventListRestricted
 .text.xTaskRemoveFromEventList
                0x080023a8       0xcc Third-Party/FreeRTOS/org/Source/tasks.o
                0x080023a8                xTaskRemoveFromEventList
 .text.vTaskInternalSetTimeOutState
                0x08002474       0x2c Third-Party/FreeRTOS/org/Source/tasks.o
                0x08002474                vTaskInternalSetTimeOutState
 .text.xTaskCheckForTimeOut
                0x080024a0       0xc0 Third-Party/FreeRTOS/org/Source/tasks.o
                0x080024a0                xTaskCheckForTimeOut
 .text.vTaskMissedYield
                0x08002560       0x18 Third-Party/FreeRTOS/org/Source/tasks.o
                0x08002560                vTaskMissedYield
 .text.prvIdleTask
                0x08002578       0x34 Third-Party/FreeRTOS/org/Source/tasks.o
 .text.prvInitialiseTaskLists
                0x080025ac       0x80 Third-Party/FreeRTOS/org/Source/tasks.o
 .text.prvCheckTasksWaitingTermination
                0x0800262c       0x58 Third-Party/FreeRTOS/org/Source/tasks.o
 .text.prvDeleteTCB
                0x08002684       0x20 Third-Party/FreeRTOS/org/Source/tasks.o
 .text.prvResetNextTaskUnblockTime
                0x080026a4       0x40 Third-Party/FreeRTOS/org/Source/tasks.o
 .text.xTaskGetSchedulerState
                0x080026e4       0x3c Third-Party/FreeRTOS/org/Source/tasks.o
                0x080026e4                xTaskGetSchedulerState
 .text.xTaskPriorityInherit
                0x08002720      0x10c Third-Party/FreeRTOS/org/Source/tasks.o
                0x08002720                xTaskPriorityInherit
 .text.xTaskPriorityDisinherit
                0x0800282c      0x110 Third-Party/FreeRTOS/org/Source/tasks.o
                0x0800282c                xTaskPriorityDisinherit
 .text.vTaskPriorityDisinheritAfterTimeout
                0x0800293c      0x144 Third-Party/FreeRTOS/org/Source/tasks.o
                0x0800293c                vTaskPriorityDisinheritAfterTimeout
 .text.pvTaskIncrementMutexHeldCount
                0x08002a80       0x28 Third-Party/FreeRTOS/org/Source/tasks.o
                0x08002a80                pvTaskIncrementMutexHeldCount
 .text.prvAddCurrentTaskToDelayedList
                0x08002aa8       0xf0 Third-Party/FreeRTOS/org/Source/tasks.o
 .text.xTimerCreateTimerTask
                0x08002b98       0x64 Third-Party/FreeRTOS/org/Source/timers.o
                0x08002b98                xTimerCreateTimerTask
 .text.xTimerGenericCommand
                0x08002bfc       0x98 Third-Party/FreeRTOS/org/Source/timers.o
                0x08002bfc                xTimerGenericCommand
 .text.prvProcessExpiredTimer
                0x08002c94       0x98 Third-Party/FreeRTOS/org/Source/timers.o
 .text.prvTimerTask
                0x08002d2c       0x24 Third-Party/FreeRTOS/org/Source/timers.o
 .text.prvProcessTimerOrBlockTask
                0x08002d50       0x9c Third-Party/FreeRTOS/org/Source/timers.o
 .text.prvGetNextExpireTime
                0x08002dec       0x48 Third-Party/FreeRTOS/org/Source/timers.o
 .text.prvSampleTimeNow
                0x08002e34       0x40 Third-Party/FreeRTOS/org/Source/timers.o
 .text.prvInsertTimerInActiveList
                0x08002e74       0x84 Third-Party/FreeRTOS/org/Source/timers.o
 .text.prvProcessReceivedCommands
                0x08002ef8      0x188 Third-Party/FreeRTOS/org/Source/timers.o
 .text.prvSwitchTimerLists
                0x08003080       0xc8 Third-Party/FreeRTOS/org/Source/timers.o
 .text.prvCheckForValidListAndQueue
                0x08003148       0x6c Third-Party/FreeRTOS/org/Source/timers.o
 .text.pxPortInitialiseStack
                0x080031b4       0x68 Third-Party/FreeRTOS/org/Source/portable/GCC/ARM_CM4F/port.o
                0x080031b4                pxPortInitialiseStack
 .text.prvTaskExitError
                0x0800321c       0x54 Third-Party/FreeRTOS/org/Source/portable/GCC/ARM_CM4F/port.o
 .text.SVC_Handler
                0x08003270       0x28 Third-Party/FreeRTOS/org/Source/portable/GCC/ARM_CM4F/port.o
                0x08003270                SVC_Handler
 .text.prvPortStartFirstTask
                0x08003298       0x28 Third-Party/FreeRTOS/org/Source/portable/GCC/ARM_CM4F/port.o
 .text.xPortStartScheduler
                0x080032c0      0x13c Third-Party/FreeRTOS/org/Source/portable/GCC/ARM_CM4F/port.o
                0x080032c0                xPortStartScheduler
 .text.vPortEnterCritical
                0x080033fc       0x5c Third-Party/FreeRTOS/org/Source/portable/GCC/ARM_CM4F/port.o
                0x080033fc                vPortEnterCritical
 .text.vPortExitCritical
                0x08003458       0x50 Third-Party/FreeRTOS/org/Source/portable/GCC/ARM_CM4F/port.o
                0x08003458                vPortExitCritical
 *fill*         0x080034a8        0x8 
 .text.PendSV_Handler
                0x080034b0       0x68 Third-Party/FreeRTOS/org/Source/portable/GCC/ARM_CM4F/port.o
                0x080034b0                PendSV_Handler
 .text.SysTick_Handler
                0x08003518       0x50 Third-Party/FreeRTOS/org/Source/portable/GCC/ARM_CM4F/port.o
                0x08003518                SysTick_Handler
 .text.vPortSetupTimerInterrupt
                0x08003568       0x48 Third-Party/FreeRTOS/org/Source/portable/GCC/ARM_CM4F/port.o
                0x08003568                vPortSetupTimerInterrupt
 .text.vPortEnableVFP
                0x080035b0       0x14 Third-Party/FreeRTOS/org/Source/portable/GCC/ARM_CM4F/port.o
 .text.vPortValidateInterruptPriority
                0x080035c4       0x7c Third-Party/FreeRTOS/org/Source/portable/GCC/ARM_CM4F/port.o
                0x080035c4                vPortValidateInterruptPriority
 .text.pvPortMalloc
                0x08003640      0x184 Third-Party/FreeRTOS/org/Source/portable/MemMang/heap_4.o
                0x08003640                pvPortMalloc
 .text.vPortFree
                0x080037c4       0xb0 Third-Party/FreeRTOS/org/Source/portable/MemMang/heap_4.o
                0x080037c4                vPortFree
 .text.prvHeapInit
                0x08003874       0xc4 Third-Party/FreeRTOS/org/Source/portable/MemMang/heap_4.o
 .text.prvInsertBlockIntoFreeList
                0x08003938       0xb4 Third-Party/FreeRTOS/org/Source/portable/MemMang/heap_4.o
 .text._cbSendSystemDesc
                0x080039ec       0x1c Third-Party/SEGGER/Config/SEGGER_SYSVIEW_Config_FreeRTOS.o
 .text.SEGGER_SYSVIEW_Conf
                0x08003a08       0x2c Third-Party/SEGGER/Config/SEGGER_SYSVIEW_Config_FreeRTOS.o
                0x08003a08                SEGGER_SYSVIEW_Conf
 .text._cbSendTaskList
                0x08003a34       0x90 Third-Party/SEGGER/OS/SEGGER_SYSVIEW_FreeRTOS.o
 .text._cbGetTime
                0x08003ac4       0x76 Third-Party/SEGGER/OS/SEGGER_SYSVIEW_FreeRTOS.o
 *fill*         0x08003b3a        0x2 
 .text.SYSVIEW_AddTask
                0x08003b3c       0xd0 Third-Party/SEGGER/OS/SEGGER_SYSVIEW_FreeRTOS.o
                0x08003b3c                SYSVIEW_AddTask
 .text.SYSVIEW_SendTaskInfo
                0x08003c0c       0x42 Third-Party/SEGGER/OS/SEGGER_SYSVIEW_FreeRTOS.o
                0x08003c0c                SYSVIEW_SendTaskInfo
 *fill*         0x08003c4e        0x2 
 .text._DoInit  0x08003c50       0xa4 Third-Party/SEGGER/SEGGER/SEGGER_RTT.o
 .text.SEGGER_RTT_ReadNoLock
                0x08003cf4      0x104 Third-Party/SEGGER/SEGGER/SEGGER_RTT.o
                0x08003cf4                SEGGER_RTT_ReadNoLock
 .text.SEGGER_RTT_WriteSkipNoLock
                0x08003df8       0xe8 Third-Party/SEGGER/SEGGER/SEGGER_RTT.o
                0x08003df8                SEGGER_RTT_WriteSkipNoLock
 .text.SEGGER_RTT_ConfigUpBuffer
                0x08003ee0       0xd4 Third-Party/SEGGER/SEGGER/SEGGER_RTT.o
                0x08003ee0                SEGGER_RTT_ConfigUpBuffer
 .text.SEGGER_RTT_ConfigDownBuffer
                0x08003fb4       0xd4 Third-Party/SEGGER/SEGGER/SEGGER_RTT.o
                0x08003fb4                SEGGER_RTT_ConfigDownBuffer
 .text._EncodeStr
                0x08004088       0x9a Third-Party/SEGGER/SEGGER/SEGGER_SYSVIEW.o
 .text._PreparePacket
                0x08004122       0x18 Third-Party/SEGGER/SEGGER/SEGGER_SYSVIEW.o
 .text._HandleIncomingPacket
                0x0800413a       0xb8 Third-Party/SEGGER/SEGGER/SEGGER_SYSVIEW.o
 *fill*         0x080041f2        0x2 
 .text._TrySendOverflowPacket
                0x080041f4       0xe0 Third-Party/SEGGER/SEGGER/SEGGER_SYSVIEW.o
 .text._SendPacket
                0x080042d4      0x1a8 Third-Party/SEGGER/SEGGER/SEGGER_SYSVIEW.o
 .text.SEGGER_SYSVIEW_Init
                0x0800447c       0x7c Third-Party/SEGGER/SEGGER/SEGGER_SYSVIEW.o
                0x0800447c                SEGGER_SYSVIEW_Init
 .text.SEGGER_SYSVIEW_SetRAMBase
                0x080044f8       0x20 Third-Party/SEGGER/SEGGER/SEGGER_SYSVIEW.o
                0x080044f8                SEGGER_SYSVIEW_SetRAMBase
 .text.SEGGER_SYSVIEW_RecordVoid
                0x08004518       0x3c Third-Party/SEGGER/SEGGER/SEGGER_SYSVIEW.o
                0x08004518                SEGGER_SYSVIEW_RecordVoid
 .text.SEGGER_SYSVIEW_RecordU32
                0x08004554       0x78 Third-Party/SEGGER/SEGGER/SEGGER_SYSVIEW.o
                0x08004554                SEGGER_SYSVIEW_RecordU32
 .text.SEGGER_SYSVIEW_RecordU32x2
                0x080045cc       0xb4 Third-Party/SEGGER/SEGGER/SEGGER_SYSVIEW.o
                0x080045cc                SEGGER_SYSVIEW_RecordU32x2
 .text.SEGGER_SYSVIEW_RecordU32x3
                0x08004680       0xec Third-Party/SEGGER/SEGGER/SEGGER_SYSVIEW.o
                0x08004680                SEGGER_SYSVIEW_RecordU32x3
 .text.SEGGER_SYSVIEW_RecordU32x4
                0x0800476c      0x124 Third-Party/SEGGER/SEGGER/SEGGER_SYSVIEW.o
                0x0800476c                SEGGER_SYSVIEW_RecordU32x4
 .text.SEGGER_SYSVIEW_Start
                0x08004890      0x170 Third-Party/SEGGER/SEGGER/SEGGER_SYSVIEW.o
                0x08004890                SEGGER_SYSVIEW_Start
 .text.SEGGER_SYSVIEW_Stop
                0x08004a00       0x4c Third-Party/SEGGER/SEGGER/SEGGER_SYSVIEW.o
                0x08004a00                SEGGER_SYSVIEW_Stop
 .text.SEGGER_SYSVIEW_GetSysDesc
                0x08004a4c      0x134 Third-Party/SEGGER/SEGGER/SEGGER_SYSVIEW.o
                0x08004a4c                SEGGER_SYSVIEW_GetSysDesc
 .text.SEGGER_SYSVIEW_SendTaskInfo
                0x08004b80      0x1cc Third-Party/SEGGER/SEGGER/SEGGER_SYSVIEW.o
                0x08004b80                SEGGER_SYSVIEW_SendTaskInfo
 .text.SEGGER_SYSVIEW_SendTaskList
                0x08004d4c       0x28 Third-Party/SEGGER/SEGGER/SEGGER_SYSVIEW.o
                0x08004d4c                SEGGER_SYSVIEW_SendTaskList
 .text.SEGGER_SYSVIEW_SendSysDesc
                0x08004d74       0x48 Third-Party/SEGGER/SEGGER/SEGGER_SYSVIEW.o
                0x08004d74                SEGGER_SYSVIEW_SendSysDesc
 .text.SEGGER_SYSVIEW_RecordSystime
                0x08004dbc       0x60 Third-Party/SEGGER/SEGGER/SEGGER_SYSVIEW.o
                0x08004dbc                SEGGER_SYSVIEW_RecordSystime
 .text.SEGGER_SYSVIEW_RecordEnterISR
                0x08004e1c       0x84 Third-Party/SEGGER/SEGGER/SEGGER_SYSVIEW.o
                0x08004e1c                SEGGER_SYSVIEW_RecordEnterISR
 .text.SEGGER_SYSVIEW_RecordExitISR
                0x08004ea0       0x38 Third-Party/SEGGER/SEGGER/SEGGER_SYSVIEW.o
                0x08004ea0                SEGGER_SYSVIEW_RecordExitISR
 .text.SEGGER_SYSVIEW_RecordExitISRToScheduler
                0x08004ed8       0x38 Third-Party/SEGGER/SEGGER/SEGGER_SYSVIEW.o
                0x08004ed8                SEGGER_SYSVIEW_RecordExitISRToScheduler
 .text.SEGGER_SYSVIEW_OnIdle
                0x08004f10       0x38 Third-Party/SEGGER/SEGGER/SEGGER_SYSVIEW.o
                0x08004f10                SEGGER_SYSVIEW_OnIdle
 .text.SEGGER_SYSVIEW_OnTaskCreate
                0x08004f48       0x88 Third-Party/SEGGER/SEGGER/SEGGER_SYSVIEW.o
                0x08004f48                SEGGER_SYSVIEW_OnTaskCreate
 .text.SEGGER_SYSVIEW_OnTaskStartExec
                0x08004fd0       0x88 Third-Party/SEGGER/SEGGER/SEGGER_SYSVIEW.o
                0x08004fd0                SEGGER_SYSVIEW_OnTaskStartExec
 .text.SEGGER_SYSVIEW_OnTaskStartReady
                0x08005058       0x88 Third-Party/SEGGER/SEGGER/SEGGER_SYSVIEW.o
                0x08005058                SEGGER_SYSVIEW_OnTaskStartReady
 .text.SEGGER_SYSVIEW_OnTaskStopReady
                0x080050e0       0xc0 Third-Party/SEGGER/SEGGER/SEGGER_SYSVIEW.o
                0x080050e0                SEGGER_SYSVIEW_OnTaskStopReady
 .text.SEGGER_SYSVIEW_ShrinkId
                0x080051a0       0x24 Third-Party/SEGGER/SEGGER/SEGGER_SYSVIEW.o
                0x080051a0                SEGGER_SYSVIEW_ShrinkId
 .text.SEGGER_SYSVIEW_SendModule
                0x080051c4      0x100 Third-Party/SEGGER/SEGGER/SEGGER_SYSVIEW.o
                0x080051c4                SEGGER_SYSVIEW_SendModule
 .text.SEGGER_SYSVIEW_SendModuleDescription
                0x080052c4       0x3c Third-Party/SEGGER/SEGGER/SEGGER_SYSVIEW.o
                0x080052c4                SEGGER_SYSVIEW_SendModuleDescription
 .text.SEGGER_SYSVIEW_SendNumModules
                0x08005300       0x7c Third-Party/SEGGER/SEGGER/SEGGER_SYSVIEW.o
                0x08005300                SEGGER_SYSVIEW_SendNumModules
 .text.SEGGER_SYSVIEW_Warn
                0x0800537c       0xb8 Third-Party/SEGGER/SEGGER/SEGGER_SYSVIEW.o
                0x0800537c                SEGGER_SYSVIEW_Warn
 .text.NVIC_EnableIRQ
                0x08005434       0x34 src/main.o
 .text.NVIC_SetPriority
                0x08005468       0x54 src/main.o
 .text.main     0x080054bc      0x104 src/main.o
                0x080054bc                main
 .text.vTask1   0x080055c0       0x4c src/main.o
                0x080055c0                vTask1
 .text.vTask2   0x0800560c       0x4c src/main.o
                0x0800560c                vTask2
 .text.prvSetupHardware
                0x08005658       0x10 src/main.o
 .text.prvSetupUART
                0x08005668       0x9c src/main.o
 .text.prvSetupGpio
                0x08005704       0xb8 src/main.o
                0x08005704                prvSetupGpio
 .text.printmsg
                0x080057bc       0x50 src/main.o
                0x080057bc                printmsg
 .text.EXTI1_IRQHandler
                0x0800580c       0x1c src/main.o
                0x0800580c                EXTI1_IRQHandler
 .text.button_handler
                0x08005828       0x20 src/main.o
                0x08005828                button_handler
 .text.vApplicationIdleHook
                0x08005848        0xe src/main.o
                0x08005848                vApplicationIdleHook
 *fill*         0x08005856        0x2 
 .text.SystemInit
                0x08005858       0x6c src/system_stm32f4xx.o
                0x08005858                SystemInit
 .text.SystemCoreClockUpdate
                0x080058c4      0x19c src/system_stm32f4xx.o
                0x080058c4                SystemCoreClockUpdate
 .text.SetSysClock
                0x08005a60      0x12c src/system_stm32f4xx.o
 .text.Reset_Handler
                0x08005b8c       0x50 startup/startup_stm32.o
                0x08005b8c                Reset_Handler
 .text.Default_Handler
                0x08005bdc        0x2 startup/startup_stm32.o
                0x08005bdc                RTC_Alarm_IRQHandler
                0x08005bdc                EXTI2_IRQHandler
                0x08005bdc                TIM8_CC_IRQHandler
                0x08005bdc                SPDIF_Rx_IRQHandler
                0x08005bdc                DebugMon_Handler
                0x08005bdc                SPI4_IRQHandler
                0x08005bdc                TIM1_CC_IRQHandler
                0x08005bdc                QuadSPI_IRQHandler
                0x08005bdc                DMA2_Stream5_IRQHandler
                0x08005bdc                HardFault_Handler
                0x08005bdc                DMA1_Stream5_IRQHandler
                0x08005bdc                PVD_IRQHandler
                0x08005bdc                SDIO_IRQHandler
                0x08005bdc                TAMP_STAMP_IRQHandler
                0x08005bdc                NMI_Handler
                0x08005bdc                CAN2_RX1_IRQHandler
                0x08005bdc                EXTI3_IRQHandler
                0x08005bdc                TIM8_TRG_COM_TIM14_IRQHandler
                0x08005bdc                TIM1_UP_TIM10_IRQHandler
                0x08005bdc                FMPI2C1_error_IRQHandler
                0x08005bdc                TIM8_UP_TIM13_IRQHandler
                0x08005bdc                I2C3_ER_IRQHandler
                0x08005bdc                EXTI0_IRQHandler
                0x08005bdc                I2C2_EV_IRQHandler
                0x08005bdc                DMA1_Stream2_IRQHandler
                0x08005bdc                CAN1_RX0_IRQHandler
                0x08005bdc                FPU_IRQHandler
                0x08005bdc                OTG_HS_WKUP_IRQHandler
                0x08005bdc                UsageFault_Handler
                0x08005bdc                CAN2_SCE_IRQHandler
                0x08005bdc                DMA2_Stream2_IRQHandler
                0x08005bdc                SPI1_IRQHandler
                0x08005bdc                TIM6_DAC_IRQHandler
                0x08005bdc                TIM1_BRK_TIM9_IRQHandler
                0x08005bdc                DCMI_IRQHandler
                0x08005bdc                CAN2_RX0_IRQHandler
                0x08005bdc                DMA2_Stream3_IRQHandler
                0x08005bdc                FMPI2C1_IRQHandler
                0x08005bdc                SAI2_IRQHandler
                0x08005bdc                USART6_IRQHandler
                0x08005bdc                USART3_IRQHandler
                0x08005bdc                CAN1_RX1_IRQHandler
                0x08005bdc                UART5_IRQHandler
                0x08005bdc                DMA2_Stream0_IRQHandler
                0x08005bdc                TIM4_IRQHandler
                0x08005bdc                I2C1_EV_IRQHandler
                0x08005bdc                HDMI_CEC_IRQHandler
                0x08005bdc                DMA1_Stream6_IRQHandler
                0x08005bdc                DMA1_Stream1_IRQHandler
                0x08005bdc                UART4_IRQHandler
                0x08005bdc                TIM3_IRQHandler
                0x08005bdc                RCC_IRQHandler
                0x08005bdc                TIM8_BRK_TIM12_IRQHandler
                0x08005bdc                Default_Handler
                0x08005bdc                EXTI15_10_IRQHandler
                0x08005bdc                ADC_IRQHandler
                0x08005bdc                DMA1_Stream7_IRQHandler
                0x08005bdc                TIM7_IRQHandler
                0x08005bdc                CAN2_TX_IRQHandler
                0x08005bdc                TIM5_IRQHandler
                0x08005bdc                DMA2_Stream7_IRQHandler
                0x08005bdc                I2C3_EV_IRQHandler
                0x08005bdc                EXTI9_5_IRQHandler
                0x08005bdc                RTC_WKUP_IRQHandler
                0x08005bdc                SPI2_IRQHandler
                0x08005bdc                OTG_HS_EP1_IN_IRQHandler
                0x08005bdc                MemManage_Handler
                0x08005bdc                DMA1_Stream0_IRQHandler
                0x08005bdc                CAN1_TX_IRQHandler
                0x08005bdc                EXTI4_IRQHandler
                0x08005bdc                OTG_HS_EP1_OUT_IRQHandler
                0x08005bdc                WWDG_IRQHandler
                0x08005bdc                TIM2_IRQHandler
                0x08005bdc                OTG_FS_WKUP_IRQHandler
                0x08005bdc                TIM1_TRG_COM_TIM11_IRQHandler
                0x08005bdc                OTG_HS_IRQHandler
                0x08005bdc                USART2_IRQHandler
                0x08005bdc                I2C2_ER_IRQHandler
                0x08005bdc                DMA2_Stream1_IRQHandler
                0x08005bdc                CAN1_SCE_IRQHandler
                0x08005bdc                FLASH_IRQHandler
                0x08005bdc                DMA2_Stream4_IRQHandler
                0x08005bdc                BusFault_Handler
                0x08005bdc                USART1_IRQHandler
                0x08005bdc                OTG_FS_IRQHandler
                0x08005bdc                SPI3_IRQHandler
                0x08005bdc                DMA1_Stream4_IRQHandler
                0x08005bdc                I2C1_ER_IRQHandler
                0x08005bdc                FMC_IRQHandler
                0x08005bdc                DMA2_Stream6_IRQHandler
                0x08005bdc                SAI1_IRQHandler
                0x08005bdc                DMA1_Stream3_IRQHandler
 *fill*         0x08005bde        0x2 
 .text.__libc_init_array
                0x08005be0       0x48 c:/ac6/systemworkbench/plugins/fr.ac6.mcu.externaltools.arm-none.win32_1.17.0.201812190825/tools/compiler/bin/../lib/gcc/arm-none-eabi/7.3.1/../../../../arm-none-eabi/lib/thumb/v7e-m/fpv4-sp/hard\libc.a(lib_a-init.o)
                0x08005be0                __libc_init_array
 .text.memcmp   0x08005c28       0x64 c:/ac6/systemworkbench/plugins/fr.ac6.mcu.externaltools.arm-none.win32_1.17.0.201812190825/tools/compiler/bin/../lib/gcc/arm-none-eabi/7.3.1/../../../../arm-none-eabi/lib/thumb/v7e-m/fpv4-sp/hard\libc.a(lib_a-memcmp.o)
                0x08005c28                memcmp
 .text.memset   0x08005c8c       0x94 c:/ac6/systemworkbench/plugins/fr.ac6.mcu.externaltools.arm-none.win32_1.17.0.201812190825/tools/compiler/bin/../lib/gcc/arm-none-eabi/7.3.1/../../../../arm-none-eabi/lib/thumb/v7e-m/fpv4-sp/hard\libc.a(lib_a-memset.o)
                0x08005c8c                memset
 .text.strcpy   0x08005d20       0xbc c:/ac6/systemworkbench/plugins/fr.ac6.mcu.externaltools.arm-none.win32_1.17.0.201812190825/tools/compiler/bin/../lib/gcc/arm-none-eabi/7.3.1/../../../../arm-none-eabi/lib/thumb/v7e-m/fpv4-sp/hard\libc.a(lib_a-strcpy.o)
                0x08005d20                strcpy
 .text.startup.register_fini
                0x08005ddc       0x14 c:/ac6/systemworkbench/plugins/fr.ac6.mcu.externaltools.arm-none.win32_1.17.0.201812190825/tools/compiler/bin/../lib/gcc/arm-none-eabi/7.3.1/../../../../arm-none-eabi/lib/thumb/v7e-m/fpv4-sp/hard\libc.a(lib_a-__call_atexit.o)
 .text.atexit   0x08005df0        0xc c:/ac6/systemworkbench/plugins/fr.ac6.mcu.externaltools.arm-none.win32_1.17.0.201812190825/tools/compiler/bin/../lib/gcc/arm-none-eabi/7.3.1/../../../../arm-none-eabi/lib/thumb/v7e-m/fpv4-sp/hard\libc.a(lib_a-atexit.o)
                0x08005df0                atexit
 .text.__libc_fini_array
                0x08005dfc       0x34 c:/ac6/systemworkbench/plugins/fr.ac6.mcu.externaltools.arm-none.win32_1.17.0.201812190825/tools/compiler/bin/../lib/gcc/arm-none-eabi/7.3.1/../../../../arm-none-eabi/lib/thumb/v7e-m/fpv4-sp/hard\libc.a(lib_a-fini.o)
                0x08005dfc                __libc_fini_array
 .text.__retarget_lock_acquire_recursive
                0x08005e30        0x4 c:/ac6/systemworkbench/plugins/fr.ac6.mcu.externaltools.arm-none.win32_1.17.0.201812190825/tools/compiler/bin/../lib/gcc/arm-none-eabi/7.3.1/../../../../arm-none-eabi/lib/thumb/v7e-m/fpv4-sp/hard\libc.a(lib_a-lock.o)
                0x08005e30                __retarget_lock_acquire_recursive
 .text.__retarget_lock_release_recursive
                0x08005e34        0x4 c:/ac6/systemworkbench/plugins/fr.ac6.mcu.externaltools.arm-none.win32_1.17.0.201812190825/tools/compiler/bin/../lib/gcc/arm-none-eabi/7.3.1/../../../../arm-none-eabi/lib/thumb/v7e-m/fpv4-sp/hard\libc.a(lib_a-lock.o)
                0x08005e34                __retarget_lock_release_recursive
 .text.__register_exitproc
                0x08005e38       0xc0 c:/ac6/systemworkbench/plugins/fr.ac6.mcu.externaltools.arm-none.win32_1.17.0.201812190825/tools/compiler/bin/../lib/gcc/arm-none-eabi/7.3.1/../../../../arm-none-eabi/lib/thumb/v7e-m/fpv4-sp/hard\libc.a(lib_a-__atexit.o)
                0x08005e38                __register_exitproc
 *(.glue_7)
 .glue_7        0x08005ef8        0x0 linker stubs
 *(.glue_7t)
 .glue_7t       0x08005ef8        0x0 linker stubs
 *(.eh_frame)
 .eh_frame      0x08005ef8        0x0 c:/ac6/systemworkbench/plugins/fr.ac6.mcu.externaltools.arm-none.win32_1.17.0.201812190825/tools/compiler/bin/../lib/gcc/arm-none-eabi/7.3.1/thumb/v7e-m/fpv4-sp/hard/crtbegin.o
 *(.init)
 .init          0x08005ef8        0x4 c:/ac6/systemworkbench/plugins/fr.ac6.mcu.externaltools.arm-none.win32_1.17.0.201812190825/tools/compiler/bin/../lib/gcc/arm-none-eabi/7.3.1/thumb/v7e-m/fpv4-sp/hard/crti.o
                0x08005ef8                _init
 .init          0x08005efc        0x8 c:/ac6/systemworkbench/plugins/fr.ac6.mcu.externaltools.arm-none.win32_1.17.0.201812190825/tools/compiler/bin/../lib/gcc/arm-none-eabi/7.3.1/thumb/v7e-m/fpv4-sp/hard/crtn.o
 *(.fini)
 .fini          0x08005f04        0x4 c:/ac6/systemworkbench/plugins/fr.ac6.mcu.externaltools.arm-none.win32_1.17.0.201812190825/tools/compiler/bin/../lib/gcc/arm-none-eabi/7.3.1/thumb/v7e-m/fpv4-sp/hard/crti.o
                0x08005f04                _fini
 .fini          0x08005f08        0x8 c:/ac6/systemworkbench/plugins/fr.ac6.mcu.externaltools.arm-none.win32_1.17.0.201812190825/tools/compiler/bin/../lib/gcc/arm-none-eabi/7.3.1/thumb/v7e-m/fpv4-sp/hard/crtn.o
                0x08005f10                . = ALIGN (0x4)
                0x08005f10                _etext = .

.vfp11_veneer   0x08005f10        0x0
 .vfp11_veneer  0x08005f10        0x0 linker stubs

.v4_bx          0x08005f10        0x0
 .v4_bx         0x08005f10        0x0 linker stubs

.iplt           0x08005f10        0x0
 .iplt          0x08005f10        0x0 c:/ac6/systemworkbench/plugins/fr.ac6.mcu.externaltools.arm-none.win32_1.17.0.201812190825/tools/compiler/bin/../lib/gcc/arm-none-eabi/7.3.1/thumb/v7e-m/fpv4-sp/hard/crtbegin.o

.rodata         0x08005f10      0x1e0
                0x08005f10                . = ALIGN (0x4)
 *(.rodata)
 .rodata        0x08005f10        0x5 Third-Party/FreeRTOS/org/Source/tasks.o
 *fill*         0x08005f15        0x3 
 .rodata        0x08005f18        0xd Third-Party/FreeRTOS/org/Source/timers.o
 *fill*         0x08005f25        0x3 
 .rodata        0x08005f28       0x51 Third-Party/SEGGER/Config/SEGGER_SYSVIEW_Config_FreeRTOS.o
 *fill*         0x08005f79        0x3 
 .rodata        0x08005f7c       0x60 Third-Party/SEGGER/OS/SEGGER_SYSVIEW_FreeRTOS.o
                0x08005fd4                SYSVIEW_X_OS_TraceAPI
 .rodata        0x08005fdc       0x17 Third-Party/SEGGER/SEGGER/SEGGER_RTT.o
 *fill*         0x08005ff3        0x1 
 .rodata        0x08005ff4       0x24 Third-Party/SEGGER/SEGGER/SEGGER_SYSVIEW.o
 .rodata        0x08006018       0xd2 src/main.o
 *(.rodata*)
 *fill*         0x080060ea        0x2 
 .rodata._global_impure_ptr
                0x080060ec        0x4 c:/ac6/systemworkbench/plugins/fr.ac6.mcu.externaltools.arm-none.win32_1.17.0.201812190825/tools/compiler/bin/../lib/gcc/arm-none-eabi/7.3.1/../../../../arm-none-eabi/lib/thumb/v7e-m/fpv4-sp/hard\libc.a(lib_a-impure.o)
                0x080060ec                _global_impure_ptr
                0x080060f0                . = ALIGN (0x4)

.rel.dyn        0x080060f0        0x0
 .rel.iplt      0x080060f0        0x0 c:/ac6/systemworkbench/plugins/fr.ac6.mcu.externaltools.arm-none.win32_1.17.0.201812190825/tools/compiler/bin/../lib/gcc/arm-none-eabi/7.3.1/thumb/v7e-m/fpv4-sp/hard/crtbegin.o

.ARM.extab      0x080060f0        0x0
                0x080060f0                . = ALIGN (0x4)
 *(.ARM.extab* .gnu.linkonce.armextab.*)
                0x080060f0                . = ALIGN (0x4)

.ARM            0x080060f0        0x0
                0x080060f0                . = ALIGN (0x4)
                0x080060f0                __exidx_start = .
 *(.ARM.exidx*)
                0x080060f0                __exidx_end = .
                0x080060f0                . = ALIGN (0x4)

.preinit_array  0x080060f0        0x0
                0x080060f0                . = ALIGN (0x4)
                0x080060f0                PROVIDE (__preinit_array_start = .)
 *(.preinit_array*)
                0x080060f0                PROVIDE (__preinit_array_end = .)
                0x080060f0                . = ALIGN (0x4)

.init_array     0x080060f0        0x8
                0x080060f0                . = ALIGN (0x4)
                0x080060f0                PROVIDE (__init_array_start = .)
 *(SORT_BY_NAME(.init_array.*))
 .init_array.00000
                0x080060f0        0x4 c:/ac6/systemworkbench/plugins/fr.ac6.mcu.externaltools.arm-none.win32_1.17.0.201812190825/tools/compiler/bin/../lib/gcc/arm-none-eabi/7.3.1/../../../../arm-none-eabi/lib/thumb/v7e-m/fpv4-sp/hard\libc.a(lib_a-__call_atexit.o)
 *(.init_array*)
 .init_array    0x080060f4        0x4 c:/ac6/systemworkbench/plugins/fr.ac6.mcu.externaltools.arm-none.win32_1.17.0.201812190825/tools/compiler/bin/../lib/gcc/arm-none-eabi/7.3.1/thumb/v7e-m/fpv4-sp/hard/crtbegin.o
                0x080060f8                PROVIDE (__init_array_end = .)
                0x080060f8                . = ALIGN (0x4)

.fini_array     0x080060f8        0x4
                0x080060f8                . = ALIGN (0x4)
                0x080060f8                PROVIDE (__fini_array_start = .)
 *(SORT_BY_NAME(.fini_array.*))
 *(.fini_array*)
 .fini_array    0x080060f8        0x4 c:/ac6/systemworkbench/plugins/fr.ac6.mcu.externaltools.arm-none.win32_1.17.0.201812190825/tools/compiler/bin/../lib/gcc/arm-none-eabi/7.3.1/thumb/v7e-m/fpv4-sp/hard/crtbegin.o
                0x080060fc                PROVIDE (__fini_array_end = .)
                0x080060fc                . = ALIGN (0x4)
                0x080060fc                _sidata = LOADADDR (.data)

.data           0x20000000      0x454 load address 0x080060fc
                0x20000000                . = ALIGN (0x4)
                0x20000000                _sdata = .
 *(.data)
 .data          0x20000000       0x10 StdPeriph_Driver/src/stm32f4xx_rcc.o
 .data          0x20000010        0x4 Third-Party/FreeRTOS/org/Source/portable/GCC/ARM_CM4F/port.o
 .data          0x20000014       0x14 src/system_stm32f4xx.o
                0x20000014                SystemCoreClock
                0x20000018                AHBPrescTable
 *(.data*)
 .data.impure_data
                0x20000028      0x428 c:/ac6/systemworkbench/plugins/fr.ac6.mcu.externaltools.arm-none.win32_1.17.0.201812190825/tools/compiler/bin/../lib/gcc/arm-none-eabi/7.3.1/../../../../arm-none-eabi/lib/thumb/v7e-m/fpv4-sp/hard\libc.a(lib_a-impure.o)
 .data.__atexit_recursive_mutex
                0x20000450        0x4 c:/ac6/systemworkbench/plugins/fr.ac6.mcu.externaltools.arm-none.win32_1.17.0.201812190825/tools/compiler/bin/../lib/gcc/arm-none-eabi/7.3.1/../../../../arm-none-eabi/lib/thumb/v7e-m/fpv4-sp/hard\libc.a(lib_a-__call_atexit.o)
                0x20000450                __atexit_recursive_mutex
                0x20000454                . = ALIGN (0x4)
                0x20000454                _edata = .

.igot.plt       0x20000454        0x0 load address 0x08006550
 .igot.plt      0x20000454        0x0 c:/ac6/systemworkbench/plugins/fr.ac6.mcu.externaltools.arm-none.win32_1.17.0.201812190825/tools/compiler/bin/../lib/gcc/arm-none-eabi/7.3.1/thumb/v7e-m/fpv4-sp/hard/crtbegin.o
                0x20000454                . = ALIGN (0x4)

.bss            0x20000454    0x15568 load address 0x08006550
                0x20000454                _sbss = .
                0x20000454                __bss_start__ = _sbss
 *(.bss)
 .bss           0x20000454       0x1c c:/ac6/systemworkbench/plugins/fr.ac6.mcu.externaltools.arm-none.win32_1.17.0.201812190825/tools/compiler/bin/../lib/gcc/arm-none-eabi/7.3.1/thumb/v7e-m/fpv4-sp/hard/crtbegin.o
 .bss           0x20000470      0x104 Third-Party/FreeRTOS/org/Source/tasks.o
                0x20000470                pxCurrentTCB
 .bss           0x20000574       0x3c Third-Party/FreeRTOS/org/Source/timers.o
 .bss           0x200005b0        0x8 Third-Party/FreeRTOS/org/Source/portable/GCC/ARM_CM4F/port.o
 .bss           0x200005b8    0x12c18 Third-Party/FreeRTOS/org/Source/portable/MemMang/heap_4.o
 .bss           0x200131d0       0xa4 Third-Party/SEGGER/OS/SEGGER_SYSVIEW_FreeRTOS.o
 .bss           0x20013274      0x411 Third-Party/SEGGER/SEGGER/SEGGER_RTT.o
 *fill*         0x20013685        0x3 
 .bss           0x20013688     0x211b Third-Party/SEGGER/SEGGER/SEGGER_SYSVIEW.o
 *fill*         0x200157a3        0x1 
 .bss           0x200157a4        0xc src/main.o
                0x200157a4                switch_prio
                0x200157a8                xTaskHandle1
                0x200157ac                xTaskHandle2
 *(.bss*)
 *(COMMON)
 COMMON         0x200157b0       0x40 Third-Party/FreeRTOS/org/Source/queue.o
                0x200157b0                xQueueRegistry
 COMMON         0x200157f0       0xa8 Third-Party/SEGGER/SEGGER/SEGGER_RTT.o
                0x200157f0                _SEGGER_RTT
 COMMON         0x20015898      0x100 src/main.o
                0x20015898                usr_msg
                0x20015994                xMutex
 COMMON         0x20015998       0x21 c:/ac6/systemworkbench/plugins/fr.ac6.mcu.externaltools.arm-none.win32_1.17.0.201812190825/tools/compiler/bin/../lib/gcc/arm-none-eabi/7.3.1/../../../../arm-none-eabi/lib/thumb/v7e-m/fpv4-sp/hard\libc.a(lib_a-lock.o)
                0x20015998                __lock___atexit_recursive_mutex
                0x2001599c                __lock___arc4random_mutex
                0x200159a0                __lock___env_recursive_mutex
                0x200159a4                __lock___sinit_recursive_mutex
                0x200159a8                __lock___malloc_recursive_mutex
                0x200159ac                __lock___at_quick_exit_mutex
                0x200159b0                __lock___dd_hash_mutex
                0x200159b4                __lock___tz_mutex
                0x200159b8                __lock___sfp_recursive_mutex
                0x200159bc                . = ALIGN (0x4)
 *fill*         0x200159b9        0x3 
                0x200159bc                _ebss = .
                0x200159bc                __bss_end__ = _ebss

._user_heap_stack
                0x200159bc      0x404 load address 0x08006550
                0x200159c0                . = ALIGN (0x8)
 *fill*         0x200159bc        0x4 
                0x200159c0                PROVIDE (end = .)
                [!provide]                PROVIDE (_end = .)
                0x200159c0                . = (. + _Min_Heap_Size)
                0x20015dc0                . = (. + _Min_Stack_Size)
 *fill*         0x200159c0      0x400 
                0x20015dc0                . = ALIGN (0x8)

/DISCARD/
 libc.a(*)
 libm.a(*)
 libgcc.a(*)

.ARM.attributes
                0x00000000       0x30
 *(.ARM.attributes)
 .ARM.attributes
                0x00000000       0x22 c:/ac6/systemworkbench/plugins/fr.ac6.mcu.externaltools.arm-none.win32_1.17.0.201812190825/tools/compiler/bin/../lib/gcc/arm-none-eabi/7.3.1/thumb/v7e-m/fpv4-sp/hard/crti.o
 .ARM.attributes
                0x00000022       0x34 c:/ac6/systemworkbench/plugins/fr.ac6.mcu.externaltools.arm-none.win32_1.17.0.201812190825/tools/compiler/bin/../lib/gcc/arm-none-eabi/7.3.1/thumb/v7e-m/fpv4-sp/hard/crtbegin.o
 .ARM.attributes
                0x00000056       0x39 StdPeriph_Driver/src/stm32f4xx_exti.o
 .ARM.attributes
                0x0000008f       0x39 StdPeriph_Driver/src/stm32f4xx_gpio.o
 .ARM.attributes
                0x000000c8       0x39 StdPeriph_Driver/src/stm32f4xx_rcc.o
 .ARM.attributes
                0x00000101       0x39 StdPeriph_Driver/src/stm32f4xx_syscfg.o
 .ARM.attributes
                0x0000013a       0x39 StdPeriph_Driver/src/stm32f4xx_usart.o
 .ARM.attributes
                0x00000173       0x39 Third-Party/FreeRTOS/org/Source/list.o
 .ARM.attributes
                0x000001ac       0x39 Third-Party/FreeRTOS/org/Source/queue.o
 .ARM.attributes
                0x000001e5       0x39 Third-Party/FreeRTOS/org/Source/tasks.o
 .ARM.attributes
                0x0000021e       0x39 Third-Party/FreeRTOS/org/Source/timers.o
 .ARM.attributes
                0x00000257       0x39 Third-Party/FreeRTOS/org/Source/portable/GCC/ARM_CM4F/port.o
 .ARM.attributes
                0x00000290       0x39 Third-Party/FreeRTOS/org/Source/portable/MemMang/heap_4.o
 .ARM.attributes
                0x000002c9       0x39 Third-Party/SEGGER/Config/SEGGER_SYSVIEW_Config_FreeRTOS.o
 .ARM.attributes
                0x00000302       0x39 Third-Party/SEGGER/OS/SEGGER_SYSVIEW_FreeRTOS.o
 .ARM.attributes
                0x0000033b       0x39 Third-Party/SEGGER/SEGGER/SEGGER_RTT.o
 .ARM.attributes
                0x00000374       0x39 Third-Party/SEGGER/SEGGER/SEGGER_SYSVIEW.o
 .ARM.attributes
                0x000003ad       0x39 src/main.o
 .ARM.attributes
                0x000003e6       0x39 src/system_stm32f4xx.o
 .ARM.attributes
                0x0000041f       0x21 startup/startup_stm32.o
 .ARM.attributes
                0x00000440       0x34 c:/ac6/systemworkbench/plugins/fr.ac6.mcu.externaltools.arm-none.win32_1.17.0.201812190825/tools/compiler/bin/../lib/gcc/arm-none-eabi/7.3.1/../../../../arm-none-eabi/lib/thumb/v7e-m/fpv4-sp/hard\libc.a(lib_a-impure.o)
 .ARM.attributes
                0x00000474       0x34 c:/ac6/systemworkbench/plugins/fr.ac6.mcu.externaltools.arm-none.win32_1.17.0.201812190825/tools/compiler/bin/../lib/gcc/arm-none-eabi/7.3.1/../../../../arm-none-eabi/lib/thumb/v7e-m/fpv4-sp/hard\libc.a(lib_a-init.o)
 .ARM.attributes
                0x000004a8       0x34 c:/ac6/systemworkbench/plugins/fr.ac6.mcu.externaltools.arm-none.win32_1.17.0.201812190825/tools/compiler/bin/../lib/gcc/arm-none-eabi/7.3.1/../../../../arm-none-eabi/lib/thumb/v7e-m/fpv4-sp/hard\libc.a(lib_a-memcmp.o)
 .ARM.attributes
                0x000004dc       0x20 c:/ac6/systemworkbench/plugins/fr.ac6.mcu.externaltools.arm-none.win32_1.17.0.201812190825/tools/compiler/bin/../lib/gcc/arm-none-eabi/7.3.1/../../../../arm-none-eabi/lib/thumb/v7e-m/fpv4-sp/hard\libc.a(lib_a-memcpy.o)
 .ARM.attributes
                0x000004fc       0x34 c:/ac6/systemworkbench/plugins/fr.ac6.mcu.externaltools.arm-none.win32_1.17.0.201812190825/tools/compiler/bin/../lib/gcc/arm-none-eabi/7.3.1/../../../../arm-none-eabi/lib/thumb/v7e-m/fpv4-sp/hard\libc.a(lib_a-memset.o)
 .ARM.attributes
                0x00000530       0x34 c:/ac6/systemworkbench/plugins/fr.ac6.mcu.externaltools.arm-none.win32_1.17.0.201812190825/tools/compiler/bin/../lib/gcc/arm-none-eabi/7.3.1/../../../../arm-none-eabi/lib/thumb/v7e-m/fpv4-sp/hard\libc.a(lib_a-strcpy.o)
 .ARM.attributes
                0x00000564       0x20 c:/ac6/systemworkbench/plugins/fr.ac6.mcu.externaltools.arm-none.win32_1.17.0.201812190825/tools/compiler/bin/../lib/gcc/arm-none-eabi/7.3.1/../../../../arm-none-eabi/lib/thumb/v7e-m/fpv4-sp/hard\libc.a(lib_a-strlen.o)
 .ARM.attributes
                0x00000584       0x34 c:/ac6/systemworkbench/plugins/fr.ac6.mcu.externaltools.arm-none.win32_1.17.0.201812190825/tools/compiler/bin/../lib/gcc/arm-none-eabi/7.3.1/../../../../arm-none-eabi/lib/thumb/v7e-m/fpv4-sp/hard\libc.a(lib_a-__call_atexit.o)
 .ARM.attributes
                0x000005b8       0x34 c:/ac6/systemworkbench/plugins/fr.ac6.mcu.externaltools.arm-none.win32_1.17.0.201812190825/tools/compiler/bin/../lib/gcc/arm-none-eabi/7.3.1/../../../../arm-none-eabi/lib/thumb/v7e-m/fpv4-sp/hard\libc.a(lib_a-atexit.o)
 .ARM.attributes
                0x000005ec       0x34 c:/ac6/systemworkbench/plugins/fr.ac6.mcu.externaltools.arm-none.win32_1.17.0.201812190825/tools/compiler/bin/../lib/gcc/arm-none-eabi/7.3.1/../../../../arm-none-eabi/lib/thumb/v7e-m/fpv4-sp/hard\libc.a(lib_a-fini.o)
 .ARM.attributes
                0x00000620       0x34 c:/ac6/systemworkbench/plugins/fr.ac6.mcu.externaltools.arm-none.win32_1.17.0.201812190825/tools/compiler/bin/../lib/gcc/arm-none-eabi/7.3.1/../../../../arm-none-eabi/lib/thumb/v7e-m/fpv4-sp/hard\libc.a(lib_a-lock.o)
 .ARM.attributes
                0x00000654       0x34 c:/ac6/systemworkbench/plugins/fr.ac6.mcu.externaltools.arm-none.win32_1.17.0.201812190825/tools/compiler/bin/../lib/gcc/arm-none-eabi/7.3.1/../../../../arm-none-eabi/lib/thumb/v7e-m/fpv4-sp/hard\libc.a(lib_a-__atexit.o)
 .ARM.attributes
                0x00000688       0x22 c:/ac6/systemworkbench/plugins/fr.ac6.mcu.externaltools.arm-none.win32_1.17.0.201812190825/tools/compiler/bin/../lib/gcc/arm-none-eabi/7.3.1/thumb/v7e-m/fpv4-sp/hard/crtn.o
OUTPUT(STM32_FreeRTOS_Mutex_using_Bin_Sema.elf elf32-littlearm)

.debug_info     0x00000000    0x11ba6
 .debug_info    0x00000000      0x358 StdPeriph_Driver/src/stm32f4xx_exti.o
 .debug_info    0x00000358      0x62b StdPeriph_Driver/src/stm32f4xx_gpio.o
 .debug_info    0x00000983      0xf8e StdPeriph_Driver/src/stm32f4xx_rcc.o
 .debug_info    0x00001911      0x2a6 StdPeriph_Driver/src/stm32f4xx_syscfg.o
 .debug_info    0x00001bb7      0x9d4 StdPeriph_Driver/src/stm32f4xx_usart.o
 .debug_info    0x0000258b      0xadb Third-Party/FreeRTOS/org/Source/list.o
 .debug_info    0x00003066     0x1f3a Third-Party/FreeRTOS/org/Source/queue.o
 .debug_info    0x00004fa0     0x27af Third-Party/FreeRTOS/org/Source/tasks.o
 .debug_info    0x0000774f     0x146e Third-Party/FreeRTOS/org/Source/timers.o
 .debug_info    0x00008bbd      0x533 Third-Party/FreeRTOS/org/Source/portable/GCC/ARM_CM4F/port.o
 .debug_info    0x000090f0      0xbfc Third-Party/FreeRTOS/org/Source/portable/MemMang/heap_4.o
 .debug_info    0x00009cec      0x10f Third-Party/SEGGER/Config/SEGGER_SYSVIEW_Config_FreeRTOS.o
 .debug_info    0x00009dfb      0xb8c Third-Party/SEGGER/OS/SEGGER_SYSVIEW_FreeRTOS.o
 .debug_info    0x0000a987     0x1952 Third-Party/SEGGER/SEGGER/SEGGER_RTT.o
 .debug_info    0x0000c2d9     0x3c70 Third-Party/SEGGER/SEGGER/SEGGER_SYSVIEW.o
 .debug_info    0x0000ff49     0x161a src/main.o
 .debug_info    0x00011563      0x621 src/system_stm32f4xx.o
 .debug_info    0x00011b84       0x22 startup/startup_stm32.o

.debug_abbrev   0x00000000     0x2713
 .debug_abbrev  0x00000000      0x1c3 StdPeriph_Driver/src/stm32f4xx_exti.o
 .debug_abbrev  0x000001c3      0x1bf StdPeriph_Driver/src/stm32f4xx_gpio.o
 .debug_abbrev  0x00000382      0x1d4 StdPeriph_Driver/src/stm32f4xx_rcc.o
 .debug_abbrev  0x00000556      0x14b StdPeriph_Driver/src/stm32f4xx_syscfg.o
 .debug_abbrev  0x000006a1      0x187 StdPeriph_Driver/src/stm32f4xx_usart.o
 .debug_abbrev  0x00000828      0x205 Third-Party/FreeRTOS/org/Source/list.o
 .debug_abbrev  0x00000a2d      0x352 Third-Party/FreeRTOS/org/Source/queue.o
 .debug_abbrev  0x00000d7f      0x3a6 Third-Party/FreeRTOS/org/Source/tasks.o
 .debug_abbrev  0x00001125      0x2fe Third-Party/FreeRTOS/org/Source/timers.o
 .debug_abbrev  0x00001423      0x210 Third-Party/FreeRTOS/org/Source/portable/GCC/ARM_CM4F/port.o
 .debug_abbrev  0x00001633      0x2d4 Third-Party/FreeRTOS/org/Source/portable/MemMang/heap_4.o
 .debug_abbrev  0x00001907       0xb5 Third-Party/SEGGER/Config/SEGGER_SYSVIEW_Config_FreeRTOS.o
 .debug_abbrev  0x000019bc      0x223 Third-Party/SEGGER/OS/SEGGER_SYSVIEW_FreeRTOS.o
 .debug_abbrev  0x00001bdf      0x2e3 Third-Party/SEGGER/SEGGER/SEGGER_RTT.o
 .debug_abbrev  0x00001ec2      0x35f Third-Party/SEGGER/SEGGER/SEGGER_SYSVIEW.o
 .debug_abbrev  0x00002221      0x383 src/main.o
 .debug_abbrev  0x000025a4      0x15d src/system_stm32f4xx.o
 .debug_abbrev  0x00002701       0x12 startup/startup_stm32.o

.debug_aranges  0x00000000      0xe30
 .debug_aranges
                0x00000000       0x58 StdPeriph_Driver/src/stm32f4xx_exti.o
 .debug_aranges
                0x00000058       0x88 StdPeriph_Driver/src/stm32f4xx_gpio.o
 .debug_aranges
                0x000000e0      0x1e8 StdPeriph_Driver/src/stm32f4xx_rcc.o
 .debug_aranges
                0x000002c8       0x50 StdPeriph_Driver/src/stm32f4xx_syscfg.o
 .debug_aranges
                0x00000318      0x100 StdPeriph_Driver/src/stm32f4xx_usart.o
 .debug_aranges
                0x00000418       0x40 Third-Party/FreeRTOS/org/Source/list.o
 .debug_aranges
                0x00000458      0x130 Third-Party/FreeRTOS/org/Source/queue.o
 .debug_aranges
                0x00000588      0x1f8 Third-Party/FreeRTOS/org/Source/tasks.o
 .debug_aranges
                0x00000780       0xd0 Third-Party/FreeRTOS/org/Source/timers.o
 .debug_aranges
                0x00000850       0x80 Third-Party/FreeRTOS/org/Source/portable/GCC/ARM_CM4F/port.o
 .debug_aranges
                0x000008d0       0x50 Third-Party/FreeRTOS/org/Source/portable/MemMang/heap_4.o
 .debug_aranges
                0x00000920       0x28 Third-Party/SEGGER/Config/SEGGER_SYSVIEW_Config_FreeRTOS.o
 .debug_aranges
                0x00000948       0x48 Third-Party/SEGGER/OS/SEGGER_SYSVIEW_FreeRTOS.o
 .debug_aranges
                0x00000990      0x140 Third-Party/SEGGER/SEGGER/SEGGER_RTT.o
 .debug_aranges
                0x00000ad0      0x280 Third-Party/SEGGER/SEGGER/SEGGER_SYSVIEW.o
 .debug_aranges
                0x00000d50       0x88 src/main.o
 .debug_aranges
                0x00000dd8       0x30 src/system_stm32f4xx.o
 .debug_aranges
                0x00000e08       0x28 startup/startup_stm32.o

.debug_ranges   0x00000000      0xd18
 .debug_ranges  0x00000000       0x48 StdPeriph_Driver/src/stm32f4xx_exti.o
 .debug_ranges  0x00000048       0x78 StdPeriph_Driver/src/stm32f4xx_gpio.o
 .debug_ranges  0x000000c0      0x1d8 StdPeriph_Driver/src/stm32f4xx_rcc.o
 .debug_ranges  0x00000298       0x40 StdPeriph_Driver/src/stm32f4xx_syscfg.o
 .debug_ranges  0x000002d8       0xf0 StdPeriph_Driver/src/stm32f4xx_usart.o
 .debug_ranges  0x000003c8       0x30 Third-Party/FreeRTOS/org/Source/list.o
 .debug_ranges  0x000003f8      0x120 Third-Party/FreeRTOS/org/Source/queue.o
 .debug_ranges  0x00000518      0x1e8 Third-Party/FreeRTOS/org/Source/tasks.o
 .debug_ranges  0x00000700       0xc0 Third-Party/FreeRTOS/org/Source/timers.o
 .debug_ranges  0x000007c0       0x70 Third-Party/FreeRTOS/org/Source/portable/GCC/ARM_CM4F/port.o
 .debug_ranges  0x00000830       0x40 Third-Party/FreeRTOS/org/Source/portable/MemMang/heap_4.o
 .debug_ranges  0x00000870       0x18 Third-Party/SEGGER/Config/SEGGER_SYSVIEW_Config_FreeRTOS.o
 .debug_ranges  0x00000888       0x38 Third-Party/SEGGER/OS/SEGGER_SYSVIEW_FreeRTOS.o
 .debug_ranges  0x000008c0      0x130 Third-Party/SEGGER/SEGGER/SEGGER_RTT.o
 .debug_ranges  0x000009f0      0x270 Third-Party/SEGGER/SEGGER/SEGGER_SYSVIEW.o
 .debug_ranges  0x00000c60       0x78 src/main.o
 .debug_ranges  0x00000cd8       0x20 src/system_stm32f4xx.o
 .debug_ranges  0x00000cf8       0x20 startup/startup_stm32.o

.debug_macro    0x00000000     0x36dd
 .debug_macro   0x00000000      0x1fe StdPeriph_Driver/src/stm32f4xx_exti.o
 .debug_macro   0x000001fe       0xaf StdPeriph_Driver/src/stm32f4xx_exti.o
 .debug_macro   0x000002ad      0x1fc StdPeriph_Driver/src/stm32f4xx_gpio.o
 .debug_macro   0x000004a9      0x33b StdPeriph_Driver/src/stm32f4xx_gpio.o
 .debug_macro   0x000007e4      0x2cb StdPeriph_Driver/src/stm32f4xx_rcc.o
 .debug_macro   0x00000aaf      0x24a StdPeriph_Driver/src/stm32f4xx_syscfg.o
 .debug_macro   0x00000cf9      0x10e StdPeriph_Driver/src/stm32f4xx_syscfg.o
 .debug_macro   0x00000e07      0x214 StdPeriph_Driver/src/stm32f4xx_usart.o
 .debug_macro   0x0000101b      0x21d StdPeriph_Driver/src/stm32f4xx_usart.o
 .debug_macro   0x00001238      0x1ba Third-Party/FreeRTOS/org/Source/list.o
 .debug_macro   0x000013f2      0x244 Third-Party/FreeRTOS/org/Source/queue.o
 .debug_macro   0x00001636       0x16 Third-Party/FreeRTOS/org/Source/queue.o
 .debug_macro   0x0000164c       0x35 Third-Party/FreeRTOS/org/Source/queue.o
 .debug_macro   0x00001681       0x80 Third-Party/FreeRTOS/org/Source/queue.o
 .debug_macro   0x00001701      0x2ae Third-Party/FreeRTOS/org/Source/tasks.o
 .debug_macro   0x000019af       0x10 Third-Party/FreeRTOS/org/Source/tasks.o
 .debug_macro   0x000019bf      0x20f Third-Party/FreeRTOS/org/Source/timers.o
 .debug_macro   0x00001bce       0x97 Third-Party/FreeRTOS/org/Source/timers.o
 .debug_macro   0x00001c65      0x1d6 Third-Party/FreeRTOS/org/Source/portable/GCC/ARM_CM4F/port.o
 .debug_macro   0x00001e3b      0x1e1 Third-Party/FreeRTOS/org/Source/portable/MemMang/heap_4.o
 .debug_macro   0x0000201c      0x116 Third-Party/SEGGER/Config/SEGGER_SYSVIEW_Config_FreeRTOS.o
 .debug_macro   0x00002132      0x1d0 Third-Party/SEGGER/OS/SEGGER_SYSVIEW_FreeRTOS.o
 .debug_macro   0x00002302      0x1a7 Third-Party/SEGGER/SEGGER/SEGGER_RTT.o
 .debug_macro   0x000024a9       0x49 Third-Party/SEGGER/SEGGER/SEGGER_RTT.o
 .debug_macro   0x000024f2       0x16 Third-Party/SEGGER/SEGGER/SEGGER_RTT.o
 .debug_macro   0x00002508      0x11c Third-Party/SEGGER/SEGGER/SEGGER_RTT.o
 .debug_macro   0x00002624      0x1f6 Third-Party/SEGGER/SEGGER/SEGGER_SYSVIEW.o
 .debug_macro   0x0000281a       0x73 Third-Party/SEGGER/SEGGER/SEGGER_SYSVIEW.o
 .debug_macro   0x0000288d       0x34 Third-Party/SEGGER/SEGGER/SEGGER_SYSVIEW.o
 .debug_macro   0x000028c1       0x1c Third-Party/SEGGER/SEGGER/SEGGER_SYSVIEW.o
 .debug_macro   0x000028dd      0x48d src/main.o
 .debug_macro   0x00002d6a       0x16 src/main.o
 .debug_macro   0x00002d80       0x97 src/main.o
 .debug_macro   0x00002e17       0xfd src/main.o
 .debug_macro   0x00002f14       0x10 src/main.o
 .debug_macro   0x00002f24       0x10 src/main.o
 .debug_macro   0x00002f34       0x1c src/main.o
 .debug_macro   0x00002f50       0x52 src/main.o
 .debug_macro   0x00002fa2       0x40 src/main.o
 .debug_macro   0x00002fe2       0x10 src/main.o
 .debug_macro   0x00002ff2       0x40 src/main.o
 .debug_macro   0x00003032       0xd7 src/main.o
 .debug_macro   0x00003109       0x1c src/main.o
 .debug_macro   0x00003125       0x3d src/main.o
 .debug_macro   0x00003162       0x16 src/main.o
 .debug_macro   0x00003178      0x16f src/main.o
 .debug_macro   0x000032e7      0x113 src/main.o
 .debug_macro   0x000033fa       0x4c src/main.o
 .debug_macro   0x00003446       0x7e src/main.o
 .debug_macro   0x000034c4      0x219 src/system_stm32f4xx.o

.debug_line     0x00000000     0xb6f9
 .debug_line    0x00000000      0x780 StdPeriph_Driver/src/stm32f4xx_exti.o
 .debug_line    0x00000780      0x858 StdPeriph_Driver/src/stm32f4xx_gpio.o
 .debug_line    0x00000fd8      0xbd5 StdPeriph_Driver/src/stm32f4xx_rcc.o
 .debug_line    0x00001bad      0x753 StdPeriph_Driver/src/stm32f4xx_syscfg.o
 .debug_line    0x00002300      0x99e StdPeriph_Driver/src/stm32f4xx_usart.o
 .debug_line    0x00002c9e      0x733 Third-Party/FreeRTOS/org/Source/list.o
 .debug_line    0x000033d1     0x109b Third-Party/FreeRTOS/org/Source/queue.o
 .debug_line    0x0000446c     0x1415 Third-Party/FreeRTOS/org/Source/tasks.o
 .debug_line    0x00005881      0xaa4 Third-Party/FreeRTOS/org/Source/timers.o
 .debug_line    0x00006325      0x869 Third-Party/FreeRTOS/org/Source/portable/GCC/ARM_CM4F/port.o
 .debug_line    0x00006b8e      0x819 Third-Party/FreeRTOS/org/Source/portable/MemMang/heap_4.o
 .debug_line    0x000073a7      0x654 Third-Party/SEGGER/Config/SEGGER_SYSVIEW_Config_FreeRTOS.o
 .debug_line    0x000079fb      0x7c4 Third-Party/SEGGER/OS/SEGGER_SYSVIEW_FreeRTOS.o
 .debug_line    0x000081bf      0x8bc Third-Party/SEGGER/SEGGER/SEGGER_RTT.o
 .debug_line    0x00008a7b     0x1755 Third-Party/SEGGER/SEGGER/SEGGER_SYSVIEW.o
 .debug_line    0x0000a1d0      0xd48 src/main.o
 .debug_line    0x0000af18      0x765 src/system_stm32f4xx.o
 .debug_line    0x0000b67d       0x7c startup/startup_stm32.o

.debug_str      0x00000000    0x811c1
 .debug_str     0x00000000    0x6ce43 StdPeriph_Driver/src/stm32f4xx_exti.o
                              0x6d0e5 (size before relaxing)
 .debug_str     0x0006ce43      0x2c5 StdPeriph_Driver/src/stm32f4xx_gpio.o
                              0x6d217 (size before relaxing)
 .debug_str     0x0006d108      0xe76 StdPeriph_Driver/src/stm32f4xx_rcc.o
                              0x6ddf3 (size before relaxing)
 .debug_str     0x0006df7e      0x40c StdPeriph_Driver/src/stm32f4xx_syscfg.o
                              0x6d335 (size before relaxing)
 .debug_str     0x0006e38a      0x53a StdPeriph_Driver/src/stm32f4xx_usart.o
                              0x6d52a (size before relaxing)
 .debug_str     0x0006e8c4     0x9f5a Third-Party/FreeRTOS/org/Source/list.o
                               0xdcb1 (size before relaxing)
 .debug_str     0x0007881e     0x16bf Third-Party/FreeRTOS/org/Source/queue.o
                               0xf363 (size before relaxing)
 .debug_str     0x00079edd     0x1c72 Third-Party/FreeRTOS/org/Source/tasks.o
                              0x1014c (size before relaxing)
 .debug_str     0x0007bb4f      0x514 Third-Party/FreeRTOS/org/Source/timers.o
                               0xf7b4 (size before relaxing)
 .debug_str     0x0007c063      0x7fb Third-Party/FreeRTOS/org/Source/portable/GCC/ARM_CM4F/port.o
                               0xbe4b (size before relaxing)
 .debug_str     0x0007c85e      0x249 Third-Party/FreeRTOS/org/Source/portable/MemMang/heap_4.o
                               0xe4a4 (size before relaxing)
 .debug_str     0x0007caa7      0x174 Third-Party/SEGGER/Config/SEGGER_SYSVIEW_Config_FreeRTOS.o
                               0xa8ce (size before relaxing)
 .debug_str     0x0007cc1b       0xfb Third-Party/SEGGER/OS/SEGGER_SYSVIEW_FreeRTOS.o
                               0xe2a4 (size before relaxing)
 .debug_str     0x0007cd16      0xf24 Third-Party/SEGGER/SEGGER/SEGGER_RTT.o
                               0x7164 (size before relaxing)
 .debug_str     0x0007dc3a     0x1356 Third-Party/SEGGER/SEGGER/SEGGER_SYSVIEW.o
                               0x9090 (size before relaxing)
 .debug_str     0x0007ef90     0x213a src/main.o
                              0x7a0da (size before relaxing)
 .debug_str     0x000810ca       0xce src/system_stm32f4xx.o
                              0x6d176 (size before relaxing)
 .debug_str     0x00081198       0x29 startup/startup_stm32.o
                                 0x7a (size before relaxing)

.comment        0x00000000       0x7f
 .comment       0x00000000       0x7f StdPeriph_Driver/src/stm32f4xx_exti.o
                                 0x80 (size before relaxing)
 .comment       0x0000007f       0x80 StdPeriph_Driver/src/stm32f4xx_gpio.o
 .comment       0x0000007f       0x80 StdPeriph_Driver/src/stm32f4xx_rcc.o
 .comment       0x0000007f       0x80 StdPeriph_Driver/src/stm32f4xx_syscfg.o
 .comment       0x0000007f       0x80 StdPeriph_Driver/src/stm32f4xx_usart.o
 .comment       0x0000007f       0x80 Third-Party/FreeRTOS/org/Source/list.o
 .comment       0x0000007f       0x80 Third-Party/FreeRTOS/org/Source/queue.o
 .comment       0x0000007f       0x80 Third-Party/FreeRTOS/org/Source/tasks.o
 .comment       0x0000007f       0x80 Third-Party/FreeRTOS/org/Source/timers.o
 .comment       0x0000007f       0x80 Third-Party/FreeRTOS/org/Source/portable/GCC/ARM_CM4F/port.o
 .comment       0x0000007f       0x80 Third-Party/FreeRTOS/org/Source/portable/MemMang/heap_4.o
 .comment       0x0000007f       0x80 Third-Party/SEGGER/Config/SEGGER_SYSVIEW_Config_FreeRTOS.o
 .comment       0x0000007f       0x80 Third-Party/SEGGER/OS/SEGGER_SYSVIEW_FreeRTOS.o
 .comment       0x0000007f       0x80 Third-Party/SEGGER/SEGGER/SEGGER_RTT.o
 .comment       0x0000007f       0x80 Third-Party/SEGGER/SEGGER/SEGGER_SYSVIEW.o
 .comment       0x0000007f       0x80 src/main.o
 .comment       0x0000007f       0x80 src/system_stm32f4xx.o

.debug_frame    0x00000000     0x3e44
 .debug_frame   0x00000000      0x148 StdPeriph_Driver/src/stm32f4xx_exti.o
 .debug_frame   0x00000148      0x23c StdPeriph_Driver/src/stm32f4xx_gpio.o
 .debug_frame   0x00000384      0x904 StdPeriph_Driver/src/stm32f4xx_rcc.o
 .debug_frame   0x00000c88      0x11c StdPeriph_Driver/src/stm32f4xx_syscfg.o
 .debug_frame   0x00000da4      0x490 StdPeriph_Driver/src/stm32f4xx_usart.o
 .debug_frame   0x00001234       0xd8 Third-Party/FreeRTOS/org/Source/list.o
 .debug_frame   0x0000130c      0x540 Third-Party/FreeRTOS/org/Source/queue.o
 .debug_frame   0x0000184c      0x8bc Third-Party/FreeRTOS/org/Source/tasks.o
 .debug_frame   0x00002108      0x368 Third-Party/FreeRTOS/org/Source/timers.o
 .debug_frame   0x00002470      0x1a8 Third-Party/FreeRTOS/org/Source/portable/GCC/ARM_CM4F/port.o
 .debug_frame   0x00002618      0x108 Third-Party/FreeRTOS/org/Source/portable/MemMang/heap_4.o
 .debug_frame   0x00002720       0x48 Third-Party/SEGGER/Config/SEGGER_SYSVIEW_Config_FreeRTOS.o
 .debug_frame   0x00002768      0x100 Third-Party/SEGGER/OS/SEGGER_SYSVIEW_FreeRTOS.o
 .debug_frame   0x00002868      0x554 Third-Party/SEGGER/SEGGER/SEGGER_RTT.o
 .debug_frame   0x00002dbc      0xbc4 Third-Party/SEGGER/SEGGER/SEGGER_SYSVIEW.o
 .debug_frame   0x00003980      0x1f8 src/main.o
 .debug_frame   0x00003b78       0x7c src/system_stm32f4xx.o
 .debug_frame   0x00003bf4       0x2c c:/ac6/systemworkbench/plugins/fr.ac6.mcu.externaltools.arm-none.win32_1.17.0.201812190825/tools/compiler/bin/../lib/gcc/arm-none-eabi/7.3.1/../../../../arm-none-eabi/lib/thumb/v7e-m/fpv4-sp/hard\libc.a(lib_a-init.o)
 .debug_frame   0x00003c20       0x38 c:/ac6/systemworkbench/plugins/fr.ac6.mcu.externaltools.arm-none.win32_1.17.0.201812190825/tools/compiler/bin/../lib/gcc/arm-none-eabi/7.3.1/../../../../arm-none-eabi/lib/thumb/v7e-m/fpv4-sp/hard\libc.a(lib_a-memcmp.o)
 .debug_frame   0x00003c58       0x38 c:/ac6/systemworkbench/plugins/fr.ac6.mcu.externaltools.arm-none.win32_1.17.0.201812190825/tools/compiler/bin/../lib/gcc/arm-none-eabi/7.3.1/../../../../arm-none-eabi/lib/thumb/v7e-m/fpv4-sp/hard\libc.a(lib_a-memset.o)
 .debug_frame   0x00003c90       0x20 c:/ac6/systemworkbench/plugins/fr.ac6.mcu.externaltools.arm-none.win32_1.17.0.201812190825/tools/compiler/bin/../lib/gcc/arm-none-eabi/7.3.1/../../../../arm-none-eabi/lib/thumb/v7e-m/fpv4-sp/hard\libc.a(lib_a-strcpy.o)
 .debug_frame   0x00003cb0       0x5c c:/ac6/systemworkbench/plugins/fr.ac6.mcu.externaltools.arm-none.win32_1.17.0.201812190825/tools/compiler/bin/../lib/gcc/arm-none-eabi/7.3.1/../../../../arm-none-eabi/lib/thumb/v7e-m/fpv4-sp/hard\libc.a(lib_a-__call_atexit.o)
 .debug_frame   0x00003d0c       0x20 c:/ac6/systemworkbench/plugins/fr.ac6.mcu.externaltools.arm-none.win32_1.17.0.201812190825/tools/compiler/bin/../lib/gcc/arm-none-eabi/7.3.1/../../../../arm-none-eabi/lib/thumb/v7e-m/fpv4-sp/hard\libc.a(lib_a-atexit.o)
 .debug_frame   0x00003d2c       0x34 c:/ac6/systemworkbench/plugins/fr.ac6.mcu.externaltools.arm-none.win32_1.17.0.201812190825/tools/compiler/bin/../lib/gcc/arm-none-eabi/7.3.1/../../../../arm-none-eabi/lib/thumb/v7e-m/fpv4-sp/hard\libc.a(lib_a-fini.o)
 .debug_frame   0x00003d60       0xb0 c:/ac6/systemworkbench/plugins/fr.ac6.mcu.externaltools.arm-none.win32_1.17.0.201812190825/tools/compiler/bin/../lib/gcc/arm-none-eabi/7.3.1/../../../../arm-none-eabi/lib/thumb/v7e-m/fpv4-sp/hard\libc.a(lib_a-lock.o)
 .debug_frame   0x00003e10       0x34 c:/ac6/systemworkbench/plugins/fr.ac6.mcu.externaltools.arm-none.win32_1.17.0.201812190825/tools/compiler/bin/../lib/gcc/arm-none-eabi/7.3.1/../../../../arm-none-eabi/lib/thumb/v7e-m/fpv4-sp/hard\libc.a(lib_a-__atexit.o)
