Archive member included to satisfy reference by file (symbol)

c:/ac6/systemworkbench/plugins/fr.ac6.mcu.externaltools.arm-none.win32_1.17.0.201812190825/tools/compiler/bin/../lib/gcc/arm-none-eabi/7.3.1/../../../../arm-none-eabi/lib/thumb/v7e-m/fpv4-sp/hard\libc.a(lib_a-errno.o)
                              src/syscalls.o (__errno)
c:/ac6/systemworkbench/plugins/fr.ac6.mcu.externaltools.arm-none.win32_1.17.0.201812190825/tools/compiler/bin/../lib/gcc/arm-none-eabi/7.3.1/../../../../arm-none-eabi/lib/thumb/v7e-m/fpv4-sp/hard\libc.a(lib_a-exit.o)
                              c:/ac6/systemworkbench/plugins/fr.ac6.mcu.externaltools.arm-none.win32_1.17.0.201812190825/tools/compiler/bin/../lib/gcc/arm-none-eabi/7.3.1/../../../../arm-none-eabi/lib/thumb/v7e-m/fpv4-sp/hard/crt0.o (exit)
c:/ac6/systemworkbench/plugins/fr.ac6.mcu.externaltools.arm-none.win32_1.17.0.201812190825/tools/compiler/bin/../lib/gcc/arm-none-eabi/7.3.1/../../../../arm-none-eabi/lib/thumb/v7e-m/fpv4-sp/hard\libc.a(lib_a-impure.o)
                              c:/ac6/systemworkbench/plugins/fr.ac6.mcu.externaltools.arm-none.win32_1.17.0.201812190825/tools/compiler/bin/../lib/gcc/arm-none-eabi/7.3.1/../../../../arm-none-eabi/lib/thumb/v7e-m/fpv4-sp/hard\libc.a(lib_a-exit.o) (_global_impure_ptr)
c:/ac6/systemworkbench/plugins/fr.ac6.mcu.externaltools.arm-none.win32_1.17.0.201812190825/tools/compiler/bin/../lib/gcc/arm-none-eabi/7.3.1/../../../../arm-none-eabi/lib/thumb/v7e-m/fpv4-sp/hard\libc.a(lib_a-init.o)
                              c:/ac6/systemworkbench/plugins/fr.ac6.mcu.externaltools.arm-none.win32_1.17.0.201812190825/tools/compiler/bin/../lib/gcc/arm-none-eabi/7.3.1/../../../../arm-none-eabi/lib/thumb/v7e-m/fpv4-sp/hard/crt0.o (__libc_init_array)
c:/ac6/systemworkbench/plugins/fr.ac6.mcu.externaltools.arm-none.win32_1.17.0.201812190825/tools/compiler/bin/../lib/gcc/arm-none-eabi/7.3.1/../../../../arm-none-eabi/lib/thumb/v7e-m/fpv4-sp/hard\libc.a(lib_a-memcmp.o)
                              Third-Party/SEGGER/OS/SEGGER_SYSVIEW_FreeRTOS.o (memcmp)
c:/ac6/systemworkbench/plugins/fr.ac6.mcu.externaltools.arm-none.win32_1.17.0.201812190825/tools/compiler/bin/../lib/gcc/arm-none-eabi/7.3.1/../../../../arm-none-eabi/lib/thumb/v7e-m/fpv4-sp/hard\libc.a(lib_a-memcpy.o)
                              Third-Party/FreeRTOS/org/Source/queue.o (memcpy)
c:/ac6/systemworkbench/plugins/fr.ac6.mcu.externaltools.arm-none.win32_1.17.0.201812190825/tools/compiler/bin/../lib/gcc/arm-none-eabi/7.3.1/../../../../arm-none-eabi/lib/thumb/v7e-m/fpv4-sp/hard\libc.a(lib_a-memset.o)
                              c:/ac6/systemworkbench/plugins/fr.ac6.mcu.externaltools.arm-none.win32_1.17.0.201812190825/tools/compiler/bin/../lib/gcc/arm-none-eabi/7.3.1/../../../../arm-none-eabi/lib/thumb/v7e-m/fpv4-sp/hard/crt0.o (memset)
c:/ac6/systemworkbench/plugins/fr.ac6.mcu.externaltools.arm-none.win32_1.17.0.201812190825/tools/compiler/bin/../lib/gcc/arm-none-eabi/7.3.1/../../../../arm-none-eabi/lib/thumb/v7e-m/fpv4-sp/hard\libc.a(lib_a-strlen.o)
                              Third-Party/SEGGER/SEGGER/SEGGER_RTT.o (strlen)
c:/ac6/systemworkbench/plugins/fr.ac6.mcu.externaltools.arm-none.win32_1.17.0.201812190825/tools/compiler/bin/../lib/gcc/arm-none-eabi/7.3.1/../../../../arm-none-eabi/lib/thumb/v7e-m/fpv4-sp/hard\libc.a(lib_a-__call_atexit.o)
                              c:/ac6/systemworkbench/plugins/fr.ac6.mcu.externaltools.arm-none.win32_1.17.0.201812190825/tools/compiler/bin/../lib/gcc/arm-none-eabi/7.3.1/../../../../arm-none-eabi/lib/thumb/v7e-m/fpv4-sp/hard\libc.a(lib_a-exit.o) (__call_exitprocs)
c:/ac6/systemworkbench/plugins/fr.ac6.mcu.externaltools.arm-none.win32_1.17.0.201812190825/tools/compiler/bin/../lib/gcc/arm-none-eabi/7.3.1/../../../../arm-none-eabi/lib/thumb/v7e-m/fpv4-sp/hard\libc.a(lib_a-atexit.o)
                              c:/ac6/systemworkbench/plugins/fr.ac6.mcu.externaltools.arm-none.win32_1.17.0.201812190825/tools/compiler/bin/../lib/gcc/arm-none-eabi/7.3.1/../../../../arm-none-eabi/lib/thumb/v7e-m/fpv4-sp/hard\libc.a(lib_a-__call_atexit.o) (atexit)
c:/ac6/systemworkbench/plugins/fr.ac6.mcu.externaltools.arm-none.win32_1.17.0.201812190825/tools/compiler/bin/../lib/gcc/arm-none-eabi/7.3.1/../../../../arm-none-eabi/lib/thumb/v7e-m/fpv4-sp/hard\libc.a(lib_a-fini.o)
                              c:/ac6/systemworkbench/plugins/fr.ac6.mcu.externaltools.arm-none.win32_1.17.0.201812190825/tools/compiler/bin/../lib/gcc/arm-none-eabi/7.3.1/../../../../arm-none-eabi/lib/thumb/v7e-m/fpv4-sp/hard\libc.a(lib_a-__call_atexit.o) (__libc_fini_array)
c:/ac6/systemworkbench/plugins/fr.ac6.mcu.externaltools.arm-none.win32_1.17.0.201812190825/tools/compiler/bin/../lib/gcc/arm-none-eabi/7.3.1/../../../../arm-none-eabi/lib/thumb/v7e-m/fpv4-sp/hard\libc.a(lib_a-lock.o)
[...]
Memory Configuration

Name             Origin             Length             Attributes
RAM              0x20000000         0x00020000         xrw
ROM              0x08000000         0x00080000         xr
*default*        0x00000000         0xffffffff

Linker script and memory map

LOAD c:/ac6/systemworkbench/plugins/fr.ac6.mcu.externaltools.arm-none.win32_1.17.0.201812190825/tools/compiler/bin/../lib/gcc/arm-none-eabi/7.3.1/thumb/v7e-m/fpv4-sp/hard/crti.o
LOAD c:/ac6/systemworkbench/plugins/fr.ac6.mcu.externaltools.arm-none.win32_1.17.0.201812190825/tools/compiler/bin/../lib/gcc/arm-none-eabi/7.3.1/thumb/v7e-m/fpv4-sp/hard/crtbegin.o
LOAD c:/ac6/systemworkbench/plugins/fr.ac6.mcu.externaltools.arm-none.win32_1.17.0.201812190825/tools/compiler/bin/../lib/gcc/arm-none-eabi/7.3.1/../../../../arm-none-eabi/lib/thumb/v7e-m/fpv4-sp/hard/crt0.o
LOAD StdPeriph_Driver/src/misc.o
LOAD StdPeriph_Driver/src/stm32f4xx_adc.o
LOAD StdPeriph_Driver/src/stm32f4xx_can.o
LOAD StdPeriph_Driver/src/stm32f4xx_cec.o
LOAD StdPeriph_Driver/src/stm32f4xx_crc.o
LOAD StdPeriph_Driver/src/stm32f4xx_cryp.o
LOAD StdPeriph_Driver/src/stm32f4xx_cryp_aes.o
LOAD StdPeriph_Driver/src/stm32f4xx_cryp_des.o
LOAD StdPeriph_Driver/src/stm32f4xx_cryp_tdes.o
LOAD StdPeriph_Driver/src/stm32f4xx_dac.o
LOAD StdPeriph_Driver/src/stm32f4xx_dbgmcu.o
LOAD StdPeriph_Driver/src/stm32f4xx_dcmi.o
LOAD StdPeriph_Driver/src/stm32f4xx_dfsdm.o
LOAD StdPeriph_Driver/src/stm32f4xx_dma.o
LOAD StdPeriph_Driver/src/stm32f4xx_dma2d.o
LOAD StdPeriph_Driver/src/stm32f4xx_dsi.o
LOAD StdPeriph_Driver/src/stm32f4xx_exti.o
LOAD StdPeriph_Driver/src/stm32f4xx_flash.o
LOAD StdPeriph_Driver/src/stm32f4xx_flash_ramfunc.o
LOAD StdPeriph_Driver/src/stm32f4xx_fmc.o
LOAD StdPeriph_Driver/src/stm32f4xx_fmip2c.o
LOAD StdPeriph_Driver/src/stm32f4xx_fsmc.o
LOAD StdPeriph_Driver/src/stm32f4xx_gpio.o
LOAD StdPeriph_Driver/src/stm32f4xx_hash.o
LOAD StdPeriph_Driver/src/stm32f4xx_hash_md5.o
LOAD StdPeriph_Driver/src/stm32f4xx_hash_sha1.o
LOAD StdPeriph_Driver/src/stm32f4xx_i2c.o
LOAD StdPeriph_Driver/src/stm32f4xx_iwdg.o
LOAD StdPeriph_Driver/src/stm32f4xx_lptim.o
LOAD StdPeriph_Driver/src/stm32f4xx_ltdc.o
LOAD StdPeriph_Driver/src/stm32f4xx_pwr.o
LOAD StdPeriph_Driver/src/stm32f4xx_qspi.o
LOAD StdPeriph_Driver/src/stm32f4xx_rcc.o
LOAD StdPeriph_Driver/src/stm32f4xx_rng.o
LOAD StdPeriph_Driver/src/stm32f4xx_rtc.o
LOAD StdPeriph_Driver/src/stm32f4xx_sai.o
LOAD StdPeriph_Driver/src/stm32f4xx_sdio.o
LOAD StdPeriph_Driver/src/stm32f4xx_spdifrx.o
LOAD StdPeriph_Driver/src/stm32f4xx_spi.o
LOAD StdPeriph_Driver/src/stm32f4xx_syscfg.o
LOAD StdPeriph_Driver/src/stm32f4xx_tim.o
LOAD StdPeriph_Driver/src/stm32f4xx_usart.o
LOAD StdPeriph_Driver/src/stm32f4xx_wwdg.o
LOAD Third-Party/FreeRTOS/org/Source/croutine.o
LOAD Third-Party/FreeRTOS/org/Source/event_groups.o
LOAD Third-Party/FreeRTOS/org/Source/list.o
LOAD Third-Party/FreeRTOS/org/Source/queue.o
LOAD Third-Party/FreeRTOS/org/Source/stream_buffer.o
LOAD Third-Party/FreeRTOS/org/Source/tasks.o
LOAD Third-Party/FreeRTOS/org/Source/timers.o
LOAD Third-Party/FreeRTOS/org/Source/portable/GCC/ARM_CM4F/port.o
LOAD Third-Party/FreeRTOS/org/Source/portable/MemMang/heap_4.o
LOAD Third-Party/SEGGER/Config/SEGGER_SYSVIEW_Config_FreeRTOS.o
LOAD Third-Party/SEGGER/OS/SEGGER_SYSVIEW_FreeRTOS.o
LOAD Third-Party/SEGGER/SEGGER/SEGGER_RTT.o
LOAD Third-Party/SEGGER/SEGGER/SEGGER_SYSVIEW.o
LOAD src/main.o
LOAD src/syscalls.o
LOAD src/system_stm32f4xx.o
LOAD startup/startup_stm32.o
LOAD c:/ac6/systemworkbench/plugins/fr.ac6.mcu.externaltools.arm-none.win32_1.17.0.201812190825/tools/compiler/bin/../lib/gcc/arm-none-eabi/7.3.1/../../../../arm-none-eabi/lib/thumb/v7e-m/fpv4-sp/hard\libm.a
START GROUP
LOAD c:/ac6/systemworkbench/plugins/fr.ac6.mcu.externaltools.arm-none.win32_1.17.0.201812190825/tools/compiler/bin/../lib/gcc/arm-none-eabi/7.3.1/thumb/v7e-m/fpv4-sp/hard\libgcc.a
LOAD c:/ac6/systemworkbench/plugins/fr.ac6.mcu.externaltools.arm-none.win32_1.17.0.201812190825/tools/compiler/bin/../lib/gcc/arm-none-eabi/7.3.1/../../../../arm-none-eabi/lib/thumb/v7e-m/fpv4-sp/hard\libc.a
END GROUP
LOAD c:/ac6/systemworkbench/plugins/fr.ac6.mcu.externaltools.arm-none.win32_1.17.0.201812190825/tools/compiler/bin/../lib/gcc/arm-none-eabi/7.3.1/thumb/v7e-m/fpv4-sp/hard/crtend.o
LOAD c:/ac6/systemworkbench/plugins/fr.ac6.mcu.externaltools.arm-none.win32_1.17.0.201812190825/tools/compiler/bin/../lib/gcc/arm-none-eabi/7.3.1/thumb/v7e-m/fpv4-sp/hard/crtn.o
                0x20020000                _estack = 0x20020000
                0x00000000                _Min_Heap_Size = 0x0
                0x00000400                _Min_Stack_Size = 0x400

.isr_vector     0x08000000      0x1c4
                0x08000000                . = ALIGN (0x4)
 *(.isr_vector)
 .isr_vector    0x08000000      0x1c4 startup/startup_stm32.o
                0x08000000                g_pfnVectors
                0x080001c4                . = ALIGN (0x4)

.text           0x080001d0     0x5478
                0x080001d0                . = ALIGN (0x4)
 *(.text)
 .text          0x080001d0       0x40 c:/ac6/systemworkbench/plugins/fr.ac6.mcu.externaltools.arm-none.win32_1.17.0.201812190825/tools/compiler/bin/../lib/gcc/arm-none-eabi/7.3.1/thumb/v7e-m/fpv4-sp/hard/crtbegin.o
 .text          0x08000210      0x134 c:/ac6/systemworkbench/plugins/fr.ac6.mcu.externaltools.arm-none.win32_1.17.0.201812190825/tools/compiler/bin/../lib/gcc/arm-none-eabi/7.3.1/../../../../arm-none-eabi/lib/thumb/v7e-m/fpv4-sp/hard\libc.a(lib_a-memcpy.o)
                0x08000210                memcpy
 *(.text*)
 .text.EXTI_Init
                0x08000344       0xe4 StdPeriph_Driver/src/stm32f4xx_exti.o
                0x08000344                EXTI_Init
 .text.EXTI_GetITStatus
                0x08000428       0x34 StdPeriph_Driver/src/stm32f4xx_exti.o
                0x08000428                EXTI_GetITStatus
 .text.EXTI_ClearITPendingBit
                0x0800045c       0x20 StdPeriph_Driver/src/stm32f4xx_exti.o
                0x0800045c                EXTI_ClearITPendingBit
 .text.GPIO_Init
                0x0800047c      0x11c StdPeriph_Driver/src/stm32f4xx_gpio.o
                0x0800047c                GPIO_Init
 .text.GPIO_WriteBit
                0x08000598       0x30 StdPeriph_Driver/src/stm32f4xx_gpio.o
                0x08000598                GPIO_WriteBit
 .text.GPIO_PinAFConfig
                0x080005c8       0x92 StdPeriph_Driver/src/stm32f4xx_gpio.o
                0x080005c8                GPIO_PinAFConfig
 *fill*         0x0800065a        0x2 
 .text.RCC_DeInit
                0x0800065c       0x70 StdPeriph_Driver/src/stm32f4xx_rcc.o
                0x0800065c                RCC_DeInit
 .text.RCC_GetClocksFreq
                0x080006cc      0x1f4 StdPeriph_Driver/src/stm32f4xx_rcc.o
                0x080006cc                RCC_GetClocksFreq
 .text.RCC_AHB1PeriphClockCmd
                0x080008c0       0x40 StdPeriph_Driver/src/stm32f4xx_rcc.o
                0x080008c0                RCC_AHB1PeriphClockCmd
 .text.RCC_APB1PeriphClockCmd
                0x08000900       0x40 StdPeriph_Driver/src/stm32f4xx_rcc.o
                0x08000900                RCC_APB1PeriphClockCmd
 .text.SYSCFG_EXTILineConfig
                0x08000940       0x84 StdPeriph_Driver/src/stm32f4xx_syscfg.o
                0x08000940                SYSCFG_EXTILineConfig
 .text.USART_Init
                0x080009c4      0x174 StdPeriph_Driver/src/stm32f4xx_usart.o
                0x080009c4                USART_Init
 .text.USART_Cmd
                0x08000b38       0x40 StdPeriph_Driver/src/stm32f4xx_usart.o
                0x08000b38                USART_Cmd
 .text.vListInitialise
                0x08000b78       0x40 Third-Party/FreeRTOS/org/Source/list.o
                0x08000b78                vListInitialise
 .text.vListInitialiseItem
                0x08000bb8       0x1a Third-Party/FreeRTOS/org/Source/list.o
                0x08000bb8                vListInitialiseItem
 .text.vListInsertEnd
                0x08000bd2       0x48 Third-Party/FreeRTOS/org/Source/list.o
                0x08000bd2                vListInsertEnd
 .text.vListInsert
                0x08000c1a       0x72 Third-Party/FreeRTOS/org/Source/list.o
                0x08000c1a                vListInsert
 .text.uxListRemove
                0x08000c8c       0x54 Third-Party/FreeRTOS/org/Source/list.o
                0x08000c8c                uxListRemove
 .text.xQueueGenericReset
                0x08000ce0       0xd0 Third-Party/FreeRTOS/org/Source/queue.o
                0x08000ce0                xQueueGenericReset
 .text.xQueueGenericCreate
                0x08000db0       0x76 Third-Party/FreeRTOS/org/Source/queue.o
                0x08000db0                xQueueGenericCreate
 .text.prvInitialiseNewQueue
                0x08000e26       0x52 Third-Party/FreeRTOS/org/Source/queue.o
 .text.xQueueGenericSend
                0x08000e78      0x244 Third-Party/FreeRTOS/org/Source/queue.o
                0x08000e78                xQueueGenericSend
 .text.xQueueGenericSendFromISR
                0x080010bc      0x150 Third-Party/FreeRTOS/org/Source/queue.o
                0x080010bc                xQueueGenericSendFromISR
 .text.xQueueReceive
                0x0800120c      0x228 Third-Party/FreeRTOS/org/Source/queue.o
                0x0800120c                xQueueReceive
 .text.prvCopyDataToQueue
                0x08001434       0xd4 Third-Party/FreeRTOS/org/Source/queue.o
 .text.prvCopyDataFromQueue
                0x08001508       0x4c Third-Party/FreeRTOS/org/Source/queue.o
 .text.prvUnlockQueue
                0x08001554       0xa4 Third-Party/FreeRTOS/org/Source/queue.o
 .text.prvIsQueueEmpty
                0x080015f8       0x2c Third-Party/FreeRTOS/org/Source/queue.o
 .text.prvIsQueueFull
                0x08001624       0x30 Third-Party/FreeRTOS/org/Source/queue.o
 .text.vQueueAddToRegistry
                0x08001654       0x60 Third-Party/FreeRTOS/org/Source/queue.o
                0x08001654                vQueueAddToRegistry
 .text.vQueueWaitForMessageRestricted
                0x080016b4       0x68 Third-Party/FreeRTOS/org/Source/queue.o
                0x080016b4                vQueueWaitForMessageRestricted
 .text.xTaskCreate
                0x0800171c       0x82 Third-Party/FreeRTOS/org/Source/tasks.o
                0x0800171c                xTaskCreate
 .text.prvInitialiseNewTask
                0x0800179e      0x11c Third-Party/FreeRTOS/org/Source/tasks.o
 *fill*         0x080018ba        0x2 
 .text.prvAddNewTaskToReadyList
                0x080018bc      0x118 Third-Party/FreeRTOS/org/Source/tasks.o
 .text.vTaskStartScheduler
                0x080019d4       0xb8 Third-Party/FreeRTOS/org/Source/tasks.o
                0x080019d4                vTaskStartScheduler
 .text.vTaskSuspendAll
                0x08001a8c       0x1c Third-Party/FreeRTOS/org/Source/tasks.o
                0x08001a8c                vTaskSuspendAll
 .text.xTaskResumeAll
                0x08001aa8      0x140 Third-Party/FreeRTOS/org/Source/tasks.o
                0x08001aa8                xTaskResumeAll
 .text.xTaskGetTickCount
                0x08001be8       0x20 Third-Party/FreeRTOS/org/Source/tasks.o
                0x08001be8                xTaskGetTickCount
 .text.xTaskGetTickCountFromISR
                0x08001c08       0x24 Third-Party/FreeRTOS/org/Source/tasks.o
                0x08001c08                xTaskGetTickCountFromISR
 .text.xTaskIncrementTick
                0x08001c2c      0x178 Third-Party/FreeRTOS/org/Source/tasks.o
                0x08001c2c                xTaskIncrementTick
 .text.vTaskSwitchContext
                0x08001da4       0xd0 Third-Party/FreeRTOS/org/Source/tasks.o
                0x08001da4                vTaskSwitchContext
 .text.vTaskPlaceOnEventList
                0x08001e74       0x48 Third-Party/FreeRTOS/org/Source/tasks.o
                0x08001e74                vTaskPlaceOnEventList
 .text.vTaskPlaceOnEventListRestricted
                0x08001ebc       0x5c Third-Party/FreeRTOS/org/Source/tasks.o
                0x08001ebc                vTaskPlaceOnEventListRestricted
 .text.xTaskRemoveFromEventList
                0x08001f18       0xcc Third-Party/FreeRTOS/org/Source/tasks.o
                0x08001f18                xTaskRemoveFromEventList
 .text.vTaskInternalSetTimeOutState
                0x08001fe4       0x2c Third-Party/FreeRTOS/org/Source/tasks.o
                0x08001fe4                vTaskInternalSetTimeOutState
 .text.xTaskCheckForTimeOut
                0x08002010       0xc0 Third-Party/FreeRTOS/org/Source/tasks.o
                0x08002010                xTaskCheckForTimeOut
 .text.vTaskMissedYield
                0x080020d0       0x18 Third-Party/FreeRTOS/org/Source/tasks.o
                0x080020d0                vTaskMissedYield
 .text.prvIdleTask
                0x080020e8       0x30 Third-Party/FreeRTOS/org/Source/tasks.o
 .text.prvInitialiseTaskLists
                0x08002118       0x80 Third-Party/FreeRTOS/org/Source/tasks.o
 .text.prvCheckTasksWaitingTermination
                0x08002198       0x58 Third-Party/FreeRTOS/org/Source/tasks.o
 .text.prvDeleteTCB
                0x080021f0       0x20 Third-Party/FreeRTOS/org/Source/tasks.o
 .text.prvResetNextTaskUnblockTime
                0x08002210       0x40 Third-Party/FreeRTOS/org/Source/tasks.o
 .text.xTaskGetSchedulerState
                0x08002250       0x3c Third-Party/FreeRTOS/org/Source/tasks.o
                0x08002250                xTaskGetSchedulerState
 .text.xTaskPriorityDisinherit
                0x0800228c      0x110 Third-Party/FreeRTOS/org/Source/tasks.o
                0x0800228c                xTaskPriorityDisinherit
 .text.prvAddCurrentTaskToDelayedList
                0x0800239c       0xf0 Third-Party/FreeRTOS/org/Source/tasks.o
 .text.xTimerCreateTimerTask
                0x0800248c       0x64 Third-Party/FreeRTOS/org/Source/timers.o
                0x0800248c                xTimerCreateTimerTask
 .text.xTimerGenericCommand
                0x080024f0       0x98 Third-Party/FreeRTOS/org/Source/timers.o
                0x080024f0                xTimerGenericCommand
 .text.prvProcessExpiredTimer
                0x08002588       0x98 Third-Party/FreeRTOS/org/Source/timers.o
 .text.prvTimerTask
                0x08002620       0x24 Third-Party/FreeRTOS/org/Source/timers.o
 .text.prvProcessTimerOrBlockTask
                0x08002644       0x9c Third-Party/FreeRTOS/org/Source/timers.o
 .text.prvGetNextExpireTime
                0x080026e0       0x48 Third-Party/FreeRTOS/org/Source/timers.o
 .text.prvSampleTimeNow
                0x08002728       0x40 Third-Party/FreeRTOS/org/Source/timers.o
 .text.prvInsertTimerInActiveList
                0x08002768       0x84 Third-Party/FreeRTOS/org/Source/timers.o
 .text.prvProcessReceivedCommands
                0x080027ec      0x188 Third-Party/FreeRTOS/org/Source/timers.o
 .text.prvSwitchTimerLists
                0x08002974       0xc8 Third-Party/FreeRTOS/org/Source/timers.o
 .text.prvCheckForValidListAndQueue
                0x08002a3c       0x6c Third-Party/FreeRTOS/org/Source/timers.o
 .text.pxPortInitialiseStack
                0x08002aa8       0x68 Third-Party/FreeRTOS/org/Source/portable/GCC/ARM_CM4F/port.o
                0x08002aa8                pxPortInitialiseStack
 .text.prvTaskExitError
                0x08002b10       0x54 Third-Party/FreeRTOS/org/Source/portable/GCC/ARM_CM4F/port.o
 *fill*         0x08002b64        0xc 
 .text.SVC_Handler
                0x08002b70       0x28 Third-Party/FreeRTOS/org/Source/portable/GCC/ARM_CM4F/port.o
                0x08002b70                SVC_Handler
 .text.prvPortStartFirstTask
                0x08002b98       0x28 Third-Party/FreeRTOS/org/Source/portable/GCC/ARM_CM4F/port.o
 .text.xPortStartScheduler
                0x08002bc0      0x13c Third-Party/FreeRTOS/org/Source/portable/GCC/ARM_CM4F/port.o
                0x08002bc0                xPortStartScheduler
 .text.vPortEnterCritical
                0x08002cfc       0x5c Third-Party/FreeRTOS/org/Source/portable/GCC/ARM_CM4F/port.o
                0x08002cfc                vPortEnterCritical
 .text.vPortExitCritical
                0x08002d58       0x50 Third-Party/FreeRTOS/org/Source/portable/GCC/ARM_CM4F/port.o
                0x08002d58                vPortExitCritical
 *fill*         0x08002da8        0x8 
 .text.PendSV_Handler
                0x08002db0       0x68 Third-Party/FreeRTOS/org/Source/portable/GCC/ARM_CM4F/port.o
                0x08002db0                PendSV_Handler
 .text.SysTick_Handler
                0x08002e18       0x54 Third-Party/FreeRTOS/org/Source/portable/GCC/ARM_CM4F/port.o
                0x08002e18                SysTick_Handler
 .text.vPortSetupTimerInterrupt
                0x08002e6c       0x48 Third-Party/FreeRTOS/org/Source/portable/GCC/ARM_CM4F/port.o
                0x08002e6c                vPortSetupTimerInterrupt
 .text.vPortEnableVFP
                0x08002eb4       0x14 Third-Party/FreeRTOS/org/Source/portable/GCC/ARM_CM4F/port.o
 .text.vPortValidateInterruptPriority
                0x08002ec8       0x7c Third-Party/FreeRTOS/org/Source/portable/GCC/ARM_CM4F/port.o
                0x08002ec8                vPortValidateInterruptPriority
 .text.pvPortMalloc
                0x08002f44      0x184 Third-Party/FreeRTOS/org/Source/portable/MemMang/heap_4.o
                0x08002f44                pvPortMalloc
 .text.vPortFree
                0x080030c8       0xb0 Third-Party/FreeRTOS/org/Source/portable/MemMang/heap_4.o
                0x080030c8                vPortFree
 .text.prvHeapInit
                0x08003178       0xc4 Third-Party/FreeRTOS/org/Source/portable/MemMang/heap_4.o
 .text.prvInsertBlockIntoFreeList
                0x0800323c       0xb4 Third-Party/FreeRTOS/org/Source/portable/MemMang/heap_4.o
 .text._cbSendSystemDesc
                0x080032f0       0x1c Third-Party/SEGGER/Config/SEGGER_SYSVIEW_Config_FreeRTOS.o
 .text.SEGGER_SYSVIEW_Conf
                0x0800330c       0x2c Third-Party/SEGGER/Config/SEGGER_SYSVIEW_Config_FreeRTOS.o
                0x0800330c                SEGGER_SYSVIEW_Conf
 .text._cbSendTaskList
                0x08003338       0x90 Third-Party/SEGGER/OS/SEGGER_SYSVIEW_FreeRTOS.o
 .text._cbGetTime
                0x080033c8       0x76 Third-Party/SEGGER/OS/SEGGER_SYSVIEW_FreeRTOS.o
 *fill*         0x0800343e        0x2 
 .text.SYSVIEW_AddTask
                0x08003440       0xd0 Third-Party/SEGGER/OS/SEGGER_SYSVIEW_FreeRTOS.o
                0x08003440                SYSVIEW_AddTask
 .text.SYSVIEW_SendTaskInfo
                0x08003510       0x42 Third-Party/SEGGER/OS/SEGGER_SYSVIEW_FreeRTOS.o
                0x08003510                SYSVIEW_SendTaskInfo
 *fill*         0x08003552        0x2 
 .text._DoInit  0x08003554       0xa4 Third-Party/SEGGER/SEGGER/SEGGER_RTT.o
 .text.SEGGER_RTT_ReadNoLock
                0x080035f8      0x104 Third-Party/SEGGER/SEGGER/SEGGER_RTT.o
                0x080035f8                SEGGER_RTT_ReadNoLock
 .text.SEGGER_RTT_WriteSkipNoLock
                0x080036fc       0xe8 Third-Party/SEGGER/SEGGER/SEGGER_RTT.o
                0x080036fc                SEGGER_RTT_WriteSkipNoLock
 .text.SEGGER_RTT_ConfigUpBuffer
                0x080037e4       0xd4 Third-Party/SEGGER/SEGGER/SEGGER_RTT.o
                0x080037e4                SEGGER_RTT_ConfigUpBuffer
 .text.SEGGER_RTT_ConfigDownBuffer
                0x080038b8       0xd4 Third-Party/SEGGER/SEGGER/SEGGER_RTT.o
                0x080038b8                SEGGER_RTT_ConfigDownBuffer
 .text._EncodeStr
                0x0800398c       0x9a Third-Party/SEGGER/SEGGER/SEGGER_SYSVIEW.o
 .text._PreparePacket
                0x08003a26       0x18 Third-Party/SEGGER/SEGGER/SEGGER_SYSVIEW.o
 .text._HandleIncomingPacket
                0x08003a3e       0xb8 Third-Party/SEGGER/SEGGER/SEGGER_SYSVIEW.o
 *fill*         0x08003af6        0x2 
 .text._TrySendOverflowPacket
                0x08003af8       0xe0 Third-Party/SEGGER/SEGGER/SEGGER_SYSVIEW.o
 .text._SendPacket
                0x08003bd8      0x1a8 Third-Party/SEGGER/SEGGER/SEGGER_SYSVIEW.o
 .text.SEGGER_SYSVIEW_Init
                0x08003d80       0x7c Third-Party/SEGGER/SEGGER/SEGGER_SYSVIEW.o
                0x08003d80                SEGGER_SYSVIEW_Init
 .text.SEGGER_SYSVIEW_SetRAMBase
                0x08003dfc       0x20 Third-Party/SEGGER/SEGGER/SEGGER_SYSVIEW.o
                0x08003dfc                SEGGER_SYSVIEW_SetRAMBase
 .text.SEGGER_SYSVIEW_RecordVoid
                0x08003e1c       0x3c Third-Party/SEGGER/SEGGER/SEGGER_SYSVIEW.o
                0x08003e1c                SEGGER_SYSVIEW_RecordVoid
 .text.SEGGER_SYSVIEW_RecordU32
                0x08003e58       0x78 Third-Party/SEGGER/SEGGER/SEGGER_SYSVIEW.o
                0x08003e58                SEGGER_SYSVIEW_RecordU32
 .text.SEGGER_SYSVIEW_RecordU32x2
                0x08003ed0       0xb4 Third-Party/SEGGER/SEGGER/SEGGER_SYSVIEW.o
                0x08003ed0                SEGGER_SYSVIEW_RecordU32x2
 .text.SEGGER_SYSVIEW_RecordU32x3
                0x08003f84       0xec Third-Party/SEGGER/SEGGER/SEGGER_SYSVIEW.o
                0x08003f84                SEGGER_SYSVIEW_RecordU32x3
 .text.SEGGER_SYSVIEW_RecordU32x4
                0x08004070      0x124 Third-Party/SEGGER/SEGGER/SEGGER_SYSVIEW.o
                0x08004070                SEGGER_SYSVIEW_RecordU32x4
 .text.SEGGER_SYSVIEW_Start
                0x08004194      0x170 Third-Party/SEGGER/SEGGER/SEGGER_SYSVIEW.o
                0x08004194                SEGGER_SYSVIEW_Start
 .text.SEGGER_SYSVIEW_Stop
                0x08004304       0x4c Third-Party/SEGGER/SEGGER/SEGGER_SYSVIEW.o
                0x08004304                SEGGER_SYSVIEW_Stop
 .text.SEGGER_SYSVIEW_GetSysDesc
                0x08004350      0x134 Third-Party/SEGGER/SEGGER/SEGGER_SYSVIEW.o
                0x08004350                SEGGER_SYSVIEW_GetSysDesc
 .text.SEGGER_SYSVIEW_SendTaskInfo
                0x08004484      0x1cc Third-Party/SEGGER/SEGGER/SEGGER_SYSVIEW.o
                0x08004484                SEGGER_SYSVIEW_SendTaskInfo
 .text.SEGGER_SYSVIEW_SendTaskList
                0x08004650       0x28 Third-Party/SEGGER/SEGGER/SEGGER_SYSVIEW.o
                0x08004650                SEGGER_SYSVIEW_SendTaskList
 .text.SEGGER_SYSVIEW_SendSysDesc
                0x08004678       0x48 Third-Party/SEGGER/SEGGER/SEGGER_SYSVIEW.o
                0x08004678                SEGGER_SYSVIEW_SendSysDesc
 .text.SEGGER_SYSVIEW_RecordSystime
                0x080046c0       0x60 Third-Party/SEGGER/SEGGER/SEGGER_SYSVIEW.o
                0x080046c0                SEGGER_SYSVIEW_RecordSystime
 .text.SEGGER_SYSVIEW_RecordEnterISR
                0x08004720       0x84 Third-Party/SEGGER/SEGGER/SEGGER_SYSVIEW.o
                0x08004720                SEGGER_SYSVIEW_RecordEnterISR
 .text.SEGGER_SYSVIEW_RecordExitISR
                0x080047a4       0x38 Third-Party/SEGGER/SEGGER/SEGGER_SYSVIEW.o
                0x080047a4                SEGGER_SYSVIEW_RecordExitISR
 .text.SEGGER_SYSVIEW_RecordExitISRToScheduler
                0x080047dc       0x38 Third-Party/SEGGER/SEGGER/SEGGER_SYSVIEW.o
                0x080047dc                SEGGER_SYSVIEW_RecordExitISRToScheduler
 .text.SEGGER_SYSVIEW_OnIdle
                0x08004814       0x38 Third-Party/SEGGER/SEGGER/SEGGER_SYSVIEW.o
                0x08004814                SEGGER_SYSVIEW_OnIdle
 .text.SEGGER_SYSVIEW_OnTaskCreate
                0x0800484c       0x88 Third-Party/SEGGER/SEGGER/SEGGER_SYSVIEW.o
                0x0800484c                SEGGER_SYSVIEW_OnTaskCreate
 .text.SEGGER_SYSVIEW_OnTaskStartExec
                0x080048d4       0x88 Third-Party/SEGGER/SEGGER/SEGGER_SYSVIEW.o
                0x080048d4                SEGGER_SYSVIEW_OnTaskStartExec
 .text.SEGGER_SYSVIEW_OnTaskStartReady
                0x0800495c       0x88 Third-Party/SEGGER/SEGGER/SEGGER_SYSVIEW.o
                0x0800495c                SEGGER_SYSVIEW_OnTaskStartReady
 .text.SEGGER_SYSVIEW_OnTaskStopReady
                0x080049e4       0xc0 Third-Party/SEGGER/SEGGER/SEGGER_SYSVIEW.o
                0x080049e4                SEGGER_SYSVIEW_OnTaskStopReady
 .text.SEGGER_SYSVIEW_ShrinkId
                0x08004aa4       0x24 Third-Party/SEGGER/SEGGER/SEGGER_SYSVIEW.o
                0x08004aa4                SEGGER_SYSVIEW_ShrinkId
 .text.SEGGER_SYSVIEW_SendModule
                0x08004ac8      0x100 Third-Party/SEGGER/SEGGER/SEGGER_SYSVIEW.o
                0x08004ac8                SEGGER_SYSVIEW_SendModule
 .text.SEGGER_SYSVIEW_SendModuleDescription
                0x08004bc8       0x3c Third-Party/SEGGER/SEGGER/SEGGER_SYSVIEW.o
                0x08004bc8                SEGGER_SYSVIEW_SendModuleDescription
 .text.SEGGER_SYSVIEW_SendNumModules
                0x08004c04       0x7c Third-Party/SEGGER/SEGGER/SEGGER_SYSVIEW.o
                0x08004c04                SEGGER_SYSVIEW_SendNumModules
 .text.SEGGER_SYSVIEW_Warn
                0x08004c80       0xb8 Third-Party/SEGGER/SEGGER/SEGGER_SYSVIEW.o
                0x08004c80                SEGGER_SYSVIEW_Warn
 .text.NVIC_EnableIRQ
                0x08004d38       0x34 src/main.o
 .text.NVIC_SetPriority
                0x08004d6c       0x54 src/main.o
 .text.main     0x08004dc0       0x4c src/main.o
                0x08004dc0                main
 .text.EXTI1_IRQHandler
                0x08004e0c       0x1c src/main.o
                0x08004e0c                EXTI1_IRQHandler
 .text.button_handler
                0x08004e28       0x28 src/main.o
                0x08004e28                button_handler
 .text.led_task_handler
                0x08004e50       0x30 src/main.o
                0x08004e50                led_task_handler
 .text.prvSetupHardware
                0x08004e80       0x10 src/main.o
 .text.prvSetupUART
                0x08004e90       0x9c src/main.o
 .text.prvSetupGpio
                0x08004f2c       0xb8 src/main.o
                0x08004f2c                prvSetupGpio
 .text.EXTI15_10_IRQHandler
                0x08004fe4       0x66 src/main.o
                0x08004fe4                EXTI15_10_IRQHandler
 *fill*         0x0800504a        0x2 
 .text.SystemInit
                0x0800504c       0x6c src/system_stm32f4xx.o
                0x0800504c                SystemInit
 .text.SystemCoreClockUpdate
                0x080050b8      0x19c src/system_stm32f4xx.o
                0x080050b8                SystemCoreClockUpdate
 .text.SetSysClock
                0x08005254      0x12c src/system_stm32f4xx.o
 .text.Reset_Handler
                0x08005380       0x50 startup/startup_stm32.o
                0x08005380                Reset_Handler
 .text.Default_Handler
                0x080053d0        0x2 startup/startup_stm32.o
                0x080053d0                RTC_Alarm_IRQHandler
                0x080053d0                EXTI2_IRQHandler
                0x080053d0                TIM8_CC_IRQHandler
                0x080053d0                SPDIF_Rx_IRQHandler
                0x080053d0                DebugMon_Handler
                0x080053d0                SPI4_IRQHandler
                0x080053d0                TIM1_CC_IRQHandler
                0x080053d0                QuadSPI_IRQHandler
                0x080053d0                DMA2_Stream5_IRQHandler
                0x080053d0                HardFault_Handler
                0x080053d0                DMA1_Stream5_IRQHandler
                0x080053d0                PVD_IRQHandler
                0x080053d0                SDIO_IRQHandler
                0x080053d0                TAMP_STAMP_IRQHandler
                0x080053d0                NMI_Handler
                0x080053d0                CAN2_RX1_IRQHandler
                0x080053d0                EXTI3_IRQHandler
                0x080053d0                TIM8_TRG_COM_TIM14_IRQHandler
                0x080053d0                TIM1_UP_TIM10_IRQHandler
                0x080053d0                FMPI2C1_error_IRQHandler
                0x080053d0                TIM8_UP_TIM13_IRQHandler
                0x080053d0                I2C3_ER_IRQHandler
                0x080053d0                EXTI0_IRQHandler
                0x080053d0                I2C2_EV_IRQHandler
                0x080053d0                DMA1_Stream2_IRQHandler
                0x080053d0                CAN1_RX0_IRQHandler
                0x080053d0                FPU_IRQHandler
                0x080053d0                OTG_HS_WKUP_IRQHandler
                0x080053d0                UsageFault_Handler
                0x080053d0                CAN2_SCE_IRQHandler
                0x080053d0                DMA2_Stream2_IRQHandler
                0x080053d0                SPI1_IRQHandler
                0x080053d0                TIM6_DAC_IRQHandler
                0x080053d0                TIM1_BRK_TIM9_IRQHandler
                0x080053d0                DCMI_IRQHandler
                0x080053d0                CAN2_RX0_IRQHandler
                0x080053d0                DMA2_Stream3_IRQHandler
                0x080053d0                FMPI2C1_IRQHandler
                0x080053d0                SAI2_IRQHandler
                0x080053d0                USART6_IRQHandler
                0x080053d0                USART3_IRQHandler
                0x080053d0                CAN1_RX1_IRQHandler
                0x080053d0                UART5_IRQHandler
                0x080053d0                DMA2_Stream0_IRQHandler
                0x080053d0                TIM4_IRQHandler
                0x080053d0                I2C1_EV_IRQHandler
                0x080053d0                HDMI_CEC_IRQHandler
                0x080053d0                DMA1_Stream6_IRQHandler
                0x080053d0                DMA1_Stream1_IRQHandler
                0x080053d0                UART4_IRQHandler
                0x080053d0                TIM3_IRQHandler
                0x080053d0                RCC_IRQHandler
                0x080053d0                TIM8_BRK_TIM12_IRQHandler
                0x080053d0                Default_Handler
                0x080053d0                ADC_IRQHandler
                0x080053d0                DMA1_Stream7_IRQHandler
                0x080053d0                TIM7_IRQHandler
                0x080053d0                CAN2_TX_IRQHandler
                0x080053d0                TIM5_IRQHandler
                0x080053d0                DMA2_Stream7_IRQHandler
                0x080053d0                I2C3_EV_IRQHandler
                0x080053d0                EXTI9_5_IRQHandler
                0x080053d0                RTC_WKUP_IRQHandler
                0x080053d0                SPI2_IRQHandler
                0x080053d0                OTG_HS_EP1_IN_IRQHandler
                0x080053d0                MemManage_Handler
                0x080053d0                DMA1_Stream0_IRQHandler
                0x080053d0                CAN1_TX_IRQHandler
                0x080053d0                EXTI4_IRQHandler
                0x080053d0                OTG_HS_EP1_OUT_IRQHandler
                0x080053d0                WWDG_IRQHandler
                0x080053d0                TIM2_IRQHandler
                0x080053d0                OTG_FS_WKUP_IRQHandler
                0x080053d0                TIM1_TRG_COM_TIM11_IRQHandler
                0x080053d0                OTG_HS_IRQHandler
                0x080053d0                USART2_IRQHandler
                0x080053d0                I2C2_ER_IRQHandler
                0x080053d0                DMA2_Stream1_IRQHandler
                0x080053d0                CAN1_SCE_IRQHandler
                0x080053d0                FLASH_IRQHandler
                0x080053d0                DMA2_Stream4_IRQHandler
                0x080053d0                BusFault_Handler
                0x080053d0                USART1_IRQHandler
                0x080053d0                OTG_FS_IRQHandler
                0x080053d0                SPI3_IRQHandler
                0x080053d0                DMA1_Stream4_IRQHandler
                0x080053d0                I2C1_ER_IRQHandler
                0x080053d0                FMC_IRQHandler
                0x080053d0                DMA2_Stream6_IRQHandler
                0x080053d0                SAI1_IRQHandler
                0x080053d0                DMA1_Stream3_IRQHandler
 *fill*         0x080053d2        0x2 
 .text.__libc_init_array
                0x080053d4       0x48 c:/ac6/systemworkbench/plugins/fr.ac6.mcu.externaltools.arm-none.win32_1.17.0.201812190825/tools/compiler/bin/../lib/gcc/arm-none-eabi/7.3.1/../../../../arm-none-eabi/lib/thumb/v7e-m/fpv4-sp/hard\libc.a(lib_a-init.o)
                0x080053d4                __libc_init_array
 .text.memcmp   0x0800541c       0x64 c:/ac6/systemworkbench/plugins/fr.ac6.mcu.externaltools.arm-none.win32_1.17.0.201812190825/tools/compiler/bin/../lib/gcc/arm-none-eabi/7.3.1/../../../../arm-none-eabi/lib/thumb/v7e-m/fpv4-sp/hard\libc.a(lib_a-memcmp.o)
                0x0800541c                memcmp
 .text.memset   0x08005480       0x94 c:/ac6/systemworkbench/plugins/fr.ac6.mcu.externaltools.arm-none.win32_1.17.0.201812190825/tools/compiler/bin/../lib/gcc/arm-none-eabi/7.3.1/../../../../arm-none-eabi/lib/thumb/v7e-m/fpv4-sp/hard\libc.a(lib_a-memset.o)
                0x08005480                memset
 .text.startup.register_fini
                0x08005514       0x14 c:/ac6/systemworkbench/plugins/fr.ac6.mcu.externaltools.arm-none.win32_1.17.0.201812190825/tools/compiler/bin/../lib/gcc/arm-none-eabi/7.3.1/../../../../arm-none-eabi/lib/thumb/v7e-m/fpv4-sp/hard\libc.a(lib_a-__call_atexit.o)
 .text.atexit   0x08005528        0xc c:/ac6/systemworkbench/plugins/fr.ac6.mcu.externaltools.arm-none.win32_1.17.0.201812190825/tools/compiler/bin/../lib/gcc/arm-none-eabi/7.3.1/../../../../arm-none-eabi/lib/thumb/v7e-m/fpv4-sp/hard\libc.a(lib_a-atexit.o)
                0x08005528                atexit
 .text.__libc_fini_array
                0x08005534       0x34 c:/ac6/systemworkbench/plugins/fr.ac6.mcu.externaltools.arm-none.win32_1.17.0.201812190825/tools/compiler/bin/../lib/gcc/arm-none-eabi/7.3.1/../../../../arm-none-eabi/lib/thumb/v7e-m/fpv4-sp/hard\libc.a(lib_a-fini.o)
                0x08005534                __libc_fini_array
 .text.__retarget_lock_acquire_recursive
                0x08005568        0x4 c:/ac6/systemworkbench/plugins/fr.ac6.mcu.externaltools.arm-none.win32_1.17.0.201812190825/tools/compiler/bin/../lib/gcc/arm-none-eabi/7.3.1/../../../../arm-none-eabi/lib/thumb/v7e-m/fpv4-sp/hard\libc.a(lib_a-lock.o)
                0x08005568                __retarget_lock_acquire_recursive
 .text.__retarget_lock_release_recursive
                0x0800556c        0x4 c:/ac6/systemworkbench/plugins/fr.ac6.mcu.externaltools.arm-none.win32_1.17.0.201812190825/tools/compiler/bin/../lib/gcc/arm-none-eabi/7.3.1/../../../../arm-none-eabi/lib/thumb/v7e-m/fpv4-sp/hard\libc.a(lib_a-lock.o)
                0x0800556c                __retarget_lock_release_recursive
 .text.__register_exitproc
                0x08005570       0xc0 c:/ac6/systemworkbench/plugins/fr.ac6.mcu.externaltools.arm-none.win32_1.17.0.201812190825/tools/compiler/bin/../lib/gcc/arm-none-eabi/7.3.1/../../../../arm-none-eabi/lib/thumb/v7e-m/fpv4-sp/hard\libc.a(lib_a-__atexit.o)
                0x08005570                __register_exitproc
 *(.glue_7)
 .glue_7        0x08005630        0x0 linker stubs
 *(.glue_7t)
 .glue_7t       0x08005630        0x0 linker stubs
 *(.eh_frame)
 .eh_frame      0x08005630        0x0 c:/ac6/systemworkbench/plugins/fr.ac6.mcu.externaltools.arm-none.win32_1.17.0.201812190825/tools/compiler/bin/../lib/gcc/arm-none-eabi/7.3.1/thumb/v7e-m/fpv4-sp/hard/crtbegin.o
 *(.init)
 .init          0x08005630        0x4 c:/ac6/systemworkbench/plugins/fr.ac6.mcu.externaltools.arm-none.win32_1.17.0.201812190825/tools/compiler/bin/../lib/gcc/arm-none-eabi/7.3.1/thumb/v7e-m/fpv4-sp/hard/crti.o
                0x08005630                _init
 .init          0x08005634        0x8 c:/ac6/systemworkbench/plugins/fr.ac6.mcu.externaltools.arm-none.win32_1.17.0.201812190825/tools/compiler/bin/../lib/gcc/arm-none-eabi/7.3.1/thumb/v7e-m/fpv4-sp/hard/crtn.o
 *(.fini)
 .fini          0x0800563c        0x4 c:/ac6/systemworkbench/plugins/fr.ac6.mcu.externaltools.arm-none.win32_1.17.0.201812190825/tools/compiler/bin/../lib/gcc/arm-none-eabi/7.3.1/thumb/v7e-m/fpv4-sp/hard/crti.o
                0x0800563c                _fini
 .fini          0x08005640        0x8 c:/ac6/systemworkbench/plugins/fr.ac6.mcu.externaltools.arm-none.win32_1.17.0.201812190825/tools/compiler/bin/../lib/gcc/arm-none-eabi/7.3.1/thumb/v7e-m/fpv4-sp/hard/crtn.o
                0x08005648                . = ALIGN (0x4)
                0x08005648                _etext = .

.vfp11_veneer   0x08005648        0x0
 .vfp11_veneer  0x08005648        0x0 linker stubs

.v4_bx          0x08005648        0x0
 .v4_bx         0x08005648        0x0 linker stubs

.iplt           0x08005648        0x0
 .iplt          0x08005648        0x0 c:/ac6/systemworkbench/plugins/fr.ac6.mcu.externaltools.arm-none.win32_1.17.0.201812190825/tools/compiler/bin/../lib/gcc/arm-none-eabi/7.3.1/thumb/v7e-m/fpv4-sp/hard/crtbegin.o

.rodata         0x08005648      0x118
                0x08005648                . = ALIGN (0x4)
 *(.rodata)
 .rodata        0x08005648        0x5 Third-Party/FreeRTOS/org/Source/tasks.o
 *fill*         0x0800564d        0x3 
 .rodata        0x08005650        0xd Third-Party/FreeRTOS/org/Source/timers.o
 *fill*         0x0800565d        0x3 
 .rodata        0x08005660       0x51 Third-Party/SEGGER/Config/SEGGER_SYSVIEW_Config_FreeRTOS.o
 *fill*         0x080056b1        0x3 
 .rodata        0x080056b4       0x60 Third-Party/SEGGER/OS/SEGGER_SYSVIEW_FreeRTOS.o
                0x0800570c                SYSVIEW_X_OS_TraceAPI
 .rodata        0x08005714       0x17 Third-Party/SEGGER/SEGGER/SEGGER_RTT.o
 *fill*         0x0800572b        0x1 
 .rodata        0x0800572c       0x24 Third-Party/SEGGER/SEGGER/SEGGER_SYSVIEW.o
 .rodata        0x08005750        0x9 src/main.o
 *(.rodata*)
 *fill*         0x08005759        0x3 
 .rodata._global_impure_ptr
                0x0800575c        0x4 c:/ac6/systemworkbench/plugins/fr.ac6.mcu.externaltools.arm-none.win32_1.17.0.201812190825/tools/compiler/bin/../lib/gcc/arm-none-eabi/7.3.1/../../../../arm-none-eabi/lib/thumb/v7e-m/fpv4-sp/hard\libc.a(lib_a-impure.o)
                0x0800575c                _global_impure_ptr
                0x08005760                . = ALIGN (0x4)

.rel.dyn        0x08005760        0x0
 .rel.iplt      0x08005760        0x0 c:/ac6/systemworkbench/plugins/fr.ac6.mcu.externaltools.arm-none.win32_1.17.0.201812190825/tools/compiler/bin/../lib/gcc/arm-none-eabi/7.3.1/thumb/v7e-m/fpv4-sp/hard/crtbegin.o

.ARM.extab      0x08005760        0x0
                0x08005760                . = ALIGN (0x4)
 *(.ARM.extab* .gnu.linkonce.armextab.*)
                0x08005760                . = ALIGN (0x4)

.ARM            0x08005760        0x0
                0x08005760                . = ALIGN (0x4)
                0x08005760                __exidx_start = .
 *(.ARM.exidx*)
                0x08005760                __exidx_end = .
                0x08005760                . = ALIGN (0x4)

.preinit_array  0x08005760        0x0
                0x08005760                . = ALIGN (0x4)
                0x08005760                PROVIDE (__preinit_array_start = .)
 *(.preinit_array*)
                0x08005760                PROVIDE (__preinit_array_end = .)
                0x08005760                . = ALIGN (0x4)

.init_array     0x08005760        0x8
                0x08005760                . = ALIGN (0x4)
                0x08005760                PROVIDE (__init_array_start = .)
 *(SORT_BY_NAME(.init_array.*))
 .init_array.00000
                0x08005760        0x4 c:/ac6/systemworkbench/plugins/fr.ac6.mcu.externaltools.arm-none.win32_1.17.0.201812190825/tools/compiler/bin/../lib/gcc/arm-none-eabi/7.3.1/../../../../arm-none-eabi/lib/thumb/v7e-m/fpv4-sp/hard\libc.a(lib_a-__call_atexit.o)
 *(.init_array*)
 .init_array    0x08005764        0x4 c:/ac6/systemworkbench/plugins/fr.ac6.mcu.externaltools.arm-none.win32_1.17.0.201812190825/tools/compiler/bin/../lib/gcc/arm-none-eabi/7.3.1/thumb/v7e-m/fpv4-sp/hard/crtbegin.o
                0x08005768                PROVIDE (__init_array_end = .)
                0x08005768                . = ALIGN (0x4)

.fini_array     0x08005768        0x4
                0x08005768                . = ALIGN (0x4)
                0x08005768                PROVIDE (__fini_array_start = .)
 *(SORT_BY_NAME(.fini_array.*))
 *(.fini_array*)
 .fini_array    0x08005768        0x4 c:/ac6/systemworkbench/plugins/fr.ac6.mcu.externaltools.arm-none.win32_1.17.0.201812190825/tools/compiler/bin/../lib/gcc/arm-none-eabi/7.3.1/thumb/v7e-m/fpv4-sp/hard/crtbegin.o
                0x0800576c                PROVIDE (__fini_array_end = .)
                0x0800576c                . = ALIGN (0x4)
                0x0800576c                _sidata = LOADADDR (.data)

.data           0x20000000      0x454 load address 0x0800576c
                0x20000000                . = ALIGN (0x4)
                0x20000000                _sdata = .
 *(.data)
 .data          0x20000000       0x10 StdPeriph_Driver/src/stm32f4xx_rcc.o
 .data          0x20000010        0x4 Third-Party/FreeRTOS/org/Source/portable/GCC/ARM_CM4F/port.o
 .data          0x20000014       0x14 src/system_stm32f4xx.o
                0x20000014                SystemCoreClock
                0x20000018                AHBPrescTable
 *(.data*)
 .data.impure_data
                0x20000028      0x428 c:/ac6/systemworkbench/plugins/fr.ac6.mcu.externaltools.arm-none.win32_1.17.0.201812190825/tools/compiler/bin/../lib/gcc/arm-none-eabi/7.3.1/../../../../arm-none-eabi/lib/thumb/v7e-m/fpv4-sp/hard\libc.a(lib_a-impure.o)
 .data.__atexit_recursive_mutex
                0x20000450        0x4 c:/ac6/systemworkbench/plugins/fr.ac6.mcu.externaltools.arm-none.win32_1.17.0.201812190825/tools/compiler/bin/../lib/gcc/arm-none-eabi/7.3.1/../../../../arm-none-eabi/lib/thumb/v7e-m/fpv4-sp/hard\libc.a(lib_a-__call_atexit.o)
                0x20000450                __atexit_recursive_mutex
                0x20000454                . = ALIGN (0x4)
                0x20000454                _edata = .

.igot.plt       0x20000454        0x0 load address 0x08005bc0
 .igot.plt      0x20000454        0x0 c:/ac6/systemworkbench/plugins/fr.ac6.mcu.externaltools.arm-none.win32_1.17.0.201812190825/tools/compiler/bin/../lib/gcc/arm-none-eabi/7.3.1/thumb/v7e-m/fpv4-sp/hard/crtbegin.o
                0x20000454                . = ALIGN (0x4)

.bss            0x20000454    0x1545c load address 0x08005bc0
                0x20000454                _sbss = .
                0x20000454                __bss_start__ = _sbss
 *(.bss)
 .bss           0x20000454       0x1c c:/ac6/systemworkbench/plugins/fr.ac6.mcu.externaltools.arm-none.win32_1.17.0.201812190825/tools/compiler/bin/../lib/gcc/arm-none-eabi/7.3.1/thumb/v7e-m/fpv4-sp/hard/crtbegin.o
 .bss           0x20000470      0x104 Third-Party/FreeRTOS/org/Source/tasks.o
                0x20000470                pxCurrentTCB
 .bss           0x20000574       0x3c Third-Party/FreeRTOS/org/Source/timers.o
 .bss           0x200005b0        0x8 Third-Party/FreeRTOS/org/Source/portable/GCC/ARM_CM4F/port.o
 .bss           0x200005b8    0x12c18 Third-Party/FreeRTOS/org/Source/portable/MemMang/heap_4.o
 .bss           0x200131d0       0xa4 Third-Party/SEGGER/OS/SEGGER_SYSVIEW_FreeRTOS.o
 .bss           0x20013274      0x411 Third-Party/SEGGER/SEGGER/SEGGER_RTT.o
 *fill*         0x20013685        0x3 
 .bss           0x20013688     0x211b Third-Party/SEGGER/SEGGER/SEGGER_SYSVIEW.o
 .bss           0x200157a3        0x1 src/main.o
                0x200157a3                button_status_flag
 *(.bss*)
 *(COMMON)
 COMMON         0x200157a4       0x40 Third-Party/FreeRTOS/org/Source/queue.o
                0x200157a4                xQueueRegistry
 COMMON         0x200157e4       0xa8 Third-Party/SEGGER/SEGGER/SEGGER_RTT.o
                0x200157e4                _SEGGER_RTT
 COMMON         0x2001588c       0x21 c:/ac6/systemworkbench/plugins/fr.ac6.mcu.externaltools.arm-none.win32_1.17.0.201812190825/tools/compiler/bin/../lib/gcc/arm-none-eabi/7.3.1/../../../../arm-none-eabi/lib/thumb/v7e-m/fpv4-sp/hard\libc.a(lib_a-lock.o)
                0x2001588c                __lock___atexit_recursive_mutex
                0x20015890                __lock___arc4random_mutex
                0x20015894                __lock___env_recursive_mutex
                0x20015898                __lock___sinit_recursive_mutex
                0x2001589c                __lock___malloc_recursive_mutex
                0x200158a0                __lock___at_quick_exit_mutex
                0x200158a4                __lock___dd_hash_mutex
                0x200158a8                __lock___tz_mutex
                0x200158ac                __lock___sfp_recursive_mutex
                0x200158b0                . = ALIGN (0x4)
 *fill*         0x200158ad        0x3 
                0x200158b0                _ebss = .
                0x200158b0                __bss_end__ = _ebss

._user_heap_stack
                0x200158b0      0x400 load address 0x08005bc0
                0x200158b0                . = ALIGN (0x8)
                0x200158b0                PROVIDE (end = .)
                [!provide]                PROVIDE (_end = .)
                0x200158b0                . = (. + _Min_Heap_Size)
                0x20015cb0                . = (. + _Min_Stack_Size)
 *fill*         0x200158b0      0x400 
                0x20015cb0                . = ALIGN (0x8)

/DISCARD/
 libc.a(*)
 libm.a(*)
 libgcc.a(*)

.ARM.attributes
                0x00000000       0x30
 *(.ARM.attributes)
 .ARM.attributes
                0x00000000       0x22 c:/ac6/systemworkbench/plugins/fr.ac6.mcu.externaltools.arm-none.win32_1.17.0.201812190825/tools/compiler/bin/../lib/gcc/arm-none-eabi/7.3.1/thumb/v7e-m/fpv4-sp/hard/crti.o
 .ARM.attributes
                0x00000022       0x34 c:/ac6/systemworkbench/plugins/fr.ac6.mcu.externaltools.arm-none.win32_1.17.0.201812190825/tools/compiler/bin/../lib/gcc/arm-none-eabi/7.3.1/thumb/v7e-m/fpv4-sp/hard/crtbegin.o
 .ARM.attributes
                0x00000056       0x39 StdPeriph_Driver/src/stm32f4xx_exti.o
 .ARM.attributes
                0x0000008f       0x39 StdPeriph_Driver/src/stm32f4xx_gpio.o
 .ARM.attributes
                0x000000c8       0x39 StdPeriph_Driver/src/stm32f4xx_rcc.o
 .ARM.attributes
                0x00000101       0x39 StdPeriph_Driver/src/stm32f4xx_syscfg.o
 .ARM.attributes
                0x0000013a       0x39 StdPeriph_Driver/src/stm32f4xx_usart.o
 .ARM.attributes
                0x00000173       0x39 Third-Party/FreeRTOS/org/Source/list.o
 .ARM.attributes
                0x000001ac       0x39 Third-Party/FreeRTOS/org/Source/queue.o
 .ARM.attributes
                0x000001e5       0x39 Third-Party/FreeRTOS/org/Source/tasks.o
 .ARM.attributes
                0x0000021e       0x39 Third-Party/FreeRTOS/org/Source/timers.o
 .ARM.attributes
                0x00000257       0x39 Third-Party/FreeRTOS/org/Source/portable/GCC/ARM_CM4F/port.o
 .ARM.attributes
                0x00000290       0x39 Third-Party/FreeRTOS/org/Source/portable/MemMang/heap_4.o
 .ARM.attributes
                0x000002c9       0x39 Third-Party/SEGGER/Config/SEGGER_SYSVIEW_Config_FreeRTOS.o
 .ARM.attributes
                0x00000302       0x39 Third-Party/SEGGER/OS/SEGGER_SYSVIEW_FreeRTOS.o
 .ARM.attributes
                0x0000033b       0x39 Third-Party/SEGGER/SEGGER/SEGGER_RTT.o
 .ARM.attributes
                0x00000374       0x39 Third-Party/SEGGER/SEGGER/SEGGER_SYSVIEW.o
 .ARM.attributes
                0x000003ad       0x39 src/main.o
 .ARM.attributes
                0x000003e6       0x39 src/system_stm32f4xx.o
 .ARM.attributes
                0x0000041f       0x21 startup/startup_stm32.o
 .ARM.attributes
                0x00000440       0x34 c:/ac6/systemworkbench/plugins/fr.ac6.mcu.externaltools.arm-none.win32_1.17.0.201812190825/tools/compiler/bin/../lib/gcc/arm-none-eabi/7.3.1/../../../../arm-none-eabi/lib/thumb/v7e-m/fpv4-sp/hard\libc.a(lib_a-impure.o)
 .ARM.attributes
                0x00000474       0x34 c:/ac6/systemworkbench/plugins/fr.ac6.mcu.externaltools.arm-none.win32_1.17.0.201812190825/tools/compiler/bin/../lib/gcc/arm-none-eabi/7.3.1/../../../../arm-none-eabi/lib/thumb/v7e-m/fpv4-sp/hard\libc.a(lib_a-init.o)
 .ARM.attributes
                0x000004a8       0x34 c:/ac6/systemworkbench/plugins/fr.ac6.mcu.externaltools.arm-none.win32_1.17.0.201812190825/tools/compiler/bin/../lib/gcc/arm-none-eabi/7.3.1/../../../../arm-none-eabi/lib/thumb/v7e-m/fpv4-sp/hard\libc.a(lib_a-memcmp.o)
 .ARM.attributes
                0x000004dc       0x20 c:/ac6/systemworkbench/plugins/fr.ac6.mcu.externaltools.arm-none.win32_1.17.0.201812190825/tools/compiler/bin/../lib/gcc/arm-none-eabi/7.3.1/../../../../arm-none-eabi/lib/thumb/v7e-m/fpv4-sp/hard\libc.a(lib_a-memcpy.o)
 .ARM.attributes
                0x000004fc       0x34 c:/ac6/systemworkbench/plugins/fr.ac6.mcu.externaltools.arm-none.win32_1.17.0.201812190825/tools/compiler/bin/../lib/gcc/arm-none-eabi/7.3.1/../../../../arm-none-eabi/lib/thumb/v7e-m/fpv4-sp/hard\libc.a(lib_a-memset.o)
 .ARM.attributes
                0x00000530       0x34 c:/ac6/systemworkbench/plugins/fr.ac6.mcu.externaltools.arm-none.win32_1.17.0.201812190825/tools/compiler/bin/../lib/gcc/arm-none-eabi/7.3.1/../../../../arm-none-eabi/lib/thumb/v7e-m/fpv4-sp/hard\libc.a(lib_a-__call_atexit.o)
 .ARM.attributes
                0x00000564       0x34 c:/ac6/systemworkbench/plugins/fr.ac6.mcu.externaltools.arm-none.win32_1.17.0.201812190825/tools/compiler/bin/../lib/gcc/arm-none-eabi/7.3.1/../../../../arm-none-eabi/lib/thumb/v7e-m/fpv4-sp/hard\libc.a(lib_a-atexit.o)
 .ARM.attributes
                0x00000598       0x34 c:/ac6/systemworkbench/plugins/fr.ac6.mcu.externaltools.arm-none.win32_1.17.0.201812190825/tools/compiler/bin/../lib/gcc/arm-none-eabi/7.3.1/../../../../arm-none-eabi/lib/thumb/v7e-m/fpv4-sp/hard\libc.a(lib_a-fini.o)
 .ARM.attributes
                0x000005cc       0x34 c:/ac6/systemworkbench/plugins/fr.ac6.mcu.externaltools.arm-none.win32_1.17.0.201812190825/tools/compiler/bin/../lib/gcc/arm-none-eabi/7.3.1/../../../../arm-none-eabi/lib/thumb/v7e-m/fpv4-sp/hard\libc.a(lib_a-lock.o)
 .ARM.attributes
                0x00000600       0x34 c:/ac6/systemworkbench/plugins/fr.ac6.mcu.externaltools.arm-none.win32_1.17.0.201812190825/tools/compiler/bin/../lib/gcc/arm-none-eabi/7.3.1/../../../../arm-none-eabi/lib/thumb/v7e-m/fpv4-sp/hard\libc.a(lib_a-__atexit.o)
 .ARM.attributes
                0x00000634       0x22 c:/ac6/systemworkbench/plugins/fr.ac6.mcu.externaltools.arm-none.win32_1.17.0.201812190825/tools/compiler/bin/../lib/gcc/arm-none-eabi/7.3.1/thumb/v7e-m/fpv4-sp/hard/crtn.o
OUTPUT(STM32_FreeRTOS_Led_and_Button_IT.elf elf32-littlearm)

.debug_info     0x00000000    0x11a88
 .debug_info    0x00000000      0x358 StdPeriph_Driver/src/stm32f4xx_exti.o
 .debug_info    0x00000358      0x62b StdPeriph_Driver/src/stm32f4xx_gpio.o
 .debug_info    0x00000983      0xf8e StdPeriph_Driver/src/stm32f4xx_rcc.o
 .debug_info    0x00001911      0x2a6 StdPeriph_Driver/src/stm32f4xx_syscfg.o
 .debug_info    0x00001bb7      0x9d4 StdPeriph_Driver/src/stm32f4xx_usart.o
 .debug_info    0x0000258b      0xadb Third-Party/FreeRTOS/org/Source/list.o
 .debug_info    0x00003066     0x1f3a Third-Party/FreeRTOS/org/Source/queue.o
 .debug_info    0x00004fa0     0x279d Third-Party/FreeRTOS/org/Source/tasks.o
 .debug_info    0x0000773d     0x146e Third-Party/FreeRTOS/org/Source/timers.o
 .debug_info    0x00008bab      0x533 Third-Party/FreeRTOS/org/Source/portable/GCC/ARM_CM4F/port.o
 .debug_info    0x000090de      0xbfc Third-Party/FreeRTOS/org/Source/portable/MemMang/heap_4.o
 .debug_info    0x00009cda      0x10f Third-Party/SEGGER/Config/SEGGER_SYSVIEW_Config_FreeRTOS.o
 .debug_info    0x00009de9      0xb8c Third-Party/SEGGER/OS/SEGGER_SYSVIEW_FreeRTOS.o
 .debug_info    0x0000a975     0x1952 Third-Party/SEGGER/SEGGER/SEGGER_RTT.o
 .debug_info    0x0000c2c7     0x3c70 Third-Party/SEGGER/SEGGER/SEGGER_SYSVIEW.o
 .debug_info    0x0000ff37     0x150e src/main.o
 .debug_info    0x00011445      0x621 src/system_stm32f4xx.o
 .debug_info    0x00011a66       0x22 startup/startup_stm32.o

.debug_abbrev   0x00000000     0x26c3
 .debug_abbrev  0x00000000      0x1c3 StdPeriph_Driver/src/stm32f4xx_exti.o
 .debug_abbrev  0x000001c3      0x1bf StdPeriph_Driver/src/stm32f4xx_gpio.o
 .debug_abbrev  0x00000382      0x1d4 StdPeriph_Driver/src/stm32f4xx_rcc.o
 .debug_abbrev  0x00000556      0x14b StdPeriph_Driver/src/stm32f4xx_syscfg.o
 .debug_abbrev  0x000006a1      0x187 StdPeriph_Driver/src/stm32f4xx_usart.o
 .debug_abbrev  0x00000828      0x205 Third-Party/FreeRTOS/org/Source/list.o
 .debug_abbrev  0x00000a2d      0x352 Third-Party/FreeRTOS/org/Source/queue.o
 .debug_abbrev  0x00000d7f      0x395 Third-Party/FreeRTOS/org/Source/tasks.o
 .debug_abbrev  0x00001114      0x2fe Third-Party/FreeRTOS/org/Source/timers.o
 .debug_abbrev  0x00001412      0x210 Third-Party/FreeRTOS/org/Source/portable/GCC/ARM_CM4F/port.o
 .debug_abbrev  0x00001622      0x2d4 Third-Party/FreeRTOS/org/Source/portable/MemMang/heap_4.o
 .debug_abbrev  0x000018f6       0xb5 Third-Party/SEGGER/Config/SEGGER_SYSVIEW_Config_FreeRTOS.o
 .debug_abbrev  0x000019ab      0x223 Third-Party/SEGGER/OS/SEGGER_SYSVIEW_FreeRTOS.o
 .debug_abbrev  0x00001bce      0x2e3 Third-Party/SEGGER/SEGGER/SEGGER_RTT.o
 .debug_abbrev  0x00001eb1      0x35f Third-Party/SEGGER/SEGGER/SEGGER_SYSVIEW.o
 .debug_abbrev  0x00002210      0x344 src/main.o
 .debug_abbrev  0x00002554      0x15d src/system_stm32f4xx.o
 .debug_abbrev  0x000026b1       0x12 startup/startup_stm32.o

.debug_aranges  0x00000000      0xe20
 .debug_aranges
                0x00000000       0x58 StdPeriph_Driver/src/stm32f4xx_exti.o
 .debug_aranges
                0x00000058       0x88 StdPeriph_Driver/src/stm32f4xx_gpio.o
 .debug_aranges
                0x000000e0      0x1e8 StdPeriph_Driver/src/stm32f4xx_rcc.o
 .debug_aranges
                0x000002c8       0x50 StdPeriph_Driver/src/stm32f4xx_syscfg.o
 .debug_aranges
                0x00000318      0x100 StdPeriph_Driver/src/stm32f4xx_usart.o
 .debug_aranges
                0x00000418       0x40 Third-Party/FreeRTOS/org/Source/list.o
 .debug_aranges
                0x00000458      0x130 Third-Party/FreeRTOS/org/Source/queue.o
 .debug_aranges
                0x00000588      0x1f8 Third-Party/FreeRTOS/org/Source/tasks.o
 .debug_aranges
                0x00000780       0xd0 Third-Party/FreeRTOS/org/Source/timers.o
 .debug_aranges
                0x00000850       0x80 Third-Party/FreeRTOS/org/Source/portable/GCC/ARM_CM4F/port.o
 .debug_aranges
                0x000008d0       0x50 Third-Party/FreeRTOS/org/Source/portable/MemMang/heap_4.o
 .debug_aranges
                0x00000920       0x28 Third-Party/SEGGER/Config/SEGGER_SYSVIEW_Config_FreeRTOS.o
 .debug_aranges
                0x00000948       0x48 Third-Party/SEGGER/OS/SEGGER_SYSVIEW_FreeRTOS.o
 .debug_aranges
                0x00000990      0x140 Third-Party/SEGGER/SEGGER/SEGGER_RTT.o
 .debug_aranges
                0x00000ad0      0x280 Third-Party/SEGGER/SEGGER/SEGGER_SYSVIEW.o
 .debug_aranges
                0x00000d50       0x78 src/main.o
 .debug_aranges
                0x00000dc8       0x30 src/system_stm32f4xx.o
 .debug_aranges
                0x00000df8       0x28 startup/startup_stm32.o

.debug_ranges   0x00000000      0xd08
 .debug_ranges  0x00000000       0x48 StdPeriph_Driver/src/stm32f4xx_exti.o
 .debug_ranges  0x00000048       0x78 StdPeriph_Driver/src/stm32f4xx_gpio.o
 .debug_ranges  0x000000c0      0x1d8 StdPeriph_Driver/src/stm32f4xx_rcc.o
 .debug_ranges  0x00000298       0x40 StdPeriph_Driver/src/stm32f4xx_syscfg.o
 .debug_ranges  0x000002d8       0xf0 StdPeriph_Driver/src/stm32f4xx_usart.o
 .debug_ranges  0x000003c8       0x30 Third-Party/FreeRTOS/org/Source/list.o
 .debug_ranges  0x000003f8      0x120 Third-Party/FreeRTOS/org/Source/queue.o
 .debug_ranges  0x00000518      0x1e8 Third-Party/FreeRTOS/org/Source/tasks.o
 .debug_ranges  0x00000700       0xc0 Third-Party/FreeRTOS/org/Source/timers.o
 .debug_ranges  0x000007c0       0x70 Third-Party/FreeRTOS/org/Source/portable/GCC/ARM_CM4F/port.o
 .debug_ranges  0x00000830       0x40 Third-Party/FreeRTOS/org/Source/portable/MemMang/heap_4.o
 .debug_ranges  0x00000870       0x18 Third-Party/SEGGER/Config/SEGGER_SYSVIEW_Config_FreeRTOS.o
 .debug_ranges  0x00000888       0x38 Third-Party/SEGGER/OS/SEGGER_SYSVIEW_FreeRTOS.o
 .debug_ranges  0x000008c0      0x130 Third-Party/SEGGER/SEGGER/SEGGER_RTT.o
 .debug_ranges  0x000009f0      0x270 Third-Party/SEGGER/SEGGER/SEGGER_SYSVIEW.o
 .debug_ranges  0x00000c60       0x68 src/main.o
 .debug_ranges  0x00000cc8       0x20 src/system_stm32f4xx.o
 .debug_ranges  0x00000ce8       0x20 startup/startup_stm32.o

.debug_macro    0x00000000     0x3606
 .debug_macro   0x00000000      0x1fe StdPeriph_Driver/src/stm32f4xx_exti.o
 .debug_macro   0x000001fe       0xaf StdPeriph_Driver/src/stm32f4xx_exti.o
 .debug_macro   0x000002ad      0x1fc StdPeriph_Driver/src/stm32f4xx_gpio.o
 .debug_macro   0x000004a9      0x33b StdPeriph_Driver/src/stm32f4xx_gpio.o
 .debug_macro   0x000007e4      0x2cb StdPeriph_Driver/src/stm32f4xx_rcc.o
 .debug_macro   0x00000aaf      0x24a StdPeriph_Driver/src/stm32f4xx_syscfg.o
 .debug_macro   0x00000cf9      0x10e StdPeriph_Driver/src/stm32f4xx_syscfg.o
 .debug_macro   0x00000e07      0x214 StdPeriph_Driver/src/stm32f4xx_usart.o
 .debug_macro   0x0000101b      0x21d StdPeriph_Driver/src/stm32f4xx_usart.o
 .debug_macro   0x00001238      0x1ba Third-Party/FreeRTOS/org/Source/list.o
 .debug_macro   0x000013f2      0x244 Third-Party/FreeRTOS/org/Source/queue.o
 .debug_macro   0x00001636       0x16 Third-Party/FreeRTOS/org/Source/queue.o
 .debug_macro   0x0000164c       0x35 Third-Party/FreeRTOS/org/Source/queue.o
 .debug_macro   0x00001681       0x80 Third-Party/FreeRTOS/org/Source/queue.o
 .debug_macro   0x00001701      0x2b5 Third-Party/FreeRTOS/org/Source/tasks.o
 .debug_macro   0x000019b6       0x10 Third-Party/FreeRTOS/org/Source/tasks.o
 .debug_macro   0x000019c6      0x20f Third-Party/FreeRTOS/org/Source/timers.o
 .debug_macro   0x00001bd5       0x97 Third-Party/FreeRTOS/org/Source/timers.o
 .debug_macro   0x00001c6c      0x1d6 Third-Party/FreeRTOS/org/Source/portable/GCC/ARM_CM4F/port.o
 .debug_macro   0x00001e42      0x1e1 Third-Party/FreeRTOS/org/Source/portable/MemMang/heap_4.o
 .debug_macro   0x00002023      0x116 Third-Party/SEGGER/Config/SEGGER_SYSVIEW_Config_FreeRTOS.o
 .debug_macro   0x00002139      0x1d0 Third-Party/SEGGER/OS/SEGGER_SYSVIEW_FreeRTOS.o
 .debug_macro   0x00002309      0x1a7 Third-Party/SEGGER/SEGGER/SEGGER_RTT.o
 .debug_macro   0x000024b0       0x49 Third-Party/SEGGER/SEGGER/SEGGER_RTT.o
 .debug_macro   0x000024f9       0x16 Third-Party/SEGGER/SEGGER/SEGGER_RTT.o
 .debug_macro   0x0000250f      0x11c Third-Party/SEGGER/SEGGER/SEGGER_RTT.o
 .debug_macro   0x0000262b      0x1f6 Third-Party/SEGGER/SEGGER/SEGGER_SYSVIEW.o
 .debug_macro   0x00002821       0x73 Third-Party/SEGGER/SEGGER/SEGGER_SYSVIEW.o
 .debug_macro   0x00002894       0x34 Third-Party/SEGGER/SEGGER/SEGGER_SYSVIEW.o
 .debug_macro   0x000028c8       0x1c Third-Party/SEGGER/SEGGER/SEGGER_SYSVIEW.o
 .debug_macro   0x000028e4      0x42d src/main.o
 .debug_macro   0x00002d11       0x16 src/main.o
 .debug_macro   0x00002d27       0x97 src/main.o
 .debug_macro   0x00002dbe       0xfd src/main.o
 .debug_macro   0x00002ebb       0x10 src/main.o
 .debug_macro   0x00002ecb       0x10 src/main.o
 .debug_macro   0x00002edb       0x1c src/main.o
 .debug_macro   0x00002ef7       0x52 src/main.o
 .debug_macro   0x00002f49       0x40 src/main.o
 .debug_macro   0x00002f89       0x10 src/main.o
 .debug_macro   0x00002f99       0x40 src/main.o
 .debug_macro   0x00002fd9       0xd7 src/main.o
 .debug_macro   0x000030b0       0x1c src/main.o
 .debug_macro   0x000030cc       0x3d src/main.o
 .debug_macro   0x00003109       0x16 src/main.o
 .debug_macro   0x0000311f      0x16f src/main.o
 .debug_macro   0x0000328e      0x113 src/main.o
 .debug_macro   0x000033a1       0x4c src/main.o
 .debug_macro   0x000033ed      0x219 src/system_stm32f4xx.o

.debug_line     0x00000000     0xb650
 .debug_line    0x00000000      0x780 StdPeriph_Driver/src/stm32f4xx_exti.o
 .debug_line    0x00000780      0x858 StdPeriph_Driver/src/stm32f4xx_gpio.o
 .debug_line    0x00000fd8      0xbd5 StdPeriph_Driver/src/stm32f4xx_rcc.o
 .debug_line    0x00001bad      0x753 StdPeriph_Driver/src/stm32f4xx_syscfg.o
 .debug_line    0x00002300      0x99e StdPeriph_Driver/src/stm32f4xx_usart.o
 .debug_line    0x00002c9e      0x733 Third-Party/FreeRTOS/org/Source/list.o
 .debug_line    0x000033d1     0x109b Third-Party/FreeRTOS/org/Source/queue.o
 .debug_line    0x0000446c     0x1412 Third-Party/FreeRTOS/org/Source/tasks.o
 .debug_line    0x0000587e      0xaa4 Third-Party/FreeRTOS/org/Source/timers.o
 .debug_line    0x00006322      0x86a Third-Party/FreeRTOS/org/Source/portable/GCC/ARM_CM4F/port.o
 .debug_line    0x00006b8c      0x819 Third-Party/FreeRTOS/org/Source/portable/MemMang/heap_4.o
 .debug_line    0x000073a5      0x654 Third-Party/SEGGER/Config/SEGGER_SYSVIEW_Config_FreeRTOS.o
 .debug_line    0x000079f9      0x7c4 Third-Party/SEGGER/OS/SEGGER_SYSVIEW_FreeRTOS.o
 .debug_line    0x000081bd      0x8bc Third-Party/SEGGER/SEGGER/SEGGER_RTT.o
 .debug_line    0x00008a79     0x1755 Third-Party/SEGGER/SEGGER/SEGGER_SYSVIEW.o
 .debug_line    0x0000a1ce      0xca1 src/main.o
 .debug_line    0x0000ae6f      0x765 src/system_stm32f4xx.o
 .debug_line    0x0000b5d4       0x7c startup/startup_stm32.o

.debug_str      0x00000000    0x80a52
 .debug_str     0x00000000    0x6ce43 StdPeriph_Driver/src/stm32f4xx_exti.o
                              0x6d0e5 (size before relaxing)
 .debug_str     0x0006ce43      0x2c5 StdPeriph_Driver/src/stm32f4xx_gpio.o
                              0x6d217 (size before relaxing)
 .debug_str     0x0006d108      0xe76 StdPeriph_Driver/src/stm32f4xx_rcc.o
                              0x6ddf3 (size before relaxing)
 .debug_str     0x0006df7e      0x40c StdPeriph_Driver/src/stm32f4xx_syscfg.o
                              0x6d335 (size before relaxing)
 .debug_str     0x0006e38a      0x53a StdPeriph_Driver/src/stm32f4xx_usart.o
                              0x6d52a (size before relaxing)
 .debug_str     0x0006e8c4     0x9f5a Third-Party/FreeRTOS/org/Source/list.o
                               0xdcb1 (size before relaxing)
 .debug_str     0x0007881e     0x16bf Third-Party/FreeRTOS/org/Source/queue.o
                               0xf363 (size before relaxing)
 .debug_str     0x00079edd     0x1c5d Third-Party/FreeRTOS/org/Source/tasks.o
                              0x10137 (size before relaxing)
 .debug_str     0x0007bb3a      0x514 Third-Party/FreeRTOS/org/Source/timers.o
                               0xf7b4 (size before relaxing)
 .debug_str     0x0007c04e      0x7fb Third-Party/FreeRTOS/org/Source/portable/GCC/ARM_CM4F/port.o
                               0xbe4b (size before relaxing)
 .debug_str     0x0007c849      0x249 Third-Party/FreeRTOS/org/Source/portable/MemMang/heap_4.o
                               0xe4a4 (size before relaxing)
 .debug_str     0x0007ca92      0x174 Third-Party/SEGGER/Config/SEGGER_SYSVIEW_Config_FreeRTOS.o
                               0xa8ce (size before relaxing)
 .debug_str     0x0007cc06       0xfb Third-Party/SEGGER/OS/SEGGER_SYSVIEW_FreeRTOS.o
                               0xe2a4 (size before relaxing)
 .debug_str     0x0007cd01      0xf24 Third-Party/SEGGER/SEGGER/SEGGER_RTT.o
                               0x7164 (size before relaxing)
 .debug_str     0x0007dc25     0x1356 Third-Party/SEGGER/SEGGER/SEGGER_SYSVIEW.o
                               0x9090 (size before relaxing)
 .debug_str     0x0007ef7b     0x19e0 src/main.o
                              0x790ff (size before relaxing)
 .debug_str     0x0008095b       0xce src/system_stm32f4xx.o
                              0x6d176 (size before relaxing)
 .debug_str     0x00080a29       0x29 startup/startup_stm32.o
                                 0x7a (size before relaxing)

.comment        0x00000000       0x7f
 .comment       0x00000000       0x7f StdPeriph_Driver/src/stm32f4xx_exti.o
                                 0x80 (size before relaxing)
 .comment       0x0000007f       0x80 StdPeriph_Driver/src/stm32f4xx_gpio.o
 .comment       0x0000007f       0x80 StdPeriph_Driver/src/stm32f4xx_rcc.o
 .comment       0x0000007f       0x80 StdPeriph_Driver/src/stm32f4xx_syscfg.o
 .comment       0x0000007f       0x80 StdPeriph_Driver/src/stm32f4xx_usart.o
 .comment       0x0000007f       0x80 Third-Party/FreeRTOS/org/Source/list.o
 .comment       0x0000007f       0x80 Third-Party/FreeRTOS/org/Source/queue.o
 .comment       0x0000007f       0x80 Third-Party/FreeRTOS/org/Source/tasks.o
 .comment       0x0000007f       0x80 Third-Party/FreeRTOS/org/Source/timers.o
 .comment       0x0000007f       0x80 Third-Party/FreeRTOS/org/Source/portable/GCC/ARM_CM4F/port.o
 .comment       0x0000007f       0x80 Third-Party/FreeRTOS/org/Source/portable/MemMang/heap_4.o
 .comment       0x0000007f       0x80 Third-Party/SEGGER/Config/SEGGER_SYSVIEW_Config_FreeRTOS.o
 .comment       0x0000007f       0x80 Third-Party/SEGGER/OS/SEGGER_SYSVIEW_FreeRTOS.o
 .comment       0x0000007f       0x80 Third-Party/SEGGER/SEGGER/SEGGER_RTT.o
 .comment       0x0000007f       0x80 Third-Party/SEGGER/SEGGER/SEGGER_SYSVIEW.o
 .comment       0x0000007f       0x80 src/main.o
 .comment       0x0000007f       0x80 src/system_stm32f4xx.o

.debug_frame    0x00000000     0x3dd4
 .debug_frame   0x00000000      0x148 StdPeriph_Driver/src/stm32f4xx_exti.o
 .debug_frame   0x00000148      0x23c StdPeriph_Driver/src/stm32f4xx_gpio.o
 .debug_frame   0x00000384      0x904 StdPeriph_Driver/src/stm32f4xx_rcc.o
 .debug_frame   0x00000c88      0x11c StdPeriph_Driver/src/stm32f4xx_syscfg.o
 .debug_frame   0x00000da4      0x490 StdPeriph_Driver/src/stm32f4xx_usart.o
 .debug_frame   0x00001234       0xd8 Third-Party/FreeRTOS/org/Source/list.o
 .debug_frame   0x0000130c      0x540 Third-Party/FreeRTOS/org/Source/queue.o
 .debug_frame   0x0000184c      0x8bc Third-Party/FreeRTOS/org/Source/tasks.o
 .debug_frame   0x00002108      0x368 Third-Party/FreeRTOS/org/Source/timers.o
 .debug_frame   0x00002470      0x1a8 Third-Party/FreeRTOS/org/Source/portable/GCC/ARM_CM4F/port.o
 .debug_frame   0x00002618      0x108 Third-Party/FreeRTOS/org/Source/portable/MemMang/heap_4.o
 .debug_frame   0x00002720       0x48 Third-Party/SEGGER/Config/SEGGER_SYSVIEW_Config_FreeRTOS.o
 .debug_frame   0x00002768      0x100 Third-Party/SEGGER/OS/SEGGER_SYSVIEW_FreeRTOS.o
 .debug_frame   0x00002868      0x554 Third-Party/SEGGER/SEGGER/SEGGER_RTT.o
 .debug_frame   0x00002dbc      0xbc4 Third-Party/SEGGER/SEGGER/SEGGER_SYSVIEW.o
 .debug_frame   0x00003980      0x1a8 src/main.o
 .debug_frame   0x00003b28       0x7c src/system_stm32f4xx.o
 .debug_frame   0x00003ba4       0x2c c:/ac6/systemworkbench/plugins/fr.ac6.mcu.externaltools.arm-none.win32_1.17.0.201812190825/tools/compiler/bin/../lib/gcc/arm-none-eabi/7.3.1/../../../../arm-none-eabi/lib/thumb/v7e-m/fpv4-sp/hard\libc.a(lib_a-init.o)
 .debug_frame   0x00003bd0       0x38 c:/ac6/systemworkbench/plugins/fr.ac6.mcu.externaltools.arm-none.win32_1.17.0.201812190825/tools/compiler/bin/../lib/gcc/arm-none-eabi/7.3.1/../../../../arm-none-eabi/lib/thumb/v7e-m/fpv4-sp/hard\libc.a(lib_a-memcmp.o)
 .debug_frame   0x00003c08       0x38 c:/ac6/systemworkbench/plugins/fr.ac6.mcu.externaltools.arm-none.win32_1.17.0.201812190825/tools/compiler/bin/../lib/gcc/arm-none-eabi/7.3.1/../../../../arm-none-eabi/lib/thumb/v7e-m/fpv4-sp/hard\libc.a(lib_a-memset.o)
 .debug_frame   0x00003c40       0x5c c:/ac6/systemworkbench/plugins/fr.ac6.mcu.externaltools.arm-none.win32_1.17.0.201812190825/tools/compiler/bin/../lib/gcc/arm-none-eabi/7.3.1/../../../../arm-none-eabi/lib/thumb/v7e-m/fpv4-sp/hard\libc.a(lib_a-__call_atexit.o)
 .debug_frame   0x00003c9c       0x20 c:/ac6/systemworkbench/plugins/fr.ac6.mcu.externaltools.arm-none.win32_1.17.0.201812190825/tools/compiler/bin/../lib/gcc/arm-none-eabi/7.3.1/../../../../arm-none-eabi/lib/thumb/v7e-m/fpv4-sp/hard\libc.a(lib_a-atexit.o)
 .debug_frame   0x00003cbc       0x34 c:/ac6/systemworkbench/plugins/fr.ac6.mcu.externaltools.arm-none.win32_1.17.0.201812190825/tools/compiler/bin/../lib/gcc/arm-none-eabi/7.3.1/../../../../arm-none-eabi/lib/thumb/v7e-m/fpv4-sp/hard\libc.a(lib_a-fini.o)
 .debug_frame   0x00003cf0       0xb0 c:/ac6/systemworkbench/plugins/fr.ac6.mcu.externaltools.arm-none.win32_1.17.0.201812190825/tools/compiler/bin/../lib/gcc/arm-none-eabi/7.3.1/../../../../arm-none-eabi/lib/thumb/v7e-m/fpv4-sp/hard\libc.a(lib_a-lock.o)
 .debug_frame   0x00003da0       0x34 c:/ac6/systemworkbench/plugins/fr.ac6.mcu.externaltools.arm-none.win32_1.17.0.201812190825/tools/compiler/bin/../lib/gcc/arm-none-eabi/7.3.1/../../../../arm-none-eabi/lib/thumb/v7e-m/fpv4-sp/hard\libc.a(lib_a-__atexit.o)
